공간군: Pca2_1
거울면이 되는 지표 (여기서는 chirality=0 강제): [1, 2]
편극축 지표 (Weyl 가능)                      : [3]
   op0  R대각=[1 1 1]  t=[0. 0. 0.]
   op1  R대각=[-1 -1  1]  t=[-0.   0.   0.5]
   op2  R대각=[-1  1  1]  t=[0.5 0.  0.5]
   op3  R대각=[ 1 -1  1]  t=[0.5 0.  0. ]
  k1 0/61
  k1 10/61
  k1 20/61
  k1 30/61
  k1 40/61
  k1 50/61
  k1 60/61

쐐기 최소 gap = 1.9223e-10
gap<0.020 국소최소 47개
  거울면으로 수렴/거울면 위 : 42개  (chirality 0 강제)
  일반 위치에 남은 것       : 5개
   k=(0.4156983,0.0969192,0.5000000)  gap=0.000e+00
   k=(0.2069903,0.3847926,0.5000000)  gap=0.000e+00
   k=(0.3363055,0.2366380,0.5000000)  gap=1.776e-15
   k=(0.1804787,0.0717123,-0.0000000)  gap=1.599e-14
   k=(0.2515753,0.3939171,0.4290305)  gap=3.020e-14

weyl_candidates.dat 저장. Simphony WEYL_CHIRALITY 카드에 넣어 확인하세요.
