source/parent_pristine  k=(0.146493, 0.072440, 0.000000)

  mode 16 (band 17)  w = 10.085245 THz   총 각운동량 L = (+0.1306, -0.0000, -0.1777) hbar
    원자   |a|     |b|    원형도   타원면 법선(cart)          |l_j|
    Hf   0.0644  0.0507   0.970    (-0.988,+0.099,+0.121)    0.0065
    Hf   0.0480  0.0712   0.718    (-0.255,+0.922,+0.291)    0.0053
    Hf   0.0773  0.0373   0.718    (-0.255,-0.922,+0.291)    0.0053
    Hf   0.0553  0.0605   0.970    (-0.988,-0.099,+0.121)    0.0065
    O    0.1663  0.2849   0.870    (+0.818,+0.290,-0.496)    0.0946
    O    0.1682  0.1981   0.636    (-0.301,-0.272,+0.914)    0.0429
    O    0.3060  0.2939   0.732    (-0.469,+0.199,-0.860)    0.1318
    O    0.1940  0.3031   0.592    (+0.920,-0.034,+0.391)    0.0766
    O    0.1696  0.3890   0.732    (-0.469,-0.199,-0.860)    0.1318
    O    0.1518  0.3263   0.592    (+0.920,+0.034,+0.391)    0.0766
    O    0.0946  0.2421   0.636    (-0.301,+0.272,+0.914)    0.0429
    O    0.2440  0.2219   0.870    (+0.818,-0.290,-0.496)    0.0946
    타원면 법선 흩어짐: 최대 89.2도, 평균 56.0도 (진폭 가장 큰 원자 기준)

  mode 17 (band 18)  w = 10.088264 THz   총 각운동량 L = (-0.0757, +0.0000, -0.0275) hbar
    원자   |a|     |b|    원형도   타원면 법선(cart)          |l_j|
    Hf   0.0960  0.0680   0.789    (+0.461,+0.655,+0.599)    0.0109
    Hf   0.0756  0.0992   0.816    (-0.191,-0.183,-0.964)    0.0127
    Hf   0.1023  0.0714   0.816    (-0.191,+0.183,-0.964)    0.0127
    Hf   0.0687  0.0955   0.789    (+0.461,-0.655,+0.599)    0.0109
    O    0.1486  0.1880   0.942    (-0.865,-0.499,+0.061)    0.0541
    O    0.1634  0.1627   0.794    (+0.984,-0.084,-0.156)    0.0422
    O    0.2893  0.3499   0.572    (-0.022,-0.829,-0.559)    0.1180
    O    0.3673  0.1377   0.597    (-0.356,-0.656,+0.666)    0.0918
    O    0.4104  0.1942   0.572    (-0.022,+0.829,-0.559)    0.1180
    O    0.2888  0.2655   0.597    (-0.356,+0.656,+0.666)    0.0918
    O    0.1101  0.2026   0.794    (+0.984,+0.084,-0.156)    0.0422
    O    0.1792  0.1591   0.942    (-0.865,+0.499,+0.061)    0.0541
    타원면 법선 흩어짐: 최대 89.7도, 평균 57.9도 (진폭 가장 큰 원자 기준)
