source/parent_pristine  k=(0.000000, 0.000000, 0.250000)

  mode 16 (band 17)  w = 9.721084 THz   총 각운동량 L = (+0.0000, +0.0000, -0.0000) hbar
    원자   |a|     |b|    원형도   타원면 법선(cart)          |l_j|
    Hf   0.1057  0.0538   0.800    (-0.144,+0.963,-0.228)    0.0113
    Hf   0.1057  0.0538   0.800    (+0.144,-0.963,-0.228)    0.0113
    Hf   0.1057  0.0538   0.800    (-0.144,-0.963,+0.228)    0.0113
    Hf   0.1057  0.0538   0.800    (+0.144,+0.963,+0.228)    0.0113
    O    0.1698  0.0917   0.729    (-0.916,-0.365,-0.165)    0.0272
    O    0.1698  0.0917   0.729    (+0.916,+0.365,-0.165)    0.0272
    O    0.4406  0.0677   0.261    (-0.882,-0.220,-0.417)    0.0519
    O    0.4406  0.0677   0.261    (+0.882,+0.220,-0.417)    0.0519
    O    0.4406  0.0677   0.261    (+0.882,-0.220,+0.417)    0.0519
    O    0.4406  0.0677   0.261    (-0.882,+0.220,+0.417)    0.0519
    O    0.1698  0.0917   0.729    (-0.916,+0.365,+0.165)    0.0272
    O    0.1698  0.0917   0.729    (+0.916,-0.365,+0.165)    0.0272
    타원면 법선 흩어짐: 최대 89.4도, 평균 48.2도 (진폭 가장 큰 원자 기준)

  mode 17 (band 18)  w = 10.132917 THz   총 각운동량 L = (-0.0000, +0.0000, -0.0000) hbar
    원자   |a|     |b|    원형도   타원면 법선(cart)          |l_j|
    Hf   0.1089  0.0128   0.225    (+0.997,+0.069,+0.033)    0.0027
    Hf   0.1089  0.0128   0.225    (-0.997,-0.069,+0.033)    0.0027
    Hf   0.1089  0.0128   0.225    (+0.997,-0.069,-0.033)    0.0027
    Hf   0.1089  0.0128   0.225    (-0.997,+0.069,-0.033)    0.0027
    O    0.1956  0.1324   0.665    (+0.453,+0.877,+0.161)    0.0371
    O    0.1956  0.1324   0.665    (-0.453,-0.877,+0.161)    0.0371
    O    0.4117  0.1126   0.363    (+0.115,+0.956,+0.272)    0.0661
    O    0.4117  0.1126   0.363    (-0.115,-0.956,+0.272)    0.0661
    O    0.4117  0.1126   0.363    (-0.115,+0.956,-0.272)    0.0661
    O    0.4117  0.1126   0.363    (+0.115,-0.956,-0.272)    0.0661
    O    0.1956  0.1324   0.665    (+0.453,-0.877,-0.161)    0.0371
    O    0.1956  0.1324   0.665    (-0.453,+0.877,-0.161)    0.0371
    타원면 법선 흩어짐: 최대 87.8도, 평균 45.2도 (진폭 가장 큰 원자 기준)
