source/parent_pristine  k=(0.300000, 0.250000, 0.180000)

  mode 16 (band 17)  w = 10.736005 THz   총 각운동량 L = (+0.1169, -0.0174, -0.0109) hbar
    원자   |a|     |b|    원형도   타원면 법선(cart)          |l_j|
    Hf   0.0987  0.0516   0.799    (-0.679,+0.288,+0.675)    0.0099
    Hf   0.0384  0.0864   0.708    (+0.291,-0.520,-0.803)    0.0063
    Hf   0.0917  0.0241   0.148    (+0.842,-0.127,-0.524)    0.0013
    Hf   0.0442  0.0713   0.260    (+0.310,-0.951,-0.015)    0.0018
    O    0.2756  0.1681   0.538    (+0.634,+0.409,-0.657)    0.0561
    O    0.2406  0.1874   0.451    (+0.621,-0.055,+0.782)    0.0419
    O    0.2487  0.3177   0.617    (+0.280,-0.182,-0.942)    0.1005
    O    0.1177  0.3436   0.561    (+0.614,-0.226,+0.757)    0.0740
    O    0.3842  0.2555   0.313    (+0.717,+0.460,-0.524)    0.0666
    O    0.3032  0.2235   0.885    (-0.662,-0.230,+0.713)    0.1255
    O    0.1751  0.1245   0.161    (+0.900,+0.400,+0.170)    0.0074
    O    0.1945  0.1788   0.414    (+0.473,-0.187,-0.861)    0.0289
    타원면 법선 흩어짐: 최대 89.4도, 평균 47.3도 (진폭 가장 큰 원자 기준)

  mode 17 (band 18)  w = 11.018624 THz   총 각운동량 L = (+0.0520, +0.0435, -0.2213) hbar
    원자   |a|     |b|    원형도   타원면 법선(cart)          |l_j|
    Hf   0.0921  0.0344   0.360    (+0.801,+0.302,+0.516)    0.0035
    Hf   0.0653  0.0888   0.794    (+0.679,-0.158,+0.717)    0.0096
    Hf   0.0224  0.0504   0.708    (-0.118,-0.448,-0.886)    0.0022
    Hf   0.0163  0.1075   0.259    (+0.997,-0.047,-0.059)    0.0031
    O    0.1384  0.0863   0.659    (-0.093,-0.586,-0.805)    0.0175
    O    0.1737  0.0727   0.612    (+0.513,+0.689,-0.511)    0.0217
    O    0.2707  0.3684   0.954    (-0.788,+0.191,-0.585)    0.1994
    O    0.2818  0.4323   0.854    (+0.534,-0.502,-0.680)    0.2273
    O    0.4655  0.1892   0.684    (+0.657,+0.724,+0.210)    0.1726
    O    0.2999  0.1148   0.554    (-0.886,-0.150,+0.439)    0.0571
    O    0.1841  0.0555   0.547    (+0.733,+0.104,+0.672)    0.0202
    O    0.0813  0.1636   0.403    (-0.866,-0.150,-0.476)    0.0134
    타원면 법선 흩어짐: 최대 87.4도, 평균 63.2도 (진폭 가장 큰 원자 기준)
