=== 이온(ferron) 유전 기여  eps^ion  (eps_inf 는 별도) ===
[[18.091 -0.     0.   ]
 [-0.    16.473 -0.   ]
 [ 0.    -0.    14.06 ]]
  대각: (18.09, 16.47, 14.06)   평균 16.21

  모드별 기여 (평균 대각 기준, 상위 10개)
   band 12    7.128 THz     3.623  ( 22.4%)
   band 15    8.172 THz     2.434  ( 15.0%)
   band 20   10.233 THz     2.390  ( 14.7%)
   band 22   11.615 THz     2.001  ( 12.3%)
   band 23   11.913 THz     1.744  ( 10.8%)
   band 10    4.902 THz     1.703  ( 10.5%)
   band  4    3.704 THz     0.525  (  3.2%)
   band 25   13.942 THz     0.485  (  3.0%)
   band  8    4.287 THz     0.211  (  1.3%)
   band 13    7.340 THz     0.175  (  1.1%)

  노드 에너지 10.09±0.5 THz 모드들의 합계 기여: 2.672 (16.5%)

=== BZ 전체 모드 쌍극자 |p| 분포 (e·Å) ===
  |p| 전 밴드 x 전 BZ            중앙값 0.0969 평균 0.1052 90%분위 0.1894 최대 0.3223
  |p| band 17,18             중앙값 0.1388 평균 0.1382 90%분위 0.2200 최대 0.2891
  |p| 노드 에너지 ±0.10           중앙값 0.0631 평균 0.0712 90%분위 0.1223 최대 0.1734

  쌍극자 원형도 전체                 중앙값 0.4175 평균 0.4502 90%분위 0.8513 최대 0.9995
  쌍극자 원형도 b17,18             중앙값 0.3655 평균 0.4050 90%분위 0.7389 최대 0.9965
  쌍극자 원형도 노드에너지              중앙값 0.3371 평균 0.3966 90%분위 0.7497 최대 0.9965
