
===== Γ (IR 활성 = 강유전 소프트모드 계열)  k=(0.00000,0.00000,0.00000)
  밴드   w(THz)   |Zv|(e/√u)  |p|(e·Å)  쌍극자 원형도   L(ħ)
    1    -0.0000     0.0000     0.0000     0.000      0.000
    2     0.0000     0.0000     0.0000     0.000      0.000
    3     0.0000     0.0000     0.0000     0.000      0.000
    4     3.7039     0.2525     0.0933     0.000      0.000
    5     3.8020     0.0000     0.0000     0.000      0.000
    6     3.8484     0.0593     0.0215     0.000      0.000
    7     4.2249     0.0000     0.0000     0.000      0.000
    8     4.2866     0.1855     0.0637     0.000      0.000
    9     4.5629     0.0000     0.0000     0.000      0.000
   10     4.9022     0.6020     0.1933     0.000      0.000
   11     7.1225     0.1155     0.0308     0.000      0.000
   12     7.1282     1.2766     0.3399     0.000      0.000
   13     7.3404     0.2887     0.0758     0.000      0.000
   14     7.6862     0.2854     0.0732     0.000      0.000
   15     8.1719     1.1994     0.2983     0.000      0.000
   16     9.2401     0.0000     0.0000     0.000      0.000
   17     9.7933     0.3840     0.0872     0.000      0.000
   18     9.9835     0.1627     0.0366     0.000      0.000
   19    10.0231     0.2638     0.0592     0.000      0.000
   20    10.2335     1.4884     0.3308     0.000      0.000
   21    11.5741     0.1840     0.0384     0.000      0.000
   22    11.6148     1.5458     0.3224     0.000      0.000
   23    11.9126     1.4801     0.3049     0.000      0.000
   24    12.2999     0.0000     0.0000     0.000      0.000
   25    13.9419     0.9135     0.1739     0.000      0.000
   26    14.5575     0.0000     0.0000     0.000      0.000
   27    14.6418     0.3476     0.0646     0.000      0.000
   28    15.7809     0.5672     0.1015     0.000      0.000
   29    16.6073     0.2135     0.0372     0.000      0.000
   30    17.5233     0.0000     0.0000     0.000      0.000
   31    18.0769     0.2917     0.0488     0.000      0.000
   32    19.1710     0.3938     0.0639     0.000      0.000
   33    19.7664     0.0000     0.0000     0.000      0.000
   34    20.4672     0.0000     0.0000     0.000      0.000
   35    20.7617     0.1504     0.0235     0.000      0.000
   36    22.0976     0.5959     0.0901     0.000      0.000

  Γ 에서 가장 극성이 큰 5개 모드: band 22 (11.61 THz, |Zv|=1.55), band 20 (10.23 THz, |Zv|=1.49), band 23 (11.91 THz, |Zv|=1.48), band 12 (7.13 THz, |Zv|=1.28), band 15 (8.17 THz, |Zv|=1.20)

===== band 17-18 Weyl 노드 근방  k=(0.14649,0.07244,-0.00000)
  밴드   w(THz)   |Zv|(e/√u)  |p|(e·Å)  쌍극자 원형도   L(ħ)
   17    10.0852     0.2400     0.0537     0.926      0.221
   18    10.0883     0.6083     0.1362     0.645      0.081
