공간군: Pca2_1
거울면이 되는 지표 (여기서는 chirality=0 강제): [1, 2]
편극축 지표 (Weyl 가능)                      : [3]
   op0  R대각=[1 1 1]  t=[0. 0. 0.]
   op1  R대각=[-1 -1  1]  t=[0.  0.  0.5]
   op2  R대각=[-1  1  1]  t=[0.5 0.  0.5]
   op3  R대각=[ 1 -1  1]  t=[ 0.5 -0.   0. ]
  k1 0/41
  k1 10/41
  k1 20/41
  k1 30/41
  k1 40/41

쐐기 최소 gap = 4.9600e-08
gap<0.030 국소최소 47개
  거울면으로 수렴/거울면 위 : 40개  (chirality 0 강제)
  일반 위치에 남은 것       : 7개
   k=(0.3968129,0.3428222,0.3476382)  gap=3.553e-15
   k=(0.3968129,0.3428222,0.3476382)  gap=1.243e-14
   k=(0.1151299,0.3320865,0.0000000)  gap=1.599e-14
   k=(0.3014149,0.0216838,-0.0000000)  gap=1.776e-14
   k=(0.3188959,0.1276345,0.3247894)  gap=1.954e-14
   k=(0.3334458,0.1735790,0.3302764)  gap=1.954e-14
   k=(0.3334458,0.1735790,0.3302764)  gap=2.487e-14

weyl_candidates.dat 저장. Simphony WEYL_CHIRALITY 카드에 넣어 확인하세요.
