공간군: Pca2_1
거울면이 되는 지표 (여기서는 chirality=0 강제): [1, 2]
편극축 지표 (Weyl 가능)                      : [3]
   op0  R대각=[1 1 1]  t=[0. 0. 0.]
   op1  R대각=[-1 -1  1]  t=[-0.  -0.   0.5]
   op2  R대각=[-1  1  1]  t=[ 0.5 -0.   0.5]
   op3  R대각=[ 1 -1  1]  t=[ 0.5 -0.   0. ]
  k1 0/41
  k1 10/41
  k1 20/41
  k1 30/41
  k1 40/41

쐐기 최소 gap = 1.8401e-10
gap<0.020 국소최소 35개
  거울면으로 수렴/거울면 위 : 30개  (chirality 0 강제)
  일반 위치에 남은 것       : 5개
   k=(0.4230957,0.0919059,0.5000000)  gap=0.000e+00
   k=(0.3201510,0.3048336,0.5000000)  gap=1.776e-15
   k=(0.2319125,0.3747003,0.5000000)  gap=7.105e-15
   k=(0.1478131,0.0724353,0.0022871)  gap=2.487e-14
   k=(0.0121886,0.4478596,0.5000000)  gap=1.969e-10

weyl_candidates.dat 저장. Simphony WEYL_CHIRALITY 카드에 넣어 확인하세요.
