.d88888b  oo                      dP                                  
88.    "                          88                                  
`Y88888b. dP 88d8b.d8b.  88d888b. 88d888b. .d8888b. 88d888b. dP    dP 
      `8b 88 88 `88 `88  88   `88 88   `88 88   `88 88   `88 88    88 
d8    .8P 88 88  88  88  88.  .88 88    88 88.  .88 88    88 88.  .88 
 Y88888P  dP dP  dP  dP  88Y888P  dP    dP `88888P  dP    dP `8888P88 
oooooooooooooooooooooooo~88~oooooooooooooooooooooooooooooooooo~~~~.88~
                        dP                                   d8888P   
                                                           
                     Hi! You are now using Simphony              
                      Version 1.1.0     
                          I hope I can help!                   
                                                           
                        Author: Francesc Ballester              
                      Email: fballestermacia@gmail.com           
                      TODO: INCLUDE PAPER AND GITHUB              
                                                           
                 Now, let's start by reading your input file...    
 =====================================================================
                                                           
 You are using     1 CPU cores
  
   
 >>>Read some parameters from pn.in
 Tight-binding Hamiltonian filename : wannier90_hr.dat         
 Tight-binding Hamiltonian obtained from package : QE                       
   
 >>>Control parameters: 
 BulkBand_line_calc                :  T
 BulkBand_plane_calc               :  F
 BulkBand_unfold_line_calc         :  F
 BulkBand_unfold_plane_calc        :  F
 BulkFatBand_calc                  :  F
 BulkBand_cube_calc                :  F
 BulkFS_calc                       :  F
 BulkFS_Plane_calc                 :  F
 BulkFS_plane_stack_calc           :  F
 BulkGap_cube_calc                 :  F
 BulkGap_plane_calc                :  F
 SlabBand_calc                     :  F
 SlabBandWaveFunc_calc             :  F
 SlabSS_calc                       :  F
 SlabArc_calc                      :  F
 wanniercenter_calc                :  F
 BerryPhase_calc                   :  F
 BerryCurvature_calc               :  F
 BerryCurvature_EF_calc            :  F
 BerryCurvature_kpath_EF_calc      :  F
 BerryCurvature_Cube_calc          :  F
 BerryCurvature_slab_calc          :  F
 Dos_calc                          :  F
 Z2_3D_calc                        :  F
 WeylChirality_calc                :  F
 Chern_3D_calc                     :  F
 MirrorChern_calc                  :  F
 JDos_calc                         :  F
 SlabDos_calc                      :  F
 FindNodes_calc                    :  F
 EffectiveMass_calc                :  F
 LOTO_correction                   :  T
 apply_ASR                         :  F
 Write_eigenstates_at_HSP          :  F
   
 >>>System parameters: 
 NumSlabs :    10
 Nslab1 for ribbon  :     1
 Nslab2 for ribbon  :     1
 Number of Occupied bands:     1
 Fermi energy (eV) :        0.000000
 ijmax :    10
   
 >>>calculation parameters : 
 E_arc :          1.00000
 Eta_arc :          0.00500
 symprec :          0.00010
 EF_broadening :          0.05000
 Gap_threshold         0.00001
 OmegaMin :          0.50000
 OmegaMax :          1.50000
 OmegaNum :    100
 Nk1 :     50
 Nk2 :     50
 Nk3 :     50
 NP number of principle layers  :      5
 Tmin(Kelvin)  :        100.00000
 Tmax(Kelvin)  :        100.00000
 Rcut    999999.00000
 iprint_level               1
 RKF45_PERIODIC_LEVEL            1.00
 wcc_calc_tol         0.08000
 wcc_neighbour_tol         0.30000
 NumSelectedEigenVals     0
 NumRandomConfs:     1
 Projection weight mode:NORMAL              
  
 We found LATTICE card
>> lattice information (Angstrom)
           a           b           c       alpha        beta       gamma
    4.996880    5.018807    5.203003   47.625947   47.625947   47.625949
 Three Lattice vectors of the unfolded cell: 
    4.996880    0.000000    0.000000
    0.000000    5.018807    0.000000
    0.000000    0.000000    5.203003
>> Reciprocal lattice information (1/Angstrom)
           a           b           c       alpha        beta       gamma
    1.257422    1.251928    1.207608  170.075359  170.075357  170.075352
 Three reciprocal lattice vectors of the primitive cell: 
    1.257422   -0.000000   -0.000000
   -0.000000    1.251928   -0.000000
   -0.000000   -0.000000    1.207608
  
 We found ATOMS card
Origin_cell%Num_atoms   12
  
 
>> Atom position and mass of Original lattice
                                    Catesian(Ang)                  Fractional(Direct)                    Mass
------------------------------------------------------------------------------------------------------------------
 index  Atom Name            x           y           z           a           b           c       m
------------------------------------------------------------------------------------------------------------------
     1  Hf            1.338766    3.802713    0.173407    0.267920    0.757693    0.033328  178.490000
     2  Hf            1.338766    1.293309    2.428094    0.267920    0.257692    0.466672  178.490000
     3  Hf            3.658114    3.802713    2.774908    0.732080    0.757693    0.533328  178.490000
     4  Hf            3.658114    1.293309    5.029595    0.732080    0.257692    0.966672  178.490000
     5  O             0.361037    3.114698    1.915363    0.072252    0.620605    0.368126   15.999400
     6  O             0.361036    0.605294    0.686141    0.072252    0.120605    0.131874   15.999400
     7  O             2.295128    2.553079    3.824853    0.459312    0.508702    0.735124   15.999400
     8  O             2.295128    0.043676    3.979650    0.459312    0.008702    0.764876   15.999400
     9  O             2.701752    0.043676    1.378149    0.540688    0.008702    0.264876   15.999400
    10  O             2.701752    2.553079    1.223351    0.540688    0.508702    0.235124   15.999400
    11  O             4.635844    3.114698    4.516863    0.927748    0.620605    0.868126   15.999400
    12  O             4.635844    0.605294    3.287641    0.927748    0.120605    0.631874   15.999400
  
 >> Wannier centers from pn.in, in unit of unit lattice vectors
 iwann        R1        R2        R3         x         y         z
     1  0.267920  0.757693  0.033328  1.338766  3.802713  0.173407
     2  0.267920  0.757693  0.033328  1.338766  3.802713  0.173407
     3  0.267920  0.757693  0.033328  1.338766  3.802713  0.173407
     4  0.267920  0.257692  0.466672  1.338766  1.293309  2.428094
     5  0.267920  0.257692  0.466672  1.338766  1.293309  2.428094
     6  0.267920  0.257692  0.466672  1.338766  1.293309  2.428094
     7  0.732080  0.757693  0.533328  3.658114  3.802713  2.774908
     8  0.732080  0.757693  0.533328  3.658114  3.802713  2.774908
     9  0.732080  0.757693  0.533328  3.658114  3.802713  2.774908
    10  0.732080  0.257692  0.966672  3.658114  1.293309  5.029595
    11  0.732080  0.257692  0.966672  3.658114  1.293309  5.029595
    12  0.732080  0.257692  0.966672  3.658114  1.293309  5.029595
    13  0.072252  0.620605  0.368126  0.361037  3.114698  1.915363
    14  0.072252  0.620605  0.368126  0.361037  3.114698  1.915363
    15  0.072252  0.620605  0.368126  0.361037  3.114698  1.915363
    16  0.072252  0.120605  0.131874  0.361036  0.605294  0.686141
    17  0.072252  0.120605  0.131874  0.361036  0.605294  0.686141
    18  0.072252  0.120605  0.131874  0.361036  0.605294  0.686141
    19  0.459312  0.508702  0.735124  2.295128  2.553079  3.824853
    20  0.459312  0.508702  0.735124  2.295128  2.553079  3.824853
    21  0.459312  0.508702  0.735124  2.295128  2.553079  3.824853
    22  0.459312  0.008702  0.764876  2.295128  0.043676  3.979650
    23  0.459312  0.008702  0.764876  2.295128  0.043676  3.979650
    24  0.459312  0.008702  0.764876  2.295128  0.043676  3.979650
    25  0.540688  0.008702  0.264876  2.701752  0.043676  1.378149
    26  0.540688  0.008702  0.264876  2.701752  0.043676  1.378149
    27  0.540688  0.008702  0.264876  2.701752  0.043676  1.378149
    28  0.540688  0.508702  0.235124  2.701752  2.553079  1.223351
    29  0.540688  0.508702  0.235124  2.701752  2.553079  1.223351
    30  0.540688  0.508702  0.235124  2.701752  2.553079  1.223351
    31  0.927748  0.620605  0.868126  4.635844  3.114698  4.516863
    32  0.927748  0.620605  0.868126  4.635844  3.114698  4.516863
    33  0.927748  0.620605  0.868126  4.635844  3.114698  4.516863
    34  0.927748  0.120605  0.631874  4.635844  0.605294  3.287641
    35  0.927748  0.120605  0.631874  4.635844  0.605294  3.287641
    36  0.927748  0.120605  0.631874  4.635844  0.605294  3.287641
  
 We found SURFACE card
 
>> new vectors to define the surface (in unit of lattice vector)
 The 1st vector on surface     :    1.000000    0.000000    0.000000
 The 2nd vector on surface     :    0.000000    1.000000    0.000000
 The 3rd vector out of surface :   -0.000000   -0.000000    1.000000
  
 The rotated new unit cell (Angstrom): 
    4.996880    0.000000    0.000000
    0.000000    5.018807    0.000000
    0.000000    0.000000    5.203003
New cell's Volume is          130.48286Ang^3
  
 Fractional coordinates of atoms in units of new lattice vectors : 
Hf      0.267920    0.757693    0.033328
Hf      0.267920    0.257692    0.466672
Hf      0.732080    0.757693    0.533328
Hf      0.732080    0.257692    0.966672
O       0.072252    0.620605    0.368126
O       0.072252    0.120605    0.131874
O       0.459312    0.508702    0.735124
O       0.459312    0.008702    0.764876
O       0.540688    0.008702    0.264876
O       0.540688    0.508702    0.235124
O       0.927748    0.620605    0.868126
O       0.927748    0.120605    0.631874
  
 
 >> Top surface atom is      4 Hf        
 
 2D Primitive Cell_Volume:    25.078376779447403     
 Ra2, Rb2
    4.9969    0.0000
    0.0000    5.0188
 Ka2, Kb2
    0.3521   -0.0000
   -0.0000    0.3506
  
 We found KPATH_BULK card
Number of K lines :     9
 G      0.0000   0.0000   0.0000  X       0.0000   0.0000   0.5000
 X      0.0000   0.0000   0.5000  S       0.5000   0.0000   0.5000
 S      0.5000   0.0000   0.5000  Y       0.5000   0.0000   0.0000
 Y      0.5000   0.0000   0.0000  G       0.0000   0.0000   0.0000
 G      0.0000   0.0000   0.0000  Z       0.0000   0.5000   0.0000
 Z      0.0000   0.5000   0.0000  U       0.0000   0.5000   0.5000
 U      0.0000   0.5000   0.5000  R       0.5000   0.5000   0.5000
 R      0.5000   0.5000   0.5000  T       0.5000   0.5000   0.0000
 T      0.5000   0.5000   0.0000  Z       0.0000   0.5000   0.0000
  
 We found KPATH_SLAB card
 k lines for 2D system
 No. of k lines for 2D system :            3
  G     0.00000  0.00000    X       0.50000  0.00000
  X     0.50000  0.00000    M       0.50000  0.50000
  M     0.50000  0.50000    G       0.00000  0.00000
  
 We found KPLANE_SLAB card
 >> Kpoints plane for 2D system--> arcs  
K2D_start: -0.5000 -0.5000
The first vector:   1.0000  0.0000
The second vector:   0.0000  1.0000
  
 We found KPLANE_BULK card
 >> Kpoints plane for 3D system--> gapshape  
k3D_start :  -0.0000 -0.0000 -0.0000
The 1st vector:   1.0000  0.0000  0.0000
The 2nd vector:   0.0000  1.0000  0.0000
  
 We found KCUBE_BULK card
 >> Kpoints cube for 3D system--> gapshape3D  
k3D_start : -0.0000 -0.0000 -0.0000
The 1st vector:   1.0000  0.0000  0.0000
The 2nd vector:   0.0000  1.0000  0.0000
The 3rd vector:   0.0000  0.0000  1.0000
kCubeVolume:   1.9010
Origin_cell%ReciprocalCellVolume:   1.9010
  
  
 >> Using default parameters for Kpoint_3D
>> k points  0.0000 0.0000 0.0000 in unit of reciprocal primitive cell
>> k points  0.0000 0.0000 0.0000 in Cartesian coordinates
  
 >> Using default parameters for effective mass calculation
 >> Effective mass calculation parameters  
>> The     1'th band
>> k step  0.0100 in unit of 1/Angstrom
>> k points  0.0000 0.0000 0.0000 in unit of reciprocal primitive cell
>> k points  0.0000 0.0000 0.0000 in unit of 1/Angstrom
  
 >> We use the default values for k3points_pointmode_direct=[0,0,0]
 >> and Nk3_point_mode = 1
  
 >> We use the default values for Single_KPOINT_2D_DIRECT=[0,0]
  
 >> We use the default values for Single_KPOINT_3D_DIRECT=[0,0,0]
 >> Output all atoms weight for surface state spectrum
 > NtopAtoms           12
> TopAtoms 
     1     2     3     4     5     6     7     8     9    10
    11    12
> NbottomAtoms         12
> BottomAtoms 
     1     2     3     4     5     6     7     8     9    10
    11    12
 > NtopOrbitals           36
> TopOrbitals 
     1     2     3     4     5     6     7     8     9    10
    11    12    13    14    15    16    17    18    19    20
    21    22    23    24    25    26    27    28    29    30
    31    32    33    34    35    36
> NBottomOrbitals   36
> BottomOrbitals 
     1     2     3     4     5     6     7     8     9    10
    11    12    13    14    15    16    17    18    19    20
    21    22    23    24    25    26    27    28    29    30
    31    32    33    34    35    36
  
 >> We do not calculate chirality for nodal lines
  
 We found WEYL_CHIRALITY card
 
Weyl point positions
        kx        ky        kz        k1        k2        k3
  -0.62871   0.00000   0.00000  -0.50000   0.00000   0.00000
  -0.00000   0.62596  -0.00000  -0.00000   0.50000  -0.00000
 
  
  
>> There are    1 groups of SelectedAtoms
Group :   1
>> Number of atoms selected        12
>> Selected atoms are
    1  Hf            2  Hf            3  Hf            4  Hf            5  O             6  O             7  O             8  O             9  O            10  O         
   11  O            12  O         
  
>> There are   1 groups of SelectedOrbitals
 >> SelectedOrbitals
>> Number of orbitals selected (exclude spin degenarcy)        36
>> Orbitals are
       1       2       3       4       5       6       7       8       9      10      11      12
      13      14      15      16      17      18      19      20      21      22      23      24
      25      26      27      28      29      30      31      32      33      34      35      36
  
 We found SELECTED_OCCUPIED_BANDS card
  
 >> SELECTED_OCCUPIED_BANDS
>> Number of Occupied bands selected          3
>> OccupiedBand indices are
     1     2     3
  
  
 >> SELECTEDBANDS
>> Number of bands selected         36
>> Band indices are
     1     2     3     4     5     6     7     8     9    10    11    12
    13    14    15    16    17    18    19    20    21    22    23    24
    25    26    27    28    29    30    31    32    33    34    35    36
  
  
 We found LOTO_DT card for LOTO correction
Diele_tensor(1,:)     5.22424    -0.00000    -0.00000
Diele_tensor(2,:)     0.00000     4.98888     0.00000
Diele_tensor(3,:)     0.00000    -0.00000     4.99157
  
 We found LOTO_BC card for LOTO correction
Born_Charge for atom   1  Hf    
     5.45812     0.14236    -0.35968
     0.22506     4.98781    -0.04061
    -0.01457     0.04028     5.16730
Born_Charge for atom   2  Hf    
     5.45812     0.14236     0.35968
     0.22506     4.98781     0.04061
     0.01457    -0.04028     5.16730
Born_Charge for atom   3  Hf    
     5.45812    -0.14236     0.35968
    -0.22506     4.98781    -0.04061
     0.01457     0.04028     5.16730
Born_Charge for atom   4  Hf    
     5.45812    -0.14236    -0.35968
    -0.22506     4.98781     0.04061
    -0.01457    -0.04028     5.16730
Born_Charge for atom   5  O     
    -2.94125     0.68569     0.75705
     0.63328    -2.48474     0.32190
     0.95874     0.31237    -2.49154
Born_Charge for atom   6  O     
    -2.94125     0.68569    -0.75705
     0.63328    -2.48474    -0.32190
    -0.95874    -0.31237    -2.49154
Born_Charge for atom   7  O     
    -2.51687    -0.17362    -0.08653
    -0.12562    -2.50307    -0.28356
    -0.15080    -0.24997    -2.67576
Born_Charge for atom   8  O     
    -2.51687    -0.17362     0.08653
    -0.12562    -2.50307     0.28356
     0.15080     0.24997    -2.67576
Born_Charge for atom   9  O     
    -2.51687     0.17362    -0.08653
     0.12562    -2.50307     0.28356
    -0.15080     0.24997    -2.67576
Born_Charge for atom  10  O     
    -2.51687     0.17362     0.08653
     0.12562    -2.50307    -0.28356
     0.15080    -0.24997    -2.67576
Born_Charge for atom  11  O     
    -2.94125    -0.68569    -0.75705
    -0.63328    -2.48474     0.32190
    -0.95874     0.31237    -2.49154
Born_Charge for atom  12  O     
    -2.94125    -0.68569     0.75705
    -0.63328    -2.48474    -0.32190
     0.95874    -0.31237    -2.49154
  
 We found LOTO_INTERPOLATE card for LOTO interpolation to real space
 Grid interpolation parameters:          11          11          11
 <<<Read pn.in file successfully
 Time cost for readinput is about            0.009 s
  >> Begin to read Hmn_R.data
  
>>: Center position for zero electrical potential for adding electrical field    0.500000    0.379000    0.500000
 
  Note: This is not a 2D system or E=0, so we can't add electric field.
 
 
 >> Hopping parameters in the home unit cell
 >> H00= Hmn(R=0) real part
  0.825  0.121  0.023  0.071 -0.018 -0.019 -0.064  0.009 -0.046 -0.005  0.005  0.005 -0.146 -0.147  0.291  0.021  0.006 -0.021 -0.032  0.002  0.006  0.006  0.009 -0.026 -0.026 -0.042  0.025 -0.367  0.304 -0.298  0.018 -0.020  0.033  0.018  0.006 -0.012
  0.121  0.818 -0.030 -0.011 -0.068  0.036  0.001  0.058 -0.005  0.005 -0.003 -0.003 -0.120 -0.065  0.118  0.038  0.048 -0.019 -0.012  0.020 -0.027 -0.012  0.002  0.003  0.033 -0.030  0.047  0.336 -0.381  0.263  0.018  0.011  0.030  0.011  0.015  0.006
  0.023 -0.030  0.800 -0.031  0.087 -0.057 -0.022  0.004 -0.053 -0.001 -0.001  0.001  0.269  0.207 -0.600 -0.029 -0.007 -0.017 -0.003  0.017 -0.024  0.025 -0.008  0.024  0.023 -0.040 -0.001 -0.351  0.268 -0.299 -0.002 -0.008  0.004 -0.003  0.011  0.006
  0.071 -0.011 -0.031  0.825  0.121 -0.023 -0.065 -0.036 -0.006 -0.064 -0.001 -0.022 -0.101  0.172 -0.087 -0.146 -0.147 -0.291 -0.086 -0.227 -0.266  0.009  0.124 -0.077 -0.367  0.304  0.298 -0.126 -0.024  0.011 -0.025 -0.030 -0.037  0.002 -0.022  0.014
 -0.018 -0.068  0.087  0.121  0.818  0.030 -0.042 -0.059  0.003 -0.009  0.058 -0.004  0.242 -0.580  0.154 -0.120 -0.065 -0.118 -0.314 -0.450 -0.482  0.047 -0.138  0.061  0.336 -0.381 -0.263 -0.176 -0.218  0.184  0.006 -0.025  0.010 -0.006  0.019  0.000
 -0.019  0.036 -0.057 -0.023  0.030  0.800 -0.023 -0.005  0.066 -0.046  0.005 -0.053 -0.089  0.076 -0.125 -0.269 -0.207 -0.600 -0.241 -0.363 -0.387 -0.088  0.182 -0.240  0.351 -0.268 -0.299  0.157  0.136 -0.127  0.024  0.009 -0.009 -0.024 -0.018  0.010
 -0.064  0.001 -0.022 -0.065 -0.042 -0.023  0.825 -0.121 -0.023  0.071  0.018  0.019  0.002  0.022  0.014  0.026  0.001  0.028 -0.367 -0.304  0.298 -0.026  0.042 -0.025  0.011  0.032 -0.004  0.009 -0.124 -0.077 -0.146  0.147 -0.291  0.021 -0.006  0.021
  0.009  0.058  0.004 -0.036 -0.059 -0.005 -0.121  0.818 -0.030  0.011 -0.068  0.036  0.006  0.019 -0.000  0.003  0.022  0.010 -0.336 -0.381  0.263 -0.033 -0.030  0.047 -0.030 -0.030 -0.031 -0.047 -0.138 -0.061  0.120 -0.065  0.118 -0.038  0.048 -0.019
 -0.046 -0.005 -0.053 -0.006  0.003  0.066 -0.023 -0.030  0.800  0.031  0.087 -0.057 -0.024  0.018  0.010 -0.024 -0.003 -0.046  0.351  0.268 -0.299 -0.023 -0.040 -0.001  0.010  0.024 -0.013 -0.088 -0.182 -0.240 -0.269  0.207 -0.600  0.029 -0.007 -0.017
 -0.005  0.005 -0.001 -0.064 -0.009 -0.046  0.071  0.011  0.031  0.825 -0.121  0.023  0.038 -0.017 -0.003  0.018  0.020  0.033 -0.126  0.024 -0.011 -0.367 -0.304 -0.298 -0.032 -0.002  0.006  0.003 -0.004  0.026 -0.101 -0.172  0.087 -0.146  0.147  0.291
  0.005 -0.003 -0.001 -0.001  0.058  0.005  0.018 -0.068  0.087 -0.121  0.818  0.030  0.003 -0.027 -0.009 -0.018  0.011 -0.030  0.176 -0.218  0.184 -0.336 -0.381 -0.263  0.012  0.020  0.027 -0.005 -0.013 -0.018 -0.242 -0.580  0.154  0.120 -0.065 -0.118
  0.005 -0.003  0.001 -0.022 -0.004 -0.053  0.019  0.036 -0.057  0.023  0.030  0.800 -0.007 -0.003  0.012 -0.002  0.008  0.004 -0.157  0.136 -0.127 -0.351 -0.268 -0.299 -0.003 -0.017 -0.024 -0.017  0.028 -0.032  0.089  0.076 -0.125  0.269 -0.207 -0.600
 -0.146 -0.120  0.269 -0.101  0.242 -0.089  0.002  0.006 -0.024  0.038  0.003 -0.007  9.182 -2.648 -3.408 -0.030  0.047  0.047 -0.545  0.157 -0.319 -0.209  0.066 -0.163 -0.070 -0.068  0.140 -1.779  0.580  0.625  0.006  0.016  0.030 -0.006 -0.012  0.039
 -0.147 -0.065  0.207  0.172 -0.580  0.076  0.022  0.019  0.018 -0.017 -0.027 -0.003 -2.648  5.047 -0.509  0.049 -0.797 -0.379  0.171 -0.010  0.137  0.239 -0.165  0.408  0.227 -0.080 -0.304  0.428  0.061 -0.184  0.018 -0.019 -0.018  0.004  0.022 -0.009
  0.291  0.118 -0.600 -0.087  0.154 -0.125  0.014 -0.000  0.010 -0.003 -0.009  0.012 -3.408 -0.509  6.682  0.074 -0.358 -0.109 -0.282  0.160 -0.411  0.051 -0.046 -0.052 -0.219  0.160  0.113  0.654 -0.243 -0.034 -0.003 -0.023  0.011 -0.010 -0.012 -0.027
  0.021  0.038 -0.029 -0.146 -0.120 -0.269  0.026  0.003 -0.024  0.018 -0.018 -0.002 -0.030  0.049  0.074  9.182 -2.648  3.408 -0.310 -0.301 -0.207 -0.052  0.078  0.086 -1.779  0.580 -0.625 -0.218 -0.057 -0.042 -0.029  0.009 -0.003  0.006 -0.018 -0.003
  0.006  0.048 -0.007 -0.147 -0.065 -0.207  0.001  0.022 -0.003  0.020  0.011  0.008  0.047 -0.797 -0.358 -2.648  5.047  0.509 -0.022 -0.194 -0.039 -0.113  0.090 -0.173  0.428  0.061  0.184 -0.143 -0.216 -0.081 -0.014 -0.000  0.009 -0.016 -0.019  0.023
 -0.021 -0.019 -0.017 -0.291 -0.118 -0.600  0.028  0.010 -0.046  0.033 -0.030  0.004  0.047 -0.379 -0.109  3.408  0.509  6.682 -0.338 -0.560 -0.455 -0.048  0.147  0.010 -0.654  0.243 -0.034 -0.030 -0.045  0.007 -0.057 -0.002  0.010  0.030  0.018  0.011
 -0.032 -0.012 -0.003 -0.086 -0.314 -0.241 -0.367 -0.336  0.351 -0.126  0.176 -0.157 -0.545  0.171 -0.282 -0.310 -0.022 -0.338  5.651  1.168  0.956  0.163 -0.157  0.110  0.087 -0.129 -0.105  0.038  0.084  0.302 -1.779 -0.428 -0.654 -0.218  0.143  0.030
  0.002  0.020  0.017 -0.227 -0.450 -0.363 -0.304 -0.381  0.268  0.024 -0.218  0.136  0.157 -0.010  0.160 -0.301 -0.194 -0.560  1.168  8.466  0.775  0.115 -1.944  0.175  0.112 -0.003  0.082  0.076  0.062 -0.034 -0.580  0.061 -0.243  0.057 -0.216 -0.045
  0.006 -0.027 -0.024 -0.266 -0.482 -0.387  0.298  0.263 -0.299 -0.011  0.184 -0.127 -0.319  0.137 -0.411 -0.207 -0.039 -0.455  0.956  0.775  7.196  0.030  0.153  0.092  0.114  0.024  0.042  0.050  0.039 -1.355 -0.625 -0.184 -0.034  0.042 -0.081  0.007
  0.006 -0.012  0.025  0.009  0.047 -0.088 -0.026 -0.033 -0.023 -0.367 -0.336 -0.351 -0.209  0.239  0.051 -0.052 -0.113 -0.048  0.163  0.115  0.030  5.651  1.168 -0.956  0.038 -0.076  0.050  0.019  0.110 -0.088 -0.070 -0.227  0.219 -1.779 -0.428  0.654
  0.009  0.002 -0.008  0.124 -0.138  0.182  0.042 -0.030 -0.040 -0.304 -0.381 -0.268  0.066 -0.165 -0.046  0.078  0.090  0.147 -0.157 -1.944  0.153  1.168  8.466 -0.775 -0.084  0.062 -0.039 -0.035  0.036 -0.068  0.068 -0.080  0.160 -0.580  0.061  0.243
 -0.026  0.003  0.024 -0.077  0.061 -0.240 -0.025  0.047 -0.001 -0.298 -0.263 -0.299 -0.163  0.408 -0.052  0.086 -0.173  0.010  0.110  0.175  0.092 -0.956 -0.775  7.196  0.302  0.034 -1.355  0.076 -0.050  0.061 -0.140 -0.304  0.113  0.625  0.184 -0.034
 -0.026  0.033  0.023 -0.367  0.336  0.351  0.011 -0.030  0.010 -0.032  0.012 -0.003 -0.070  0.227 -0.219 -1.779  0.428 -0.654  0.087  0.112  0.114  0.038 -0.084  0.302  5.651 -1.168  0.956  0.163 -0.115 -0.030  0.061  0.010  0.028 -0.545 -0.171 -0.282
 -0.042 -0.030 -0.040  0.304 -0.381 -0.268  0.032 -0.030  0.024 -0.002  0.020 -0.017 -0.068 -0.080  0.160  0.580  0.061  0.243 -0.129 -0.003  0.024 -0.076  0.062  0.034 -1.168  8.466 -0.775  0.157 -1.944  0.153  0.040  0.055  0.042 -0.157 -0.010 -0.160
  0.025  0.047 -0.001  0.298 -0.263 -0.299 -0.004 -0.031 -0.013  0.006  0.027 -0.024  0.140 -0.304  0.113 -0.625  0.184 -0.034 -0.105  0.082  0.042  0.050 -0.039 -1.355  0.956 -0.775  7.196 -0.110  0.175  0.092  0.047 -0.013  0.062 -0.319 -0.137 -0.411
 -0.367  0.336 -0.351 -0.126 -0.176  0.157  0.009 -0.047 -0.088  0.003 -0.005 -0.017 -1.779  0.428  0.654 -0.218 -0.143 -0.030  0.038  0.076  0.050  0.019 -0.035  0.076  0.163  0.157 -0.110  5.651 -1.168 -0.956 -0.052  0.113 -0.048 -0.121 -0.018  0.068
  0.304 -0.381  0.268 -0.024 -0.218  0.136 -0.124 -0.138 -0.182 -0.004 -0.013  0.028  0.580  0.061 -0.243 -0.057 -0.216 -0.045  0.084  0.062  0.039  0.110  0.036 -0.050 -0.115 -1.944  0.175 -1.168  8.466  0.775 -0.078  0.090 -0.147 -0.005 -0.047 -0.059
 -0.298  0.263 -0.299  0.011  0.184 -0.127 -0.077 -0.061 -0.240  0.026 -0.018 -0.032  0.625 -0.184 -0.034 -0.042 -0.081  0.007  0.302 -0.034 -1.355 -0.088 -0.068  0.061 -0.030  0.153  0.092 -0.956  0.775  7.196  0.086  0.173  0.010  0.040 -0.024 -0.079
  0.018  0.018 -0.002 -0.025  0.006  0.024 -0.146  0.120 -0.269 -0.101 -0.242  0.089  0.006  0.018 -0.003 -0.029 -0.014 -0.057 -1.779 -0.580 -0.625 -0.070  0.068 -0.140  0.061  0.040  0.047 -0.052 -0.078  0.086  9.182  2.648  3.408 -0.030 -0.047 -0.047
 -0.020  0.011 -0.008 -0.030 -0.025  0.009  0.147 -0.065  0.207 -0.172 -0.580  0.076  0.016 -0.019 -0.023  0.009 -0.000 -0.002 -0.428  0.061 -0.184 -0.227 -0.080 -0.304  0.010  0.055 -0.013  0.113  0.090  0.173  2.648  5.047 -0.509 -0.049 -0.797 -0.379
  0.033  0.030  0.004 -0.037  0.010 -0.009 -0.291  0.118 -0.600  0.087  0.154 -0.125  0.030 -0.018  0.011 -0.003  0.009  0.010 -0.654 -0.243 -0.034  0.219  0.160  0.113  0.028  0.042  0.062 -0.048 -0.147  0.010  3.408 -0.509  6.682 -0.074 -0.358 -0.109
  0.018  0.011 -0.003  0.002 -0.006 -0.024  0.021 -0.038  0.029 -0.146  0.120  0.269 -0.006  0.004 -0.010  0.006 -0.016  0.030 -0.218  0.057  0.042 -1.779 -0.580  0.625 -0.545 -0.157 -0.319 -0.121 -0.005  0.040 -0.030 -0.049 -0.074  9.182  2.648 -3.408
  0.006  0.015  0.011 -0.022  0.019 -0.018 -0.006  0.048 -0.007  0.147 -0.065 -0.207 -0.012  0.022 -0.012 -0.018 -0.019  0.018  0.143 -0.216 -0.081 -0.428  0.061  0.184 -0.171 -0.010 -0.137 -0.018 -0.047 -0.024 -0.047 -0.797 -0.358  2.648  5.047  0.509
 -0.012  0.006  0.006  0.014  0.000  0.010  0.021 -0.019 -0.017  0.291 -0.118 -0.600  0.039 -0.009 -0.027 -0.003  0.023  0.011  0.030 -0.045  0.007  0.654  0.243 -0.034 -0.282 -0.160 -0.411  0.068 -0.059 -0.079 -0.047 -0.379 -0.109 -3.408  0.509  6.682
 
 >> H00= Hmn(R=0) imaginary part
  0.000  0.000  0.000  0.000  0.000  0.000  0.000  0.000  0.000  0.000  0.000  0.000  0.000  0.000  0.000  0.000  0.000  0.000  0.000  0.000  0.000  0.000  0.000  0.000  0.000  0.000  0.000  0.000  0.000  0.000  0.000  0.000  0.000  0.000  0.000  0.000
  0.000  0.000  0.000  0.000  0.000  0.000  0.000  0.000  0.000  0.000  0.000  0.000  0.000  0.000  0.000  0.000  0.000  0.000  0.000  0.000  0.000  0.000  0.000  0.000  0.000  0.000  0.000  0.000  0.000  0.000  0.000  0.000  0.000  0.000  0.000  0.000
  0.000  0.000  0.000  0.000  0.000  0.000  0.000  0.000  0.000  0.000  0.000  0.000  0.000  0.000  0.000  0.000  0.000  0.000  0.000  0.000  0.000  0.000  0.000  0.000  0.000  0.000  0.000  0.000  0.000  0.000  0.000  0.000  0.000  0.000  0.000  0.000
  0.000  0.000  0.000  0.000  0.000  0.000  0.000  0.000  0.000  0.000  0.000  0.000  0.000  0.000  0.000  0.000  0.000  0.000  0.000  0.000  0.000  0.000  0.000  0.000  0.000  0.000  0.000  0.000  0.000  0.000  0.000  0.000  0.000  0.000  0.000  0.000
  0.000  0.000  0.000  0.000  0.000  0.000  0.000  0.000  0.000  0.000  0.000  0.000  0.000  0.000  0.000  0.000  0.000  0.000  0.000  0.000  0.000  0.000  0.000  0.000  0.000  0.000  0.000  0.000  0.000  0.000  0.000  0.000  0.000  0.000  0.000  0.000
  0.000  0.000  0.000  0.000  0.000  0.000  0.000  0.000  0.000  0.000  0.000  0.000  0.000  0.000  0.000  0.000  0.000  0.000  0.000  0.000  0.000  0.000  0.000  0.000  0.000  0.000  0.000  0.000  0.000  0.000  0.000  0.000  0.000  0.000  0.000  0.000
  0.000  0.000  0.000  0.000  0.000  0.000  0.000  0.000  0.000  0.000  0.000  0.000  0.000  0.000  0.000  0.000  0.000  0.000  0.000  0.000  0.000  0.000  0.000  0.000  0.000  0.000  0.000  0.000  0.000  0.000  0.000  0.000  0.000  0.000  0.000  0.000
  0.000  0.000  0.000  0.000  0.000  0.000  0.000  0.000  0.000  0.000  0.000  0.000  0.000  0.000  0.000  0.000  0.000  0.000  0.000  0.000  0.000  0.000  0.000  0.000  0.000  0.000  0.000  0.000  0.000  0.000  0.000  0.000  0.000  0.000  0.000  0.000
  0.000  0.000  0.000  0.000  0.000  0.000  0.000  0.000  0.000  0.000  0.000  0.000  0.000  0.000  0.000  0.000  0.000  0.000  0.000  0.000  0.000  0.000  0.000  0.000  0.000  0.000  0.000  0.000  0.000  0.000  0.000  0.000  0.000  0.000  0.000  0.000
  0.000  0.000  0.000  0.000  0.000  0.000  0.000  0.000  0.000  0.000  0.000  0.000  0.000  0.000  0.000  0.000  0.000  0.000  0.000  0.000  0.000  0.000  0.000  0.000  0.000  0.000  0.000  0.000  0.000  0.000  0.000  0.000  0.000  0.000  0.000  0.000
  0.000  0.000  0.000  0.000  0.000  0.000  0.000  0.000  0.000  0.000  0.000  0.000  0.000  0.000  0.000  0.000  0.000  0.000  0.000  0.000  0.000  0.000  0.000  0.000  0.000  0.000  0.000  0.000  0.000  0.000  0.000  0.000  0.000  0.000  0.000  0.000
  0.000  0.000  0.000  0.000  0.000  0.000  0.000  0.000  0.000  0.000  0.000  0.000  0.000  0.000  0.000  0.000  0.000  0.000  0.000  0.000  0.000  0.000  0.000  0.000  0.000  0.000  0.000  0.000  0.000  0.000  0.000  0.000  0.000  0.000  0.000  0.000
  0.000  0.000  0.000  0.000  0.000  0.000  0.000  0.000  0.000  0.000  0.000  0.000  0.000  0.000  0.000  0.000  0.000  0.000  0.000  0.000  0.000  0.000  0.000  0.000  0.000  0.000  0.000  0.000  0.000  0.000  0.000  0.000  0.000  0.000  0.000  0.000
  0.000  0.000  0.000  0.000  0.000  0.000  0.000  0.000  0.000  0.000  0.000  0.000  0.000  0.000  0.000  0.000  0.000  0.000  0.000  0.000  0.000  0.000  0.000  0.000  0.000  0.000  0.000  0.000  0.000  0.000  0.000  0.000  0.000  0.000  0.000  0.000
  0.000  0.000  0.000  0.000  0.000  0.000  0.000  0.000  0.000  0.000  0.000  0.000  0.000  0.000  0.000  0.000  0.000  0.000  0.000  0.000  0.000  0.000  0.000  0.000  0.000  0.000  0.000  0.000  0.000  0.000  0.000  0.000  0.000  0.000  0.000  0.000
  0.000  0.000  0.000  0.000  0.000  0.000  0.000  0.000  0.000  0.000  0.000  0.000  0.000  0.000  0.000  0.000  0.000  0.000  0.000  0.000  0.000  0.000  0.000  0.000  0.000  0.000  0.000  0.000  0.000  0.000  0.000  0.000  0.000  0.000  0.000  0.000
  0.000  0.000  0.000  0.000  0.000  0.000  0.000  0.000  0.000  0.000  0.000  0.000  0.000  0.000  0.000  0.000  0.000  0.000  0.000  0.000  0.000  0.000  0.000  0.000  0.000  0.000  0.000  0.000  0.000  0.000  0.000  0.000  0.000  0.000  0.000  0.000
  0.000  0.000  0.000  0.000  0.000  0.000  0.000  0.000  0.000  0.000  0.000  0.000  0.000  0.000  0.000  0.000  0.000  0.000  0.000  0.000  0.000  0.000  0.000  0.000  0.000  0.000  0.000  0.000  0.000  0.000  0.000  0.000  0.000  0.000  0.000  0.000
  0.000  0.000  0.000  0.000  0.000  0.000  0.000  0.000  0.000  0.000  0.000  0.000  0.000  0.000  0.000  0.000  0.000  0.000  0.000  0.000  0.000  0.000  0.000  0.000  0.000  0.000  0.000  0.000  0.000  0.000  0.000  0.000  0.000  0.000  0.000  0.000
  0.000  0.000  0.000  0.000  0.000  0.000  0.000  0.000  0.000  0.000  0.000  0.000  0.000  0.000  0.000  0.000  0.000  0.000  0.000  0.000  0.000  0.000  0.000  0.000  0.000  0.000  0.000  0.000  0.000  0.000  0.000  0.000  0.000  0.000  0.000  0.000
  0.000  0.000  0.000  0.000  0.000  0.000  0.000  0.000  0.000  0.000  0.000  0.000  0.000  0.000  0.000  0.000  0.000  0.000  0.000  0.000  0.000  0.000  0.000  0.000  0.000  0.000  0.000  0.000  0.000  0.000  0.000  0.000  0.000  0.000  0.000  0.000
  0.000  0.000  0.000  0.000  0.000  0.000  0.000  0.000  0.000  0.000  0.000  0.000  0.000  0.000  0.000  0.000  0.000  0.000  0.000  0.000  0.000  0.000  0.000  0.000  0.000  0.000  0.000  0.000  0.000  0.000  0.000  0.000  0.000  0.000  0.000  0.000
  0.000  0.000  0.000  0.000  0.000  0.000  0.000  0.000  0.000  0.000  0.000  0.000  0.000  0.000  0.000  0.000  0.000  0.000  0.000  0.000  0.000  0.000  0.000  0.000  0.000  0.000  0.000  0.000  0.000  0.000  0.000  0.000  0.000  0.000  0.000  0.000
  0.000  0.000  0.000  0.000  0.000  0.000  0.000  0.000  0.000  0.000  0.000  0.000  0.000  0.000  0.000  0.000  0.000  0.000  0.000  0.000  0.000  0.000  0.000  0.000  0.000  0.000  0.000  0.000  0.000  0.000  0.000  0.000  0.000  0.000  0.000  0.000
  0.000  0.000  0.000  0.000  0.000  0.000  0.000  0.000  0.000  0.000  0.000  0.000  0.000  0.000  0.000  0.000  0.000  0.000  0.000  0.000  0.000  0.000  0.000  0.000  0.000  0.000  0.000  0.000  0.000  0.000  0.000  0.000  0.000  0.000  0.000  0.000
  0.000  0.000  0.000  0.000  0.000  0.000  0.000  0.000  0.000  0.000  0.000  0.000  0.000  0.000  0.000  0.000  0.000  0.000  0.000  0.000  0.000  0.000  0.000  0.000  0.000  0.000  0.000  0.000  0.000  0.000  0.000  0.000  0.000  0.000  0.000  0.000
  0.000  0.000  0.000  0.000  0.000  0.000  0.000  0.000  0.000  0.000  0.000  0.000  0.000  0.000  0.000  0.000  0.000  0.000  0.000  0.000  0.000  0.000  0.000  0.000  0.000  0.000  0.000  0.000  0.000  0.000  0.000  0.000  0.000  0.000  0.000  0.000
  0.000  0.000  0.000  0.000  0.000  0.000  0.000  0.000  0.000  0.000  0.000  0.000  0.000  0.000  0.000  0.000  0.000  0.000  0.000  0.000  0.000  0.000  0.000  0.000  0.000  0.000  0.000  0.000  0.000  0.000  0.000  0.000  0.000  0.000  0.000  0.000
  0.000  0.000  0.000  0.000  0.000  0.000  0.000  0.000  0.000  0.000  0.000  0.000  0.000  0.000  0.000  0.000  0.000  0.000  0.000  0.000  0.000  0.000  0.000  0.000  0.000  0.000  0.000  0.000  0.000  0.000  0.000  0.000  0.000  0.000  0.000  0.000
  0.000  0.000  0.000  0.000  0.000  0.000  0.000  0.000  0.000  0.000  0.000  0.000  0.000  0.000  0.000  0.000  0.000  0.000  0.000  0.000  0.000  0.000  0.000  0.000  0.000  0.000  0.000  0.000  0.000  0.000  0.000  0.000  0.000  0.000  0.000  0.000
  0.000  0.000  0.000  0.000  0.000  0.000  0.000  0.000  0.000  0.000  0.000  0.000  0.000  0.000  0.000  0.000  0.000  0.000  0.000  0.000  0.000  0.000  0.000  0.000  0.000  0.000  0.000  0.000  0.000  0.000  0.000  0.000  0.000  0.000  0.000  0.000
  0.000  0.000  0.000  0.000  0.000  0.000  0.000  0.000  0.000  0.000  0.000  0.000  0.000  0.000  0.000  0.000  0.000  0.000  0.000  0.000  0.000  0.000  0.000  0.000  0.000  0.000  0.000  0.000  0.000  0.000  0.000  0.000  0.000  0.000  0.000  0.000
  0.000  0.000  0.000  0.000  0.000  0.000  0.000  0.000  0.000  0.000  0.000  0.000  0.000  0.000  0.000  0.000  0.000  0.000  0.000  0.000  0.000  0.000  0.000  0.000  0.000  0.000  0.000  0.000  0.000  0.000  0.000  0.000  0.000  0.000  0.000  0.000
  0.000  0.000  0.000  0.000  0.000  0.000  0.000  0.000  0.000  0.000  0.000  0.000  0.000  0.000  0.000  0.000  0.000  0.000  0.000  0.000  0.000  0.000  0.000  0.000  0.000  0.000  0.000  0.000  0.000  0.000  0.000  0.000  0.000  0.000  0.000  0.000
  0.000  0.000  0.000  0.000  0.000  0.000  0.000  0.000  0.000  0.000  0.000  0.000  0.000  0.000  0.000  0.000  0.000  0.000  0.000  0.000  0.000  0.000  0.000  0.000  0.000  0.000  0.000  0.000  0.000  0.000  0.000  0.000  0.000  0.000  0.000  0.000
  0.000  0.000  0.000  0.000  0.000  0.000  0.000  0.000  0.000  0.000  0.000  0.000  0.000  0.000  0.000  0.000  0.000  0.000  0.000  0.000  0.000  0.000  0.000  0.000  0.000  0.000  0.000  0.000  0.000  0.000  0.000  0.000  0.000  0.000  0.000  0.000
 
  << Read Hmn_R.data successfully
  
 >> Start of calculating bulk band
 Time cost for BulkBand is about            2.791 s
 << End of calculating bulk band
  
 Time cost for whole program is about            3.010 s
  
  
  =======================================================================
  Hurray! I finished running!
  Check the rest of the output files to see the results.
  If you think everything is correct and you want to use it for any 
  publication, please acknowledge and cite this program as:
  
  Loren ipsum dolor sit amet
  name name name name
  where and when
  doi
  
  If you saw any bug or anything odd during execution,        
  report it at fballestermacia@gmail.com or on github                 
  Thank you for using Simphony!           
  
  ''And then there's quantum, of course.'  The monk sighed. 
  'There's always bloody quantum.'' - Sir Terry Pratchett, Night Watch
  =======================================================================
