fig9 저장.  주 격자 21 x 21,  인셋 7 x 7 (반경 0.00070)
노드 면내 위치 (환산) = (0.1464927, 0.0708493),  즉 (k1,k2) 그림자

===== 평면 k_polar = +0.0004  (스케일단위 1/Å) =====
   r(1/Å)    <n_polar>   흩어짐   감김수 w   helicity(도)
  0.00010   -0.9714    0.0062    +1.000       +180.0
  0.00020   -0.8972    0.0405    +1.000       +180.0
  0.00040   -0.7298    0.1579    +1.000       +180.0
  0.00080   -0.5476    0.2952    +0.000       -179.7
  0.00160   -0.2259    0.2111    +0.000       +177.8
  0.00320   -0.0699    0.1014    +1.000       +162.6
  0.00640   -0.0181    0.0302    +1.000       +127.3
  0.01280   -0.0034    0.0041    +1.000       +107.2
  0.02560   -0.0003    0.0014    -0.000        +96.9

===== 평면 k_polar = +0.0020  (스케일단위 1/Å) =====
   r(1/Å)    <n_polar>   흩어짐   감김수 w   helicity(도)
  0.00010   -0.9991    0.0002    +1.000       +178.8
  0.00020   -0.9965    0.0014    +1.000       +178.6
  0.00040   -0.9830    0.0151    +1.000       +177.3
  0.00080   -0.9026    0.0952    +2.000       +176.5
  0.00160   -0.5873    0.2149    +2.000       +172.6
  0.00320   -0.2384    0.2097    +1.000       +150.1
  0.00640   -0.0731    0.1001    +1.000       +118.4
  0.01280   -0.0153    0.0179    +1.000       +104.4
  0.02560   -0.0014    0.0076    +0.000        +95.5
