.d88888b  oo                      dP                                  
88.    "                          88                                  
`Y88888b. dP 88d8b.d8b.  88d888b. 88d888b. .d8888b. 88d888b. dP    dP 
      `8b 88 88 `88 `88  88   `88 88   `88 88   `88 88   `88 88    88 
d8    .8P 88 88  88  88  88.  .88 88    88 88.  .88 88    88 88.  .88 
 Y88888P  dP dP  dP  dP  88Y888P  dP    dP `88888P  dP    dP `8888P88 
oooooooooooooooooooooooo~88~oooooooooooooooooooooooooooooooooo~~~~.88~
                        dP                                   d8888P   
                                                           
                     Hi! You are now using Simphony              
                      Version 1.1.0     
                          I hope I can help!                   
                                                           
                        Author: Francesc Ballester              
                      Email: fballestermacia@gmail.com           
                      TODO: INCLUDE PAPER AND GITHUB              
                                                           
                 Now, let's start by reading your input file...    
 =====================================================================
                                                           
 You are using     1 CPU cores
  
   
 >>>Read some parameters from pn.in
 Tight-binding Hamiltonian filename : wannier90_hr.dat         
 Tight-binding Hamiltonian obtained from package : QE                       
   
 >>>Control parameters: 
 BulkBand_line_calc                :  F
 BulkBand_plane_calc               :  F
 BulkBand_unfold_line_calc         :  F
 BulkBand_unfold_plane_calc        :  F
 BulkFatBand_calc                  :  F
 BulkBand_cube_calc                :  F
 BulkFS_calc                       :  F
 BulkFS_Plane_calc                 :  F
 BulkFS_plane_stack_calc           :  F
 BulkGap_cube_calc                 :  F
 BulkGap_plane_calc                :  F
 SlabBand_calc                     :  F
 SlabBandWaveFunc_calc             :  F
 SlabSS_calc                       :  F
 SlabArc_calc                      :  F
 wanniercenter_calc                :  F
 BerryPhase_calc                   :  F
 BerryCurvature_calc               :  F
 BerryCurvature_EF_calc            :  F
 BerryCurvature_kpath_EF_calc      :  F
 BerryCurvature_Cube_calc          :  F
 BerryCurvature_slab_calc          :  F
 Dos_calc                          :  F
 Z2_3D_calc                        :  F
 WeylChirality_calc                :  T
 Chern_3D_calc                     :  F
 MirrorChern_calc                  :  F
 JDos_calc                         :  F
 SlabDos_calc                      :  F
 FindNodes_calc                    :  F
 EffectiveMass_calc                :  F
 LOTO_correction                   :  T
 apply_ASR                         :  F
 Write_eigenstates_at_HSP          :  F
   
 >>>System parameters: 
 NumSlabs :    10
 Nslab1 for ribbon  :     1
 Nslab2 for ribbon  :     1
 Number of Occupied bands:    17
 Fermi energy (eV) :        0.000000
 ijmax :    10
   
 >>>calculation parameters : 
 E_arc :          1.00000
 Eta_arc :          0.00500
 symprec :          0.00010
 EF_broadening :          0.05000
 Gap_threshold         0.00001
 OmegaMin :          0.50000
 OmegaMax :          1.50000
 OmegaNum :    100
 Nk1 :     50
 Nk2 :     50
 Nk3 :     50
 NP number of principle layers  :      5
 Tmin(Kelvin)  :        100.00000
 Tmax(Kelvin)  :        100.00000
 Rcut    999999.00000
 iprint_level               1
 RKF45_PERIODIC_LEVEL            1.00
 wcc_calc_tol         0.08000
 wcc_neighbour_tol         0.30000
 NumSelectedEigenVals     0
 NumRandomConfs:     1
 Projection weight mode:NORMAL              
  
 We found LATTICE card
>> lattice information (Angstrom)
           a           b           c       alpha        beta       gamma
    5.047024    4.847061    5.125766   47.625949   47.625949   47.625949
 Three Lattice vectors of the unfolded cell: 
    0.000000    0.000000   -5.047024
    4.847061    0.000000    0.000000
   -0.000000   -5.125766   -0.000000
>> Reciprocal lattice information (1/Angstrom)
           a           b           c       alpha        beta       gamma
    1.244929    1.296288    1.225804  170.075351  170.075351  170.075351
 Three reciprocal lattice vectors of the primitive cell: 
    0.000000    0.000000   -1.244929
    1.296288   -0.000000    0.000000
    0.000000   -1.225804    0.000000
  
 We found ATOMS card
Origin_cell%Num_atoms   12
  
 
>> Atom position and mass of Original lattice
                                    Catesian(Ang)                  Fractional(Direct)                    Mass
------------------------------------------------------------------------------------------------------------------
 index  Atom Name            x           y           z           a           b           c       m
------------------------------------------------------------------------------------------------------------------
     1  Hf            1.312069   -1.247676   -4.871966    0.965315    0.270694    0.243413  178.490000
     2  Hf            1.312069   -3.810558   -2.698570    0.534685    0.270694    0.743413  178.490000
     3  Hf            3.534992   -1.247676   -2.348454    0.465315    0.729306    0.243413  178.490000
     4  Hf            3.534992   -3.810558   -0.175058    0.034685    0.729306    0.743413  178.490000
     5  O             0.377991   -1.930912   -3.163944    0.626893    0.077984    0.376707   15.999400
     6  O             0.377991   -4.493795   -4.406592    0.873107    0.077984    0.876707   15.999400
     7  O             2.190115   -2.526390   -1.304136    0.258397    0.451844    0.492880   15.999400
     8  O             2.190115   -5.089273   -1.219375    0.241603    0.451844    0.992880   15.999400
     9  O             2.656946   -5.089273   -3.742887    0.741603    0.548156    0.992880   15.999400
    10  O             2.656946   -2.526390   -3.827648    0.758397    0.548156    0.492880   15.999400
    11  O             4.469071   -1.930912   -0.640432    0.126893    0.922016    0.376707   15.999400
    12  O             4.469071   -4.493795   -1.883080    0.373107    0.922016    0.876707   15.999400
  
 >> Wannier centers from pn.in, in unit of unit lattice vectors
 iwann        R1        R2        R3         x         y         z
     1  0.965315  0.270694  0.243413  1.312069 -1.247676 -4.871966
     2  0.965315  0.270694  0.243413  1.312069 -1.247676 -4.871966
     3  0.965315  0.270694  0.243413  1.312069 -1.247676 -4.871966
     4  0.534685  0.270694  0.743413  1.312069 -3.810558 -2.698570
     5  0.534685  0.270694  0.743413  1.312069 -3.810558 -2.698570
     6  0.534685  0.270694  0.743413  1.312069 -3.810558 -2.698570
     7  0.465315  0.729306  0.243413  3.534992 -1.247676 -2.348454
     8  0.465315  0.729306  0.243413  3.534992 -1.247676 -2.348454
     9  0.465315  0.729306  0.243413  3.534992 -1.247676 -2.348454
    10  0.034685  0.729306  0.743413  3.534992 -3.810558 -0.175058
    11  0.034685  0.729306  0.743413  3.534992 -3.810558 -0.175058
    12  0.034685  0.729306  0.743413  3.534992 -3.810558 -0.175058
    13  0.626893  0.077984  0.376707  0.377991 -1.930912 -3.163944
    14  0.626893  0.077984  0.376707  0.377991 -1.930912 -3.163944
    15  0.626893  0.077984  0.376707  0.377991 -1.930912 -3.163944
    16  0.873107  0.077984  0.876707  0.377991 -4.493795 -4.406592
    17  0.873107  0.077984  0.876707  0.377991 -4.493795 -4.406592
    18  0.873107  0.077984  0.876707  0.377991 -4.493795 -4.406592
    19  0.258397  0.451844  0.492880  2.190115 -2.526390 -1.304136
    20  0.258397  0.451844  0.492880  2.190115 -2.526390 -1.304136
    21  0.258397  0.451844  0.492880  2.190115 -2.526390 -1.304136
    22  0.241603  0.451844  0.992880  2.190115 -5.089273 -1.219375
    23  0.241603  0.451844  0.992880  2.190115 -5.089273 -1.219375
    24  0.241603  0.451844  0.992880  2.190115 -5.089273 -1.219375
    25  0.741603  0.548156  0.992880  2.656946 -5.089273 -3.742887
    26  0.741603  0.548156  0.992880  2.656946 -5.089273 -3.742887
    27  0.741603  0.548156  0.992880  2.656946 -5.089273 -3.742887
    28  0.758397  0.548156  0.492880  2.656946 -2.526390 -3.827648
    29  0.758397  0.548156  0.492880  2.656946 -2.526390 -3.827648
    30  0.758397  0.548156  0.492880  2.656946 -2.526390 -3.827648
    31  0.126893  0.922016  0.376707  4.469071 -1.930912 -0.640432
    32  0.126893  0.922016  0.376707  4.469071 -1.930912 -0.640432
    33  0.126893  0.922016  0.376707  4.469071 -1.930912 -0.640432
    34  0.373107  0.922016  0.876707  4.469071 -4.493795 -1.883080
    35  0.373107  0.922016  0.876707  4.469071 -4.493795 -1.883080
    36  0.373107  0.922016  0.876707  4.469071 -4.493795 -1.883080
  
 We found SURFACE card
 
>> new vectors to define the surface (in unit of lattice vector)
 The 1st vector on surface     :    1.000000    0.000000    0.000000
 The 2nd vector on surface     :    0.000000    1.000000    0.000000
 The 3rd vector out of surface :   -0.000000   -0.000000    1.000000
  
 The rotated new unit cell (Angstrom): 
    0.000000    0.000000   -5.047024
    4.847061    0.000000    0.000000
   -0.000000   -5.125766    0.000000
New cell's Volume is          125.39281Ang^3
  
 Fractional coordinates of atoms in units of new lattice vectors : 
Hf      0.965315    0.270694    0.243413
Hf      0.534685    0.270694    0.743413
Hf      0.465315    0.729306    0.243413
Hf      0.034685    0.729306    0.743413
O       0.626893    0.077984    0.376707
O       0.873107    0.077984    0.876707
O       0.258397    0.451844    0.492880
O       0.241603    0.451844    0.992880
O       0.741603    0.548156    0.992880
O       0.758397    0.548156    0.492880
O       0.126893    0.922016    0.376707
O       0.373107    0.922016    0.876707
  
 
 >> Top surface atom is      8 O         
 
 2D Primitive Cell_Volume:    24.463234894083872     
 Ra2, Rb2
    5.0470    0.0000
    0.0000    4.8471
 Ka2, Kb2
    0.3486   -0.0000
   -0.0000    0.3630
  
 We found KPATH_BULK card
Number of K lines :    12
 G      0.0000   0.0000   0.0000  X       0.5000  -0.0000   0.0000
 X      0.5000  -0.0000   0.0000  S       0.5000   0.5000  -0.0000
 S      0.5000   0.5000  -0.0000  Y       0.0000   0.5000  -0.0000
 Y      0.0000   0.5000  -0.0000  G       0.0000   0.0000   0.0000
 G      0.0000   0.0000   0.0000  Z       0.0000   0.0000   0.5000
 Z      0.0000   0.0000   0.5000  U       0.5000  -0.0000   0.5000
 U      0.5000  -0.0000   0.5000  R       0.5000   0.5000   0.5000
 R      0.5000   0.5000   0.5000  T       0.0000   0.5000   0.5000
 T      0.0000   0.5000   0.5000  Z       0.0000   0.0000   0.5000
 X      0.5000  -0.0000   0.0000  U       0.5000  -0.0000   0.5000
 Y      0.0000   0.5000  -0.0000  T       0.0000   0.5000   0.5000
 S      0.5000   0.5000  -0.0000  R       0.5000   0.5000   0.5000
  
 We found KPATH_SLAB card
 k lines for 2D system
 No. of k lines for 2D system :            3
  G     0.00000  0.00000    X       0.50000  0.00000
  X     0.50000  0.00000    M       0.50000  0.50000
  M     0.50000  0.50000    G       0.00000  0.00000
  
 We found KPLANE_SLAB card
 >> Kpoints plane for 2D system--> arcs  
K2D_start: -0.5000 -0.5000
The first vector:   1.0000  0.0000
The second vector:   0.0000  1.0000
  
 We found KPLANE_BULK card
 >> Kpoints plane for 3D system--> gapshape  
k3D_start :  -0.0000 -0.0000 -0.0000
The 1st vector:   1.0000  0.0000  0.0000
The 2nd vector:   0.0000  1.0000  0.0000
  
 We found KCUBE_BULK card
 >> Kpoints cube for 3D system--> gapshape3D  
k3D_start : -0.0000 -0.0000 -0.0000
The 1st vector:   1.0000  0.0000  0.0000
The 2nd vector:   0.0000  1.0000  0.0000
The 3rd vector:   0.0000  0.0000  1.0000
kCubeVolume:   1.9782
Origin_cell%ReciprocalCellVolume:   1.9782
  
  
 >> Using default parameters for Kpoint_3D
>> k points  0.0000 0.0000 0.0000 in unit of reciprocal primitive cell
>> k points  0.0000 0.0000 0.0000 in Cartesian coordinates
  
 >> Using default parameters for effective mass calculation
 >> Effective mass calculation parameters  
>> The    17'th band
>> k step  0.0100 in unit of 1/Angstrom
>> k points  0.0000 0.0000 0.0000 in unit of reciprocal primitive cell
>> k points  0.0000 0.0000 0.0000 in unit of 1/Angstrom
  
 >> We use the default values for k3points_pointmode_direct=[0,0,0]
 >> and Nk3_point_mode = 1
  
 >> We use the default values for Single_KPOINT_2D_DIRECT=[0,0]
  
 >> We use the default values for Single_KPOINT_3D_DIRECT=[0,0,0]
 >> Output all atoms weight for surface state spectrum
 > NtopAtoms           12
> TopAtoms 
     1     2     3     4     5     6     7     8     9    10
    11    12
> NbottomAtoms         12
> BottomAtoms 
     1     2     3     4     5     6     7     8     9    10
    11    12
 > NtopOrbitals           36
> TopOrbitals 
     1     2     3     4     5     6     7     8     9    10
    11    12    13    14    15    16    17    18    19    20
    21    22    23    24    25    26    27    28    29    30
    31    32    33    34    35    36
> NBottomOrbitals   36
> BottomOrbitals 
     1     2     3     4     5     6     7     8     9    10
    11    12    13    14    15    16    17    18    19    20
    21    22    23    24    25    26    27    28    29    30
    31    32    33    34    35    36
  
 >> We do not calculate chirality for nodal lines
  
 We found WEYL_CHIRALITY card
 
Weyl point positions
        kx        ky        kz        k1        k2        k3
   0.22479  -0.35991  -0.25100   0.20162   0.17341   0.29362
  -0.22479   0.35991   0.25100  -0.20162  -0.17341  -0.29362
  -0.22479  -0.35991   0.25100  -0.20162  -0.17341   0.29362
   0.22479   0.35991  -0.25100   0.20162   0.17341  -0.29362
   0.22479  -0.35991   0.25100  -0.20162   0.17341   0.29362
  -0.22479   0.35991  -0.25100   0.20162  -0.17341  -0.29362
  -0.22479  -0.35991  -0.25100   0.20162  -0.17341   0.29362
   0.22479   0.35991   0.25100  -0.20162   0.17341  -0.29362
 
  
  
>> There are    1 groups of SelectedAtoms
Group :   1
>> Number of atoms selected        12
>> Selected atoms are
    1  Hf            2  Hf            3  Hf            4  Hf            5  O             6  O             7  O             8  O             9  O            10  O         
   11  O            12  O         
  
>> There are   1 groups of SelectedOrbitals
 >> SelectedOrbitals
>> Number of orbitals selected (exclude spin degenarcy)        36
>> Orbitals are
       1       2       3       4       5       6       7       8       9      10      11      12
      13      14      15      16      17      18      19      20      21      22      23      24
      25      26      27      28      29      30      31      32      33      34      35      36
  
 We found SELECTED_OCCUPIED_BANDS card
  
 >> SELECTED_OCCUPIED_BANDS
>> Number of Occupied bands selected         17
>> OccupiedBand indices are
     1     2     3     4     5     6     7     8     9    10    11    12
    13    14    15    16    17
  
  
 >> SELECTEDBANDS
>> Number of bands selected         36
>> Band indices are
     1     2     3     4     5     6     7     8     9    10    11    12
    13    14    15    16    17    18    19    20    21    22    23    24
    25    26    27    28    29    30    31    32    33    34    35    36
  
  
 We found LOTO_DT card for LOTO correction
Diele_tensor(1,:)     5.19512     0.00000     0.00000
Diele_tensor(2,:)     0.00000     5.05498     0.00000
Diele_tensor(3,:)     0.00000     0.00000     5.01862
  
 We found LOTO_BC card for LOTO correction
Born_Charge for atom   1  Hf    
     5.39683     0.23036    -0.38488
     0.26732     5.02262    -0.04356
     0.00782     0.06640     5.22419
Born_Charge for atom   2  Hf    
     5.39683     0.23036     0.38488
     0.26732     5.02262     0.04356
    -0.00782    -0.06640     5.22419
Born_Charge for atom   3  Hf    
     5.39683    -0.23036     0.38488
    -0.26732     5.02262    -0.04356
    -0.00782     0.06640     5.22419
Born_Charge for atom   4  Hf    
     5.39683    -0.23036    -0.38488
    -0.26732     5.02262     0.04356
     0.00782    -0.06640     5.22419
Born_Charge for atom   5  O     
    -2.93383     0.63760     0.79395
     0.57834    -2.42073     0.30304
     0.99864     0.32988    -2.54258
Born_Charge for atom   6  O     
    -2.93383     0.63760    -0.79395
     0.57834    -2.42073    -0.30304
    -0.99864    -0.32988    -2.54258
Born_Charge for atom   7  O     
    -2.46301    -0.07679    -0.07751
    -0.04933    -2.60189    -0.34286
    -0.14369    -0.31062    -2.68161
Born_Charge for atom   8  O     
    -2.46301    -0.07679     0.07751
    -0.04933    -2.60189     0.34286
     0.14369     0.31062    -2.68161
Born_Charge for atom   9  O     
    -2.46301     0.07679    -0.07751
     0.04933    -2.60189     0.34286
    -0.14369     0.31062    -2.68161
Born_Charge for atom  10  O     
    -2.46301     0.07679     0.07751
     0.04933    -2.60189    -0.34286
     0.14369    -0.31062    -2.68161
Born_Charge for atom  11  O     
    -2.93383    -0.63760    -0.79395
    -0.57834    -2.42073     0.30304
    -0.99864     0.32988    -2.54258
Born_Charge for atom  12  O     
    -2.93383    -0.63760     0.79395
    -0.57834    -2.42073    -0.30304
     0.99864    -0.32988    -2.54258
  
 We found LOTO_INTERPOLATE card for LOTO interpolation to real space
 Grid interpolation parameters:          11          11          11
 <<<Read pn.in file successfully
 Time cost for readinput is about            0.005 s
  >> Begin to read Hmn_R.data
  
>>: Center position for zero electrical potential for adding electrical field    0.500000    0.500000    0.621000
 
  Note: This is not a 2D system or E=0, so we can't add electric field.
 
 
 >> Hopping parameters in the home unit cell
 >> H00= Hmn(R=0) real part
  0.966  0.194 -0.019  0.064 -0.021 -0.018 -0.068  0.011 -0.058 -0.004  0.004  0.005 -0.197 -0.229  0.477  0.020  0.005 -0.018 -0.035  0.009 -0.000  0.006  0.012 -0.026 -0.023 -0.032  0.021 -0.369  0.322 -0.309  0.019 -0.020  0.034  0.021  0.006 -0.011
  0.194  0.924 -0.023 -0.012 -0.069  0.033  0.000  0.062 -0.007  0.004 -0.003 -0.004 -0.176 -0.123  0.250  0.034  0.034 -0.019 -0.009  0.026 -0.025 -0.011  0.003  0.005  0.032 -0.033  0.045  0.355 -0.388  0.279  0.021  0.013  0.032  0.012  0.016  0.005
 -0.019 -0.023  0.983 -0.028  0.090 -0.056 -0.036  0.001 -0.066 -0.001 -0.001  0.002  0.426  0.350 -0.891 -0.026 -0.011 -0.013  0.000  0.019 -0.021  0.027 -0.012  0.029  0.025 -0.037 -0.008 -0.341  0.261 -0.270 -0.004 -0.007  0.000 -0.005  0.010  0.009
  0.064 -0.012 -0.028  0.966  0.194  0.019 -0.061 -0.036 -0.012 -0.068 -0.000 -0.036 -0.063  0.127 -0.075 -0.197 -0.229 -0.477 -0.054 -0.255 -0.300 -0.030  0.217 -0.209 -0.369  0.322  0.309 -0.196 -0.085  0.101 -0.023 -0.031 -0.036  0.022 -0.030  0.020
 -0.021 -0.069  0.090  0.194  0.924  0.023 -0.043 -0.060  0.001 -0.011  0.062 -0.001  0.218 -0.498  0.106 -0.176 -0.123 -0.250 -0.367 -0.549 -0.611  0.155 -0.294  0.251  0.355 -0.388 -0.279 -0.276 -0.300  0.273  0.008 -0.025  0.007 -0.006  0.018  0.002
 -0.018  0.033 -0.056  0.019  0.023  0.983 -0.021 -0.001  0.067 -0.058  0.007 -0.066 -0.074  0.010 -0.072 -0.426 -0.350 -0.891 -0.294 -0.439 -0.451 -0.209  0.344 -0.420  0.341 -0.261 -0.270  0.237  0.200 -0.157  0.024  0.014 -0.011 -0.022 -0.012  0.018
 -0.068  0.000 -0.036 -0.061 -0.043 -0.021  0.966 -0.194  0.019  0.064  0.021  0.018  0.022  0.030  0.020  0.029  0.001  0.032 -0.369 -0.322  0.309 -0.023  0.032 -0.021  0.011  0.035  0.003 -0.030 -0.217 -0.209 -0.197  0.229 -0.477  0.020 -0.005  0.018
  0.011  0.062  0.001 -0.036 -0.060 -0.001 -0.194  0.924 -0.023  0.012 -0.069  0.033  0.006  0.018 -0.002  0.001  0.023  0.009 -0.355 -0.388  0.279 -0.032 -0.033  0.045 -0.030 -0.029 -0.029 -0.155 -0.294 -0.251  0.176 -0.123  0.250 -0.034  0.034 -0.019
 -0.058 -0.007 -0.066 -0.012  0.001  0.067  0.019 -0.023  0.983  0.028  0.090 -0.056 -0.022  0.012  0.018 -0.025 -0.003 -0.047  0.341  0.261 -0.270 -0.025 -0.037 -0.008  0.012  0.026 -0.007 -0.209 -0.344 -0.420 -0.426  0.350 -0.891  0.026 -0.011 -0.013
 -0.004  0.004 -0.001 -0.068 -0.011 -0.058  0.064  0.012  0.028  0.966 -0.194 -0.019  0.037 -0.015 -0.001  0.019  0.020  0.034 -0.196  0.085 -0.101 -0.369 -0.322 -0.309 -0.035 -0.009 -0.000  0.003  0.001  0.024 -0.063 -0.127  0.075 -0.197  0.229  0.477
  0.004 -0.003 -0.001 -0.000  0.062  0.007  0.021 -0.069  0.090 -0.194  0.924  0.023  0.001 -0.026 -0.009 -0.021  0.013 -0.032  0.276 -0.300  0.273 -0.355 -0.388 -0.279  0.009  0.026  0.025 -0.003 -0.018 -0.014 -0.218 -0.498  0.106  0.176 -0.123 -0.250
  0.005 -0.004  0.002 -0.036 -0.001 -0.066  0.018  0.033 -0.056 -0.019  0.023  0.983 -0.013 -0.002  0.014 -0.004  0.007  0.000 -0.237  0.200 -0.157 -0.341 -0.261 -0.270  0.000 -0.019 -0.021 -0.014  0.028 -0.036  0.074  0.010 -0.072  0.426 -0.350 -0.891
 -0.197 -0.176  0.426 -0.063  0.218 -0.074  0.022  0.006 -0.022  0.037  0.001 -0.013 10.788 -2.793 -4.308 -0.057  0.026  0.035 -0.649  0.246 -0.445 -0.201  0.068 -0.149 -0.050 -0.075  0.113 -2.077  0.752  0.707  0.020  0.018  0.039 -0.007 -0.014  0.041
 -0.229 -0.123  0.350  0.127 -0.498  0.010  0.030  0.018  0.012 -0.015 -0.026 -0.002 -2.793  4.764 -0.660  0.022 -0.685 -0.305  0.233 -0.030  0.214  0.244 -0.201  0.437  0.226 -0.087 -0.278  0.564  0.063 -0.210  0.022 -0.021 -0.016 -0.004  0.024 -0.006
  0.477  0.250 -0.891 -0.075  0.106 -0.072  0.020 -0.002  0.018 -0.001 -0.009  0.014 -4.308 -0.660  7.937  0.079 -0.255 -0.069 -0.394  0.219 -0.563  0.051 -0.049 -0.058 -0.193  0.162  0.081  0.739 -0.287 -0.030 -0.003 -0.029  0.015 -0.007 -0.012 -0.029
  0.020  0.034 -0.026 -0.197 -0.176 -0.426  0.029  0.001 -0.025  0.019 -0.021 -0.004 -0.057  0.022  0.079 10.788 -2.793  4.308 -0.322 -0.375 -0.255 -0.072  0.091  0.097 -2.077  0.752 -0.707 -0.207 -0.072 -0.046 -0.035  0.008 -0.002  0.020 -0.022 -0.003
  0.005  0.034 -0.011 -0.229 -0.123 -0.350  0.001  0.023 -0.003  0.020  0.013  0.007  0.026 -0.685 -0.255 -2.793  4.764  0.660 -0.005 -0.206 -0.027 -0.127  0.148 -0.196  0.564  0.063  0.210 -0.138 -0.224 -0.083 -0.012  0.001  0.009 -0.018 -0.021  0.029
 -0.018 -0.019 -0.013 -0.477 -0.250 -0.891  0.032  0.009 -0.047  0.034 -0.032  0.000  0.035 -0.305 -0.069  4.308  0.660  7.937 -0.330 -0.663 -0.516 -0.058  0.183  0.009 -0.739  0.287 -0.030 -0.033 -0.045  0.015 -0.060 -0.004  0.014  0.039  0.016  0.015
 -0.035 -0.009  0.000 -0.054 -0.367 -0.294 -0.369 -0.355  0.341 -0.196  0.276 -0.237 -0.649  0.233 -0.394 -0.322 -0.005 -0.330  6.536  0.817  1.147  0.094 -0.129  0.137  0.084 -0.138 -0.109  0.035  0.087  0.392 -2.077 -0.564 -0.739 -0.207  0.138  0.033
  0.009  0.026  0.019 -0.255 -0.549 -0.439 -0.322 -0.388  0.261  0.085 -0.300  0.200  0.246 -0.030  0.219 -0.375 -0.206 -0.663  0.817  8.808  1.478  0.115 -1.598  0.046  0.121  0.005  0.085  0.080  0.082 -0.058 -0.752  0.063 -0.287  0.072 -0.224 -0.045
 -0.000 -0.025 -0.021 -0.300 -0.611 -0.451  0.309  0.279 -0.270 -0.101  0.273 -0.157 -0.445  0.214 -0.563 -0.255 -0.027 -0.516  1.147  1.478  8.970  0.059  0.074  0.037  0.114  0.025  0.036  0.097  0.040 -1.569 -0.707 -0.210 -0.030  0.046 -0.083  0.015
  0.006 -0.011  0.027 -0.030  0.155 -0.209 -0.023 -0.032 -0.025 -0.369 -0.355 -0.341 -0.201  0.244  0.051 -0.072 -0.127 -0.058  0.094  0.115  0.059  6.536  0.817 -1.147  0.035 -0.080  0.097  0.040  0.126 -0.084 -0.050 -0.226  0.193 -2.077 -0.564  0.739
  0.012  0.003 -0.012  0.217 -0.294  0.344  0.032 -0.033 -0.037 -0.322 -0.388 -0.261  0.068 -0.201 -0.049  0.091  0.148  0.183 -0.129 -1.598  0.074  0.817  8.808 -1.478 -0.087  0.082 -0.040 -0.046  0.036 -0.078  0.075 -0.087  0.162 -0.752  0.063  0.287
 -0.026  0.005  0.029 -0.209  0.251 -0.420 -0.021  0.045 -0.008 -0.309 -0.279 -0.270 -0.149  0.437 -0.058  0.097 -0.196  0.009  0.137  0.046  0.037 -1.147 -1.478  8.970  0.392  0.058 -1.569  0.080 -0.054  0.050 -0.113 -0.278  0.081  0.707  0.210 -0.030
 -0.023  0.032  0.025 -0.369  0.355  0.341  0.011 -0.030  0.012 -0.035  0.009  0.000 -0.050  0.226 -0.193 -2.077  0.564 -0.739  0.084  0.121  0.114  0.035 -0.087  0.392  6.536 -0.817  1.147  0.094 -0.115 -0.059  0.060  0.013  0.030 -0.649 -0.233 -0.394
 -0.032 -0.033 -0.037  0.322 -0.388 -0.261  0.035 -0.029  0.026 -0.009  0.026 -0.019 -0.075 -0.087  0.162  0.752  0.063  0.287 -0.138  0.005  0.025 -0.080  0.082  0.058 -0.817  8.808 -1.478  0.129 -1.598  0.074  0.041  0.059  0.043 -0.246 -0.030 -0.219
  0.021  0.045 -0.008  0.309 -0.279 -0.270  0.003 -0.029 -0.007 -0.000  0.025 -0.021  0.113 -0.278  0.081 -0.707  0.210 -0.030 -0.109  0.085  0.036  0.097 -0.040 -1.569  1.147 -1.478  8.970 -0.137  0.046  0.037  0.044 -0.016  0.059 -0.445 -0.214 -0.563
 -0.369  0.355 -0.341 -0.196 -0.276  0.237 -0.030 -0.155 -0.209  0.003 -0.003 -0.014 -2.077  0.564  0.739 -0.207 -0.138 -0.033  0.035  0.080  0.097  0.040 -0.046  0.080  0.094  0.129 -0.137  6.536 -0.817 -1.147 -0.072  0.127 -0.058 -0.156 -0.006  0.055
  0.322 -0.388  0.261 -0.085 -0.300  0.200 -0.217 -0.294 -0.344  0.001 -0.018  0.028  0.752  0.063 -0.287 -0.072 -0.224 -0.045  0.087  0.082  0.040  0.126  0.036 -0.054 -0.115 -1.598  0.046 -0.817  8.808  1.478 -0.091  0.148 -0.183  0.009 -0.077 -0.048
 -0.309  0.279 -0.270  0.101  0.273 -0.157 -0.209 -0.251 -0.420  0.024 -0.014 -0.036  0.707 -0.210 -0.030 -0.046 -0.083  0.015  0.392 -0.058 -1.569 -0.084 -0.078  0.050 -0.059  0.074  0.037 -1.147  1.478  8.970  0.097  0.196  0.009  0.028 -0.012 -0.117
  0.019  0.021 -0.004 -0.023  0.008  0.024 -0.197  0.176 -0.426 -0.063 -0.218  0.074  0.020  0.022 -0.003 -0.035 -0.012 -0.060 -2.077 -0.752 -0.707 -0.050  0.075 -0.113  0.060  0.041  0.044 -0.072 -0.091  0.097 10.788  2.793  4.308 -0.057 -0.026 -0.035
 -0.020  0.013 -0.007 -0.031 -0.025  0.014  0.229 -0.123  0.350 -0.127 -0.498  0.010  0.018 -0.021 -0.029  0.008  0.001 -0.004 -0.564  0.063 -0.210 -0.226 -0.087 -0.278  0.013  0.059 -0.016  0.127  0.148  0.196  2.793  4.764 -0.660 -0.022 -0.685 -0.305
  0.034  0.032  0.000 -0.036  0.007 -0.011 -0.477  0.250 -0.891  0.075  0.106 -0.072  0.039 -0.016  0.015 -0.002  0.009  0.014 -0.739 -0.287 -0.030  0.193  0.162  0.081  0.030  0.043  0.059 -0.058 -0.183  0.009  4.308 -0.660  7.937 -0.079 -0.255 -0.069
  0.021  0.012 -0.005  0.022 -0.006 -0.022  0.020 -0.034  0.026 -0.197  0.176  0.426 -0.007 -0.004 -0.007  0.020 -0.018  0.039 -0.207  0.072  0.046 -2.077 -0.752  0.707 -0.649 -0.246 -0.445 -0.156  0.009  0.028 -0.057 -0.022 -0.079 10.788  2.793 -4.308
  0.006  0.016  0.010 -0.030  0.018 -0.012 -0.005  0.034 -0.011  0.229 -0.123 -0.350 -0.014  0.024 -0.012 -0.022 -0.021  0.016  0.138 -0.224 -0.083 -0.564  0.063  0.210 -0.233 -0.030 -0.214 -0.006 -0.077 -0.012 -0.026 -0.685 -0.255  2.793  4.764  0.660
 -0.011  0.005  0.009  0.020  0.002  0.018  0.018 -0.019 -0.013  0.477 -0.250 -0.891  0.041 -0.006 -0.029 -0.003  0.029  0.015  0.033 -0.045  0.015  0.739  0.287 -0.030 -0.394 -0.219 -0.563  0.055 -0.048 -0.117 -0.035 -0.305 -0.069 -4.308  0.660  7.937
 
 >> H00= Hmn(R=0) imaginary part
  0.000  0.000  0.000  0.000  0.000  0.000  0.000  0.000  0.000  0.000  0.000  0.000  0.000  0.000  0.000  0.000  0.000  0.000  0.000  0.000  0.000  0.000  0.000  0.000  0.000  0.000  0.000  0.000  0.000  0.000  0.000  0.000  0.000  0.000  0.000  0.000
  0.000  0.000  0.000  0.000  0.000  0.000  0.000  0.000  0.000  0.000  0.000  0.000  0.000  0.000  0.000  0.000  0.000  0.000  0.000  0.000  0.000  0.000  0.000  0.000  0.000  0.000  0.000  0.000  0.000  0.000  0.000  0.000  0.000  0.000  0.000  0.000
  0.000  0.000  0.000  0.000  0.000  0.000  0.000  0.000  0.000  0.000  0.000  0.000  0.000  0.000  0.000  0.000  0.000  0.000  0.000  0.000  0.000  0.000  0.000  0.000  0.000  0.000  0.000  0.000  0.000  0.000  0.000  0.000  0.000  0.000  0.000  0.000
  0.000  0.000  0.000  0.000  0.000  0.000  0.000  0.000  0.000  0.000  0.000  0.000  0.000  0.000  0.000  0.000  0.000  0.000  0.000  0.000  0.000  0.000  0.000  0.000  0.000  0.000  0.000  0.000  0.000  0.000  0.000  0.000  0.000  0.000  0.000  0.000
  0.000  0.000  0.000  0.000  0.000  0.000  0.000  0.000  0.000  0.000  0.000  0.000  0.000  0.000  0.000  0.000  0.000  0.000  0.000  0.000  0.000  0.000  0.000  0.000  0.000  0.000  0.000  0.000  0.000  0.000  0.000  0.000  0.000  0.000  0.000  0.000
  0.000  0.000  0.000  0.000  0.000  0.000  0.000  0.000  0.000  0.000  0.000  0.000  0.000  0.000  0.000  0.000  0.000  0.000  0.000  0.000  0.000  0.000  0.000  0.000  0.000  0.000  0.000  0.000  0.000  0.000  0.000  0.000  0.000  0.000  0.000  0.000
  0.000  0.000  0.000  0.000  0.000  0.000  0.000  0.000  0.000  0.000  0.000  0.000  0.000  0.000  0.000  0.000  0.000  0.000  0.000  0.000  0.000  0.000  0.000  0.000  0.000  0.000  0.000  0.000  0.000  0.000  0.000  0.000  0.000  0.000  0.000  0.000
  0.000  0.000  0.000  0.000  0.000  0.000  0.000  0.000  0.000  0.000  0.000  0.000  0.000  0.000  0.000  0.000  0.000  0.000  0.000  0.000  0.000  0.000  0.000  0.000  0.000  0.000  0.000  0.000  0.000  0.000  0.000  0.000  0.000  0.000  0.000  0.000
  0.000  0.000  0.000  0.000  0.000  0.000  0.000  0.000  0.000  0.000  0.000  0.000  0.000  0.000  0.000  0.000  0.000  0.000  0.000  0.000  0.000  0.000  0.000  0.000  0.000  0.000  0.000  0.000  0.000  0.000  0.000  0.000  0.000  0.000  0.000  0.000
  0.000  0.000  0.000  0.000  0.000  0.000  0.000  0.000  0.000  0.000  0.000  0.000  0.000  0.000  0.000  0.000  0.000  0.000  0.000  0.000  0.000  0.000  0.000  0.000  0.000  0.000  0.000  0.000  0.000  0.000  0.000  0.000  0.000  0.000  0.000  0.000
  0.000  0.000  0.000  0.000  0.000  0.000  0.000  0.000  0.000  0.000  0.000  0.000  0.000  0.000  0.000  0.000  0.000  0.000  0.000  0.000  0.000  0.000  0.000  0.000  0.000  0.000  0.000  0.000  0.000  0.000  0.000  0.000  0.000  0.000  0.000  0.000
  0.000  0.000  0.000  0.000  0.000  0.000  0.000  0.000  0.000  0.000  0.000  0.000  0.000  0.000  0.000  0.000  0.000  0.000  0.000  0.000  0.000  0.000  0.000  0.000  0.000  0.000  0.000  0.000  0.000  0.000  0.000  0.000  0.000  0.000  0.000  0.000
  0.000  0.000  0.000  0.000  0.000  0.000  0.000  0.000  0.000  0.000  0.000  0.000  0.000  0.000  0.000  0.000  0.000  0.000  0.000  0.000  0.000  0.000  0.000  0.000  0.000  0.000  0.000  0.000  0.000  0.000  0.000  0.000  0.000  0.000  0.000  0.000
  0.000  0.000  0.000  0.000  0.000  0.000  0.000  0.000  0.000  0.000  0.000  0.000  0.000  0.000  0.000  0.000  0.000  0.000  0.000  0.000  0.000  0.000  0.000  0.000  0.000  0.000  0.000  0.000  0.000  0.000  0.000  0.000  0.000  0.000  0.000  0.000
  0.000  0.000  0.000  0.000  0.000  0.000  0.000  0.000  0.000  0.000  0.000  0.000  0.000  0.000  0.000  0.000  0.000  0.000  0.000  0.000  0.000  0.000  0.000  0.000  0.000  0.000  0.000  0.000  0.000  0.000  0.000  0.000  0.000  0.000  0.000  0.000
  0.000  0.000  0.000  0.000  0.000  0.000  0.000  0.000  0.000  0.000  0.000  0.000  0.000  0.000  0.000  0.000  0.000  0.000  0.000  0.000  0.000  0.000  0.000  0.000  0.000  0.000  0.000  0.000  0.000  0.000  0.000  0.000  0.000  0.000  0.000  0.000
  0.000  0.000  0.000  0.000  0.000  0.000  0.000  0.000  0.000  0.000  0.000  0.000  0.000  0.000  0.000  0.000  0.000  0.000  0.000  0.000  0.000  0.000  0.000  0.000  0.000  0.000  0.000  0.000  0.000  0.000  0.000  0.000  0.000  0.000  0.000  0.000
  0.000  0.000  0.000  0.000  0.000  0.000  0.000  0.000  0.000  0.000  0.000  0.000  0.000  0.000  0.000  0.000  0.000  0.000  0.000  0.000  0.000  0.000  0.000  0.000  0.000  0.000  0.000  0.000  0.000  0.000  0.000  0.000  0.000  0.000  0.000  0.000
  0.000  0.000  0.000  0.000  0.000  0.000  0.000  0.000  0.000  0.000  0.000  0.000  0.000  0.000  0.000  0.000  0.000  0.000  0.000  0.000  0.000  0.000  0.000  0.000  0.000  0.000  0.000  0.000  0.000  0.000  0.000  0.000  0.000  0.000  0.000  0.000
  0.000  0.000  0.000  0.000  0.000  0.000  0.000  0.000  0.000  0.000  0.000  0.000  0.000  0.000  0.000  0.000  0.000  0.000  0.000  0.000  0.000  0.000  0.000  0.000  0.000  0.000  0.000  0.000  0.000  0.000  0.000  0.000  0.000  0.000  0.000  0.000
  0.000  0.000  0.000  0.000  0.000  0.000  0.000  0.000  0.000  0.000  0.000  0.000  0.000  0.000  0.000  0.000  0.000  0.000  0.000  0.000  0.000  0.000  0.000  0.000  0.000  0.000  0.000  0.000  0.000  0.000  0.000  0.000  0.000  0.000  0.000  0.000
  0.000  0.000  0.000  0.000  0.000  0.000  0.000  0.000  0.000  0.000  0.000  0.000  0.000  0.000  0.000  0.000  0.000  0.000  0.000  0.000  0.000  0.000  0.000  0.000  0.000  0.000  0.000  0.000  0.000  0.000  0.000  0.000  0.000  0.000  0.000  0.000
  0.000  0.000  0.000  0.000  0.000  0.000  0.000  0.000  0.000  0.000  0.000  0.000  0.000  0.000  0.000  0.000  0.000  0.000  0.000  0.000  0.000  0.000  0.000  0.000  0.000  0.000  0.000  0.000  0.000  0.000  0.000  0.000  0.000  0.000  0.000  0.000
  0.000  0.000  0.000  0.000  0.000  0.000  0.000  0.000  0.000  0.000  0.000  0.000  0.000  0.000  0.000  0.000  0.000  0.000  0.000  0.000  0.000  0.000  0.000  0.000  0.000  0.000  0.000  0.000  0.000  0.000  0.000  0.000  0.000  0.000  0.000  0.000
  0.000  0.000  0.000  0.000  0.000  0.000  0.000  0.000  0.000  0.000  0.000  0.000  0.000  0.000  0.000  0.000  0.000  0.000  0.000  0.000  0.000  0.000  0.000  0.000  0.000  0.000  0.000  0.000  0.000  0.000  0.000  0.000  0.000  0.000  0.000  0.000
  0.000  0.000  0.000  0.000  0.000  0.000  0.000  0.000  0.000  0.000  0.000  0.000  0.000  0.000  0.000  0.000  0.000  0.000  0.000  0.000  0.000  0.000  0.000  0.000  0.000  0.000  0.000  0.000  0.000  0.000  0.000  0.000  0.000  0.000  0.000  0.000
  0.000  0.000  0.000  0.000  0.000  0.000  0.000  0.000  0.000  0.000  0.000  0.000  0.000  0.000  0.000  0.000  0.000  0.000  0.000  0.000  0.000  0.000  0.000  0.000  0.000  0.000  0.000  0.000  0.000  0.000  0.000  0.000  0.000  0.000  0.000  0.000
  0.000  0.000  0.000  0.000  0.000  0.000  0.000  0.000  0.000  0.000  0.000  0.000  0.000  0.000  0.000  0.000  0.000  0.000  0.000  0.000  0.000  0.000  0.000  0.000  0.000  0.000  0.000  0.000  0.000  0.000  0.000  0.000  0.000  0.000  0.000  0.000
  0.000  0.000  0.000  0.000  0.000  0.000  0.000  0.000  0.000  0.000  0.000  0.000  0.000  0.000  0.000  0.000  0.000  0.000  0.000  0.000  0.000  0.000  0.000  0.000  0.000  0.000  0.000  0.000  0.000  0.000  0.000  0.000  0.000  0.000  0.000  0.000
  0.000  0.000  0.000  0.000  0.000  0.000  0.000  0.000  0.000  0.000  0.000  0.000  0.000  0.000  0.000  0.000  0.000  0.000  0.000  0.000  0.000  0.000  0.000  0.000  0.000  0.000  0.000  0.000  0.000  0.000  0.000  0.000  0.000  0.000  0.000  0.000
  0.000  0.000  0.000  0.000  0.000  0.000  0.000  0.000  0.000  0.000  0.000  0.000  0.000  0.000  0.000  0.000  0.000  0.000  0.000  0.000  0.000  0.000  0.000  0.000  0.000  0.000  0.000  0.000  0.000  0.000  0.000  0.000  0.000  0.000  0.000  0.000
  0.000  0.000  0.000  0.000  0.000  0.000  0.000  0.000  0.000  0.000  0.000  0.000  0.000  0.000  0.000  0.000  0.000  0.000  0.000  0.000  0.000  0.000  0.000  0.000  0.000  0.000  0.000  0.000  0.000  0.000  0.000  0.000  0.000  0.000  0.000  0.000
  0.000  0.000  0.000  0.000  0.000  0.000  0.000  0.000  0.000  0.000  0.000  0.000  0.000  0.000  0.000  0.000  0.000  0.000  0.000  0.000  0.000  0.000  0.000  0.000  0.000  0.000  0.000  0.000  0.000  0.000  0.000  0.000  0.000  0.000  0.000  0.000
  0.000  0.000  0.000  0.000  0.000  0.000  0.000  0.000  0.000  0.000  0.000  0.000  0.000  0.000  0.000  0.000  0.000  0.000  0.000  0.000  0.000  0.000  0.000  0.000  0.000  0.000  0.000  0.000  0.000  0.000  0.000  0.000  0.000  0.000  0.000  0.000
  0.000  0.000  0.000  0.000  0.000  0.000  0.000  0.000  0.000  0.000  0.000  0.000  0.000  0.000  0.000  0.000  0.000  0.000  0.000  0.000  0.000  0.000  0.000  0.000  0.000  0.000  0.000  0.000  0.000  0.000  0.000  0.000  0.000  0.000  0.000  0.000
  0.000  0.000  0.000  0.000  0.000  0.000  0.000  0.000  0.000  0.000  0.000  0.000  0.000  0.000  0.000  0.000  0.000  0.000  0.000  0.000  0.000  0.000  0.000  0.000  0.000  0.000  0.000  0.000  0.000  0.000  0.000  0.000  0.000  0.000  0.000  0.000
 
  << Read Hmn_R.data successfully
  
 >> Start of chirality of Weyl points calculating
 
>> We are calculation the chirality of the   1'th Weyl point
>> k (Cartesian coordinates):     0.118952   -0.190459   -0.132822
  Wilson loop ik, Nk           1          50
  Wilson loop ik, Nk           2          50
  Wilson loop ik, Nk           3          50
  Wilson loop ik, Nk           4          50
  Wilson loop ik, Nk           5          50
  Wilson loop ik, Nk           6          50
  Wilson loop ik, Nk           7          50
  Wilson loop ik, Nk           8          50
  Wilson loop ik, Nk           9          50
  Wilson loop ik, Nk          10          50
  Wilson loop ik, Nk          11          50
  Wilson loop ik, Nk          12          50
  Wilson loop ik, Nk          13          50
  Wilson loop ik, Nk          14          50
  Wilson loop ik, Nk          15          50
  Wilson loop ik, Nk          16          50
  Wilson loop ik, Nk          17          50
  Wilson loop ik, Nk          18          50
  Wilson loop ik, Nk          19          50
  Wilson loop ik, Nk          20          50
  Wilson loop ik, Nk          21          50
  Wilson loop ik, Nk          22          50
  Wilson loop ik, Nk          23          50
  Wilson loop ik, Nk          24          50
  Wilson loop ik, Nk          25          50
  Wilson loop ik, Nk          26          50
  Wilson loop ik, Nk          27          50
  Wilson loop ik, Nk          28          50
  Wilson loop ik, Nk          29          50
  Wilson loop ik, Nk          30          50
  Wilson loop ik, Nk          31          50
  Wilson loop ik, Nk          32          50
  Wilson loop ik, Nk          33          50
  Wilson loop ik, Nk          34          50
  Wilson loop ik, Nk          35          50
  Wilson loop ik, Nk          36          50
  Wilson loop ik, Nk          37          50
  Wilson loop ik, Nk          38          50
  Wilson loop ik, Nk          39          50
  Wilson loop ik, Nk          40          50
  Wilson loop ik, Nk          41          50
  Wilson loop ik, Nk          42          50
  Wilson loop ik, Nk          43          50
  Wilson loop ik, Nk          44          50
  Wilson loop ik, Nk          45          50
  Wilson loop ik, Nk          46          50
  Wilson loop ik, Nk          47          50
  Wilson loop ik, Nk          48          50
  Wilson loop ik, Nk          49          50
  Wilson loop ik, Nk          50          50
 
>> We are calculation the chirality of the   2'th Weyl point
>> k (Cartesian coordinates):    -0.118952    0.190459    0.132822
  Wilson loop ik, Nk           1          50
  Wilson loop ik, Nk           2          50
  Wilson loop ik, Nk           3          50
  Wilson loop ik, Nk           4          50
  Wilson loop ik, Nk           5          50
  Wilson loop ik, Nk           6          50
  Wilson loop ik, Nk           7          50
  Wilson loop ik, Nk           8          50
  Wilson loop ik, Nk           9          50
  Wilson loop ik, Nk          10          50
  Wilson loop ik, Nk          11          50
  Wilson loop ik, Nk          12          50
  Wilson loop ik, Nk          13          50
  Wilson loop ik, Nk          14          50
  Wilson loop ik, Nk          15          50
  Wilson loop ik, Nk          16          50
  Wilson loop ik, Nk          17          50
  Wilson loop ik, Nk          18          50
  Wilson loop ik, Nk          19          50
  Wilson loop ik, Nk          20          50
  Wilson loop ik, Nk          21          50
  Wilson loop ik, Nk          22          50
  Wilson loop ik, Nk          23          50
  Wilson loop ik, Nk          24          50
  Wilson loop ik, Nk          25          50
  Wilson loop ik, Nk          26          50
  Wilson loop ik, Nk          27          50
  Wilson loop ik, Nk          28          50
  Wilson loop ik, Nk          29          50
  Wilson loop ik, Nk          30          50
  Wilson loop ik, Nk          31          50
  Wilson loop ik, Nk          32          50
  Wilson loop ik, Nk          33          50
  Wilson loop ik, Nk          34          50
  Wilson loop ik, Nk          35          50
  Wilson loop ik, Nk          36          50
  Wilson loop ik, Nk          37          50
  Wilson loop ik, Nk          38          50
  Wilson loop ik, Nk          39          50
  Wilson loop ik, Nk          40          50
  Wilson loop ik, Nk          41          50
  Wilson loop ik, Nk          42          50
  Wilson loop ik, Nk          43          50
  Wilson loop ik, Nk          44          50
  Wilson loop ik, Nk          45          50
  Wilson loop ik, Nk          46          50
  Wilson loop ik, Nk          47          50
  Wilson loop ik, Nk          48          50
  Wilson loop ik, Nk          49          50
  Wilson loop ik, Nk          50          50
 
>> We are calculation the chirality of the   3'th Weyl point
>> k (Cartesian coordinates):    -0.118952   -0.190459    0.132822
  Wilson loop ik, Nk           1          50
  Wilson loop ik, Nk           2          50
  Wilson loop ik, Nk           3          50
  Wilson loop ik, Nk           4          50
  Wilson loop ik, Nk           5          50
  Wilson loop ik, Nk           6          50
  Wilson loop ik, Nk           7          50
  Wilson loop ik, Nk           8          50
  Wilson loop ik, Nk           9          50
  Wilson loop ik, Nk          10          50
  Wilson loop ik, Nk          11          50
  Wilson loop ik, Nk          12          50
  Wilson loop ik, Nk          13          50
  Wilson loop ik, Nk          14          50
  Wilson loop ik, Nk          15          50
  Wilson loop ik, Nk          16          50
  Wilson loop ik, Nk          17          50
  Wilson loop ik, Nk          18          50
  Wilson loop ik, Nk          19          50
  Wilson loop ik, Nk          20          50
  Wilson loop ik, Nk          21          50
  Wilson loop ik, Nk          22          50
  Wilson loop ik, Nk          23          50
  Wilson loop ik, Nk          24          50
  Wilson loop ik, Nk          25          50
  Wilson loop ik, Nk          26          50
  Wilson loop ik, Nk          27          50
  Wilson loop ik, Nk          28          50
  Wilson loop ik, Nk          29          50
  Wilson loop ik, Nk          30          50
  Wilson loop ik, Nk          31          50
  Wilson loop ik, Nk          32          50
  Wilson loop ik, Nk          33          50
  Wilson loop ik, Nk          34          50
  Wilson loop ik, Nk          35          50
  Wilson loop ik, Nk          36          50
  Wilson loop ik, Nk          37          50
  Wilson loop ik, Nk          38          50
  Wilson loop ik, Nk          39          50
  Wilson loop ik, Nk          40          50
  Wilson loop ik, Nk          41          50
  Wilson loop ik, Nk          42          50
  Wilson loop ik, Nk          43          50
  Wilson loop ik, Nk          44          50
  Wilson loop ik, Nk          45          50
  Wilson loop ik, Nk          46          50
  Wilson loop ik, Nk          47          50
  Wilson loop ik, Nk          48          50
  Wilson loop ik, Nk          49          50
  Wilson loop ik, Nk          50          50
 
>> We are calculation the chirality of the   4'th Weyl point
>> k (Cartesian coordinates):     0.118952    0.190459   -0.132822
  Wilson loop ik, Nk           1          50
  Wilson loop ik, Nk           2          50
  Wilson loop ik, Nk           3          50
  Wilson loop ik, Nk           4          50
  Wilson loop ik, Nk           5          50
  Wilson loop ik, Nk           6          50
  Wilson loop ik, Nk           7          50
  Wilson loop ik, Nk           8          50
  Wilson loop ik, Nk           9          50
  Wilson loop ik, Nk          10          50
  Wilson loop ik, Nk          11          50
  Wilson loop ik, Nk          12          50
  Wilson loop ik, Nk          13          50
  Wilson loop ik, Nk          14          50
  Wilson loop ik, Nk          15          50
  Wilson loop ik, Nk          16          50
  Wilson loop ik, Nk          17          50
  Wilson loop ik, Nk          18          50
  Wilson loop ik, Nk          19          50
  Wilson loop ik, Nk          20          50
  Wilson loop ik, Nk          21          50
  Wilson loop ik, Nk          22          50
  Wilson loop ik, Nk          23          50
  Wilson loop ik, Nk          24          50
  Wilson loop ik, Nk          25          50
  Wilson loop ik, Nk          26          50
  Wilson loop ik, Nk          27          50
  Wilson loop ik, Nk          28          50
  Wilson loop ik, Nk          29          50
  Wilson loop ik, Nk          30          50
  Wilson loop ik, Nk          31          50
  Wilson loop ik, Nk          32          50
  Wilson loop ik, Nk          33          50
  Wilson loop ik, Nk          34          50
  Wilson loop ik, Nk          35          50
  Wilson loop ik, Nk          36          50
  Wilson loop ik, Nk          37          50
  Wilson loop ik, Nk          38          50
  Wilson loop ik, Nk          39          50
  Wilson loop ik, Nk          40          50
  Wilson loop ik, Nk          41          50
  Wilson loop ik, Nk          42          50
  Wilson loop ik, Nk          43          50
  Wilson loop ik, Nk          44          50
  Wilson loop ik, Nk          45          50
  Wilson loop ik, Nk          46          50
  Wilson loop ik, Nk          47          50
  Wilson loop ik, Nk          48          50
  Wilson loop ik, Nk          49          50
  Wilson loop ik, Nk          50          50
 
>> We are calculation the chirality of the   5'th Weyl point
>> k (Cartesian coordinates):     0.118952   -0.190459    0.132822
  Wilson loop ik, Nk           1          50
  Wilson loop ik, Nk           2          50
  Wilson loop ik, Nk           3          50
  Wilson loop ik, Nk           4          50
  Wilson loop ik, Nk           5          50
  Wilson loop ik, Nk           6          50
  Wilson loop ik, Nk           7          50
  Wilson loop ik, Nk           8          50
  Wilson loop ik, Nk           9          50
  Wilson loop ik, Nk          10          50
  Wilson loop ik, Nk          11          50
  Wilson loop ik, Nk          12          50
  Wilson loop ik, Nk          13          50
  Wilson loop ik, Nk          14          50
  Wilson loop ik, Nk          15          50
  Wilson loop ik, Nk          16          50
  Wilson loop ik, Nk          17          50
  Wilson loop ik, Nk          18          50
  Wilson loop ik, Nk          19          50
  Wilson loop ik, Nk          20          50
  Wilson loop ik, Nk          21          50
  Wilson loop ik, Nk          22          50
  Wilson loop ik, Nk          23          50
  Wilson loop ik, Nk          24          50
  Wilson loop ik, Nk          25          50
  Wilson loop ik, Nk          26          50
  Wilson loop ik, Nk          27          50
  Wilson loop ik, Nk          28          50
  Wilson loop ik, Nk          29          50
  Wilson loop ik, Nk          30          50
  Wilson loop ik, Nk          31          50
  Wilson loop ik, Nk          32          50
  Wilson loop ik, Nk          33          50
  Wilson loop ik, Nk          34          50
  Wilson loop ik, Nk          35          50
  Wilson loop ik, Nk          36          50
  Wilson loop ik, Nk          37          50
  Wilson loop ik, Nk          38          50
  Wilson loop ik, Nk          39          50
  Wilson loop ik, Nk          40          50
  Wilson loop ik, Nk          41          50
  Wilson loop ik, Nk          42          50
  Wilson loop ik, Nk          43          50
  Wilson loop ik, Nk          44          50
  Wilson loop ik, Nk          45          50
  Wilson loop ik, Nk          46          50
  Wilson loop ik, Nk          47          50
  Wilson loop ik, Nk          48          50
  Wilson loop ik, Nk          49          50
  Wilson loop ik, Nk          50          50
 
>> We are calculation the chirality of the   6'th Weyl point
>> k (Cartesian coordinates):    -0.118952    0.190459   -0.132822
  Wilson loop ik, Nk           1          50
  Wilson loop ik, Nk           2          50
  Wilson loop ik, Nk           3          50
  Wilson loop ik, Nk           4          50
  Wilson loop ik, Nk           5          50
  Wilson loop ik, Nk           6          50
  Wilson loop ik, Nk           7          50
  Wilson loop ik, Nk           8          50
  Wilson loop ik, Nk           9          50
  Wilson loop ik, Nk          10          50
  Wilson loop ik, Nk          11          50
  Wilson loop ik, Nk          12          50
  Wilson loop ik, Nk          13          50
  Wilson loop ik, Nk          14          50
  Wilson loop ik, Nk          15          50
  Wilson loop ik, Nk          16          50
  Wilson loop ik, Nk          17          50
  Wilson loop ik, Nk          18          50
  Wilson loop ik, Nk          19          50
  Wilson loop ik, Nk          20          50
  Wilson loop ik, Nk          21          50
  Wilson loop ik, Nk          22          50
  Wilson loop ik, Nk          23          50
  Wilson loop ik, Nk          24          50
  Wilson loop ik, Nk          25          50
  Wilson loop ik, Nk          26          50
  Wilson loop ik, Nk          27          50
  Wilson loop ik, Nk          28          50
  Wilson loop ik, Nk          29          50
  Wilson loop ik, Nk          30          50
  Wilson loop ik, Nk          31          50
  Wilson loop ik, Nk          32          50
  Wilson loop ik, Nk          33          50
  Wilson loop ik, Nk          34          50
  Wilson loop ik, Nk          35          50
  Wilson loop ik, Nk          36          50
  Wilson loop ik, Nk          37          50
  Wilson loop ik, Nk          38          50
  Wilson loop ik, Nk          39          50
  Wilson loop ik, Nk          40          50
  Wilson loop ik, Nk          41          50
  Wilson loop ik, Nk          42          50
  Wilson loop ik, Nk          43          50
  Wilson loop ik, Nk          44          50
  Wilson loop ik, Nk          45          50
  Wilson loop ik, Nk          46          50
  Wilson loop ik, Nk          47          50
  Wilson loop ik, Nk          48          50
  Wilson loop ik, Nk          49          50
  Wilson loop ik, Nk          50          50
 
>> We are calculation the chirality of the   7'th Weyl point
>> k (Cartesian coordinates):    -0.118952   -0.190459   -0.132822
  Wilson loop ik, Nk           1          50
  Wilson loop ik, Nk           2          50
  Wilson loop ik, Nk           3          50
  Wilson loop ik, Nk           4          50
  Wilson loop ik, Nk           5          50
  Wilson loop ik, Nk           6          50
  Wilson loop ik, Nk           7          50
  Wilson loop ik, Nk           8          50
  Wilson loop ik, Nk           9          50
  Wilson loop ik, Nk          10          50
  Wilson loop ik, Nk          11          50
  Wilson loop ik, Nk          12          50
  Wilson loop ik, Nk          13          50
  Wilson loop ik, Nk          14          50
  Wilson loop ik, Nk          15          50
  Wilson loop ik, Nk          16          50
  Wilson loop ik, Nk          17          50
  Wilson loop ik, Nk          18          50
  Wilson loop ik, Nk          19          50
  Wilson loop ik, Nk          20          50
  Wilson loop ik, Nk          21          50
  Wilson loop ik, Nk          22          50
  Wilson loop ik, Nk          23          50
  Wilson loop ik, Nk          24          50
  Wilson loop ik, Nk          25          50
  Wilson loop ik, Nk          26          50
  Wilson loop ik, Nk          27          50
  Wilson loop ik, Nk          28          50
  Wilson loop ik, Nk          29          50
  Wilson loop ik, Nk          30          50
  Wilson loop ik, Nk          31          50
  Wilson loop ik, Nk          32          50
  Wilson loop ik, Nk          33          50
  Wilson loop ik, Nk          34          50
  Wilson loop ik, Nk          35          50
  Wilson loop ik, Nk          36          50
  Wilson loop ik, Nk          37          50
  Wilson loop ik, Nk          38          50
  Wilson loop ik, Nk          39          50
  Wilson loop ik, Nk          40          50
  Wilson loop ik, Nk          41          50
  Wilson loop ik, Nk          42          50
  Wilson loop ik, Nk          43          50
  Wilson loop ik, Nk          44          50
  Wilson loop ik, Nk          45          50
  Wilson loop ik, Nk          46          50
  Wilson loop ik, Nk          47          50
  Wilson loop ik, Nk          48          50
  Wilson loop ik, Nk          49          50
  Wilson loop ik, Nk          50          50
 
>> We are calculation the chirality of the   8'th Weyl point
>> k (Cartesian coordinates):     0.118952    0.190459    0.132822
  Wilson loop ik, Nk           1          50
  Wilson loop ik, Nk           2          50
  Wilson loop ik, Nk           3          50
  Wilson loop ik, Nk           4          50
  Wilson loop ik, Nk           5          50
  Wilson loop ik, Nk           6          50
  Wilson loop ik, Nk           7          50
  Wilson loop ik, Nk           8          50
  Wilson loop ik, Nk           9          50
  Wilson loop ik, Nk          10          50
  Wilson loop ik, Nk          11          50
  Wilson loop ik, Nk          12          50
  Wilson loop ik, Nk          13          50
  Wilson loop ik, Nk          14          50
  Wilson loop ik, Nk          15          50
  Wilson loop ik, Nk          16          50
  Wilson loop ik, Nk          17          50
  Wilson loop ik, Nk          18          50
  Wilson loop ik, Nk          19          50
  Wilson loop ik, Nk          20          50
  Wilson loop ik, Nk          21          50
  Wilson loop ik, Nk          22          50
  Wilson loop ik, Nk          23          50
  Wilson loop ik, Nk          24          50
  Wilson loop ik, Nk          25          50
  Wilson loop ik, Nk          26          50
  Wilson loop ik, Nk          27          50
  Wilson loop ik, Nk          28          50
  Wilson loop ik, Nk          29          50
  Wilson loop ik, Nk          30          50
  Wilson loop ik, Nk          31          50
  Wilson loop ik, Nk          32          50
  Wilson loop ik, Nk          33          50
  Wilson loop ik, Nk          34          50
  Wilson loop ik, Nk          35          50
  Wilson loop ik, Nk          36          50
  Wilson loop ik, Nk          37          50
  Wilson loop ik, Nk          38          50
  Wilson loop ik, Nk          39          50
  Wilson loop ik, Nk          40          50
  Wilson loop ik, Nk          41          50
  Wilson loop ik, Nk          42          50
  Wilson loop ik, Nk          43          50
  Wilson loop ik, Nk          44          50
  Wilson loop ik, Nk          45          50
  Wilson loop ik, Nk          46          50
  Wilson loop ik, Nk          47          50
  Wilson loop ik, Nk          48          50
  Wilson loop ik, Nk          49          50
  Wilson loop ik, Nk          50          50
Chiralities
#      k1        k2        k3        kx        ky        kz      Chirality
   0.20162   0.17341   0.29362   0.22479  -0.35991  -0.25100       1
  -0.20162  -0.17341  -0.29362  -0.22479   0.35991   0.25100       1
  -0.20162  -0.17341   0.29362  -0.22479  -0.35991   0.25100       1
   0.20162   0.17341  -0.29362   0.22479   0.35991  -0.25100       1
  -0.20162   0.17341   0.29362   0.22479  -0.35991   0.25100      -1
   0.20162  -0.17341  -0.29362  -0.22479   0.35991  -0.25100      -1
   0.20162  -0.17341   0.29362  -0.22479  -0.35991  -0.25100      -1
  -0.20162   0.17341  -0.29362   0.22479   0.35991   0.25100      -1
 Time cost for WeylChirality_calc is about           69.231 s
 << End of chirality of Weyl points calculating
  
 Time cost for whole program is about           69.339 s
  
  
  =======================================================================
  Hurray! I finished running!
  Check the rest of the output files to see the results.
  If you think everything is correct and you want to use it for any 
  publication, please acknowledge and cite this program as:
  
  Loren ipsum dolor sit amet
  name name name name
  where and when
  doi
  
  If you saw any bug or anything odd during execution,        
  report it at fballestermacia@gmail.com or on github                 
  Thank you for using Simphony!           
  
  ''And then there's quantum, of course.'  The monk sighed. 
  'There's always bloody quantum.'' - Sir Terry Pratchett, Night Watch
  =======================================================================
