.d88888b  oo                      dP                                  
88.    "                          88                                  
`Y88888b. dP 88d8b.d8b.  88d888b. 88d888b. .d8888b. 88d888b. dP    dP 
      `8b 88 88 `88 `88  88   `88 88   `88 88   `88 88   `88 88    88 
d8    .8P 88 88  88  88  88.  .88 88    88 88.  .88 88    88 88.  .88 
 Y88888P  dP dP  dP  dP  88Y888P  dP    dP `88888P  dP    dP `8888P88 
oooooooooooooooooooooooo~88~oooooooooooooooooooooooooooooooooo~~~~.88~
                        dP                                   d8888P   
                                                           
                     Hi! You are now using Simphony              
                      Version 1.1.0     
                          I hope I can help!                   
                                                           
                        Author: Francesc Ballester              
                      Email: fballestermacia@gmail.com           
                      TODO: INCLUDE PAPER AND GITHUB              
                                                           
                 Now, let's start by reading your input file...    
 =====================================================================
                                                           
 You are using     1 CPU cores
  
   
 >>>Read some parameters from pn.in
 Tight-binding Hamiltonian filename : wannier90_hr.dat         
 Tight-binding Hamiltonian obtained from package : QE                       
   
 >>>Control parameters: 
 BulkBand_line_calc                :  F
 BulkBand_plane_calc               :  F
 BulkBand_unfold_line_calc         :  F
 BulkBand_unfold_plane_calc        :  F
 BulkFatBand_calc                  :  F
 BulkBand_cube_calc                :  F
 BulkFS_calc                       :  F
 BulkFS_Plane_calc                 :  F
 BulkFS_plane_stack_calc           :  F
 BulkGap_cube_calc                 :  F
 BulkGap_plane_calc                :  F
 SlabBand_calc                     :  F
 SlabBandWaveFunc_calc             :  F
 SlabSS_calc                       :  F
 SlabArc_calc                      :  F
 wanniercenter_calc                :  F
 BerryPhase_calc                   :  F
 BerryCurvature_calc               :  F
 BerryCurvature_EF_calc            :  F
 BerryCurvature_kpath_EF_calc      :  F
 BerryCurvature_Cube_calc          :  F
 BerryCurvature_slab_calc          :  F
 Dos_calc                          :  F
 Z2_3D_calc                        :  F
 WeylChirality_calc                :  T
 Chern_3D_calc                     :  F
 MirrorChern_calc                  :  F
 JDos_calc                         :  F
 SlabDos_calc                      :  F
 FindNodes_calc                    :  F
 EffectiveMass_calc                :  F
 LOTO_correction                   :  T
 apply_ASR                         :  F
 Write_eigenstates_at_HSP          :  F
   
 >>>System parameters: 
 NumSlabs :    10
 Nslab1 for ribbon  :     1
 Nslab2 for ribbon  :     1
 Number of Occupied bands:    17
 Fermi energy (eV) :        0.000000
 ijmax :    10
   
 >>>calculation parameters : 
 E_arc :          1.00000
 Eta_arc :          0.00500
 symprec :          0.00010
 EF_broadening :          0.05000
 Gap_threshold         0.00001
 OmegaMin :          0.50000
 OmegaMax :          1.50000
 OmegaNum :    100
 Nk1 :     50
 Nk2 :     50
 Nk3 :     50
 NP number of principle layers  :      5
 Tmin(Kelvin)  :        100.00000
 Tmax(Kelvin)  :        100.00000
 Rcut    999999.00000
 iprint_level               1
 RKF45_PERIODIC_LEVEL            1.00
 wcc_calc_tol         0.08000
 wcc_neighbour_tol         0.30000
 NumSelectedEigenVals     0
 NumRandomConfs:     1
 Projection weight mode:NORMAL              
  
 We found LATTICE card
>> lattice information (Angstrom)
           a           b           c       alpha        beta       gamma
    5.203031    4.996952    5.018972   47.625949   47.625949   47.625949
 Three Lattice vectors of the unfolded cell: 
    0.000000    0.000000   -5.203031
    4.996952    0.000000    0.000000
   -0.000000   -5.018972   -0.000000
>> Reciprocal lattice information (1/Angstrom)
           a           b           c       alpha        beta       gamma
    1.207601    1.257404    1.251887  170.075351  170.075351  170.075351
 Three reciprocal lattice vectors of the primitive cell: 
    0.000000    0.000000   -1.207601
    1.257404   -0.000000    0.000000
    0.000000   -1.251887    0.000000
  
 We found ATOMS card
Origin_cell%Num_atoms   12
  
 
>> Atom position and mass of Original lattice
                                    Catesian(Ang)                  Fractional(Direct)                    Mass
------------------------------------------------------------------------------------------------------------------
 index  Atom Name            x           y           z           a           b           c       m
------------------------------------------------------------------------------------------------------------------
     1  Hf            1.338677   -3.803263   -5.029752    0.966697    0.267899    0.757777  178.490000
     2  Hf            1.338677   -1.293777   -2.774794    0.533303    0.267899    0.257777  178.490000
     3  Hf            3.658275   -3.803263   -2.428237    0.466697    0.732101    0.757777  178.490000
     4  Hf            3.658275   -1.293777   -0.173279    0.033303    0.732101    0.257777  178.490000
     5  O             0.360469   -3.113686   -3.288316    0.632000    0.072138    0.620383   15.999400
     6  O             0.360469   -0.604200   -4.516230    0.868000    0.072138    0.120383   15.999400
     7  O             2.295056   -2.553851   -1.378383    0.264919    0.459291    0.508839   15.999400
     8  O             2.295056   -0.044365   -1.223133    0.235081    0.459291    0.008839   15.999400
     9  O             2.701896   -0.044365   -3.824648    0.735081    0.540709    0.008839   15.999400
    10  O             2.701896   -2.553851   -3.979898    0.764919    0.540709    0.508839   15.999400
    11  O             4.636483   -3.113686   -0.686801    0.132000    0.927862    0.620383   15.999400
    12  O             4.636483   -0.604200   -1.914715    0.368000    0.927862    0.120383   15.999400
  
 >> Wannier centers from pn.in, in unit of unit lattice vectors
 iwann        R1        R2        R3         x         y         z
     1  0.966697  0.267899  0.757777  1.338677 -3.803263 -5.029752
     2  0.966697  0.267899  0.757777  1.338677 -3.803263 -5.029752
     3  0.966697  0.267899  0.757777  1.338677 -3.803263 -5.029752
     4  0.533303  0.267899  0.257777  1.338677 -1.293777 -2.774794
     5  0.533303  0.267899  0.257777  1.338677 -1.293777 -2.774794
     6  0.533303  0.267899  0.257777  1.338677 -1.293777 -2.774794
     7  0.466697  0.732101  0.757777  3.658275 -3.803263 -2.428237
     8  0.466697  0.732101  0.757777  3.658275 -3.803263 -2.428237
     9  0.466697  0.732101  0.757777  3.658275 -3.803263 -2.428237
    10  0.033303  0.732101  0.257777  3.658275 -1.293777 -0.173279
    11  0.033303  0.732101  0.257777  3.658275 -1.293777 -0.173279
    12  0.033303  0.732101  0.257777  3.658275 -1.293777 -0.173279
    13  0.632000  0.072138  0.620383  0.360469 -3.113686 -3.288316
    14  0.632000  0.072138  0.620383  0.360469 -3.113686 -3.288316
    15  0.632000  0.072138  0.620383  0.360469 -3.113686 -3.288316
    16  0.868000  0.072138  0.120383  0.360469 -0.604200 -4.516230
    17  0.868000  0.072138  0.120383  0.360469 -0.604200 -4.516230
    18  0.868000  0.072138  0.120383  0.360469 -0.604200 -4.516230
    19  0.264919  0.459291  0.508839  2.295056 -2.553851 -1.378383
    20  0.264919  0.459291  0.508839  2.295056 -2.553851 -1.378383
    21  0.264919  0.459291  0.508839  2.295056 -2.553851 -1.378383
    22  0.235081  0.459291  0.008839  2.295056 -0.044365 -1.223133
    23  0.235081  0.459291  0.008839  2.295056 -0.044365 -1.223133
    24  0.235081  0.459291  0.008839  2.295056 -0.044365 -1.223133
    25  0.735081  0.540709  0.008839  2.701896 -0.044365 -3.824648
    26  0.735081  0.540709  0.008839  2.701896 -0.044365 -3.824648
    27  0.735081  0.540709  0.008839  2.701896 -0.044365 -3.824648
    28  0.764919  0.540709  0.508839  2.701896 -2.553851 -3.979898
    29  0.764919  0.540709  0.508839  2.701896 -2.553851 -3.979898
    30  0.764919  0.540709  0.508839  2.701896 -2.553851 -3.979898
    31  0.132000  0.927862  0.620383  4.636483 -3.113686 -0.686801
    32  0.132000  0.927862  0.620383  4.636483 -3.113686 -0.686801
    33  0.132000  0.927862  0.620383  4.636483 -3.113686 -0.686801
    34  0.368000  0.927862  0.120383  4.636483 -0.604200 -1.914715
    35  0.368000  0.927862  0.120383  4.636483 -0.604200 -1.914715
    36  0.368000  0.927862  0.120383  4.636483 -0.604200 -1.914715
  
 We found SURFACE card
 
>> new vectors to define the surface (in unit of lattice vector)
 The 1st vector on surface     :    1.000000    0.000000    0.000000
 The 2nd vector on surface     :    0.000000    1.000000    0.000000
 The 3rd vector out of surface :   -0.000000   -0.000000    1.000000
  
 The rotated new unit cell (Angstrom): 
    0.000000    0.000000   -5.203031
    4.996952    0.000000    0.000000
   -0.000000   -5.018972    0.000000
New cell's Volume is          130.48974Ang^3
  
 Fractional coordinates of atoms in units of new lattice vectors : 
Hf      0.966697    0.267899    0.757777
Hf      0.533303    0.267899    0.257777
Hf      0.466697    0.732101    0.757777
Hf      0.033303    0.732101    0.257777
O       0.632000    0.072138    0.620383
O       0.868000    0.072138    0.120383
O       0.264919    0.459291    0.508839
O       0.235081    0.459291    0.008839
O       0.735081    0.540709    0.008839
O       0.764919    0.540709    0.508839
O       0.132000    0.927862    0.620383
O       0.368000    0.927862    0.120383
  
 
 >> Top surface atom is      1 Hf        
 
 2D Primitive Cell_Volume:    25.999295911885241     
 Ra2, Rb2
    5.2030    0.0000
    0.0000    4.9970
 Ka2, Kb2
    0.3382   -0.0000
   -0.0000    0.3521
  
 We found KPATH_BULK card
Number of K lines :    12
 G      0.0000   0.0000   0.0000  X       0.5000  -0.0000   0.0000
 X      0.5000  -0.0000   0.0000  S       0.5000   0.5000  -0.0000
 S      0.5000   0.5000  -0.0000  Y       0.0000   0.5000  -0.0000
 Y      0.0000   0.5000  -0.0000  G       0.0000   0.0000   0.0000
 G      0.0000   0.0000   0.0000  Z       0.0000   0.0000   0.5000
 Z      0.0000   0.0000   0.5000  U       0.5000  -0.0000   0.5000
 U      0.5000  -0.0000   0.5000  R       0.5000   0.5000   0.5000
 R      0.5000   0.5000   0.5000  T       0.0000   0.5000   0.5000
 T      0.0000   0.5000   0.5000  Z       0.0000   0.0000   0.5000
 X      0.5000  -0.0000   0.0000  U       0.5000  -0.0000   0.5000
 Y      0.0000   0.5000  -0.0000  T       0.0000   0.5000   0.5000
 S      0.5000   0.5000  -0.0000  R       0.5000   0.5000   0.5000
  
 We found KPATH_SLAB card
 k lines for 2D system
 No. of k lines for 2D system :            3
  G     0.00000  0.00000    X       0.50000  0.00000
  X     0.50000  0.00000    M       0.50000  0.50000
  M     0.50000  0.50000    G       0.00000  0.00000
  
 We found KPLANE_SLAB card
 >> Kpoints plane for 2D system--> arcs  
K2D_start: -0.5000 -0.5000
The first vector:   1.0000  0.0000
The second vector:   0.0000  1.0000
  
 We found KPLANE_BULK card
 >> Kpoints plane for 3D system--> gapshape  
k3D_start :  -0.0000 -0.0000 -0.0000
The 1st vector:   1.0000  0.0000  0.0000
The 2nd vector:   0.0000  1.0000  0.0000
  
 We found KCUBE_BULK card
 >> Kpoints cube for 3D system--> gapshape3D  
k3D_start : -0.0000 -0.0000 -0.0000
The 1st vector:   1.0000  0.0000  0.0000
The 2nd vector:   0.0000  1.0000  0.0000
The 3rd vector:   0.0000  0.0000  1.0000
kCubeVolume:   1.9009
Origin_cell%ReciprocalCellVolume:   1.9009
  
  
 >> Using default parameters for Kpoint_3D
>> k points  0.0000 0.0000 0.0000 in unit of reciprocal primitive cell
>> k points  0.0000 0.0000 0.0000 in Cartesian coordinates
  
 >> Using default parameters for effective mass calculation
 >> Effective mass calculation parameters  
>> The    17'th band
>> k step  0.0100 in unit of 1/Angstrom
>> k points  0.0000 0.0000 0.0000 in unit of reciprocal primitive cell
>> k points  0.0000 0.0000 0.0000 in unit of 1/Angstrom
  
 >> We use the default values for k3points_pointmode_direct=[0,0,0]
 >> and Nk3_point_mode = 1
  
 >> We use the default values for Single_KPOINT_2D_DIRECT=[0,0]
  
 >> We use the default values for Single_KPOINT_3D_DIRECT=[0,0,0]
 >> Output all atoms weight for surface state spectrum
 > NtopAtoms           12
> TopAtoms 
     1     2     3     4     5     6     7     8     9    10
    11    12
> NbottomAtoms         12
> BottomAtoms 
     1     2     3     4     5     6     7     8     9    10
    11    12
 > NtopOrbitals           36
> TopOrbitals 
     1     2     3     4     5     6     7     8     9    10
    11    12    13    14    15    16    17    18    19    20
    21    22    23    24    25    26    27    28    29    30
    31    32    33    34    35    36
> NBottomOrbitals   36
> BottomOrbitals 
     1     2     3     4     5     6     7     8     9    10
    11    12    13    14    15    16    17    18    19    20
    21    22    23    24    25    26    27    28    29    30
    31    32    33    34    35    36
  
 >> We do not calculate chirality for nodal lines
  
 We found WEYL_CHIRALITY card
 
Weyl point positions
        kx        ky        kz        k1        k2        k3
   0.17234  -0.62594  -0.30183   0.24994   0.13706   0.50000
   0.58386  -0.62594  -0.56557   0.46834   0.46434   0.50000
   0.08932  -0.00617  -0.17684   0.14644   0.07104   0.00493
 
  
  
>> There are    1 groups of SelectedAtoms
Group :   1
>> Number of atoms selected        12
>> Selected atoms are
    1  Hf            2  Hf            3  Hf            4  Hf            5  O             6  O             7  O             8  O             9  O            10  O         
   11  O            12  O         
  
>> There are   1 groups of SelectedOrbitals
 >> SelectedOrbitals
>> Number of orbitals selected (exclude spin degenarcy)        36
>> Orbitals are
       1       2       3       4       5       6       7       8       9      10      11      12
      13      14      15      16      17      18      19      20      21      22      23      24
      25      26      27      28      29      30      31      32      33      34      35      36
  
 We found SELECTED_OCCUPIED_BANDS card
  
 >> SELECTED_OCCUPIED_BANDS
>> Number of Occupied bands selected         17
>> OccupiedBand indices are
     1     2     3     4     5     6     7     8     9    10    11    12
    13    14    15    16    17
  
  
 >> SELECTEDBANDS
>> Number of bands selected         36
>> Band indices are
     1     2     3     4     5     6     7     8     9    10    11    12
    13    14    15    16    17    18    19    20    21    22    23    24
    25    26    27    28    29    30    31    32    33    34    35    36
  
  
 We found LOTO_DT card for LOTO correction
Diele_tensor(1,:)     5.22376     0.00000     0.00000
Diele_tensor(2,:)     0.00000     4.99008     0.00000
Diele_tensor(3,:)     0.00000     0.00000     4.99057
  
 We found LOTO_BC card for LOTO correction
Born_Charge for atom   1  Hf    
     5.45772    -0.14182    -0.35942
    -0.22438     4.99084     0.03997
    -0.01560    -0.04069     5.16594
Born_Charge for atom   2  Hf    
     5.45772    -0.14182     0.35942
    -0.22438     4.99084    -0.03997
     0.01560     0.04069     5.16594
Born_Charge for atom   3  Hf    
     5.45772     0.14182     0.35942
     0.22438     4.99084     0.03997
     0.01560    -0.04069     5.16594
Born_Charge for atom   4  Hf    
     5.45772     0.14182    -0.35942
     0.22438     4.99084    -0.03997
    -0.01560     0.04069     5.16594
Born_Charge for atom   5  O     
    -2.94071    -0.68696     0.75580
    -0.63451    -2.48703    -0.32255
     0.95697    -0.31299    -2.49075
Born_Charge for atom   6  O     
    -2.94071    -0.68696    -0.75580
    -0.63451    -2.48703     0.32255
    -0.95697     0.31299    -2.49075
Born_Charge for atom   7  O     
    -2.51701     0.17424    -0.08610
     0.12641    -2.50382     0.28376
    -0.15048     0.25016    -2.67519
Born_Charge for atom   8  O     
    -2.51701     0.17424     0.08610
     0.12641    -2.50382    -0.28376
     0.15048    -0.25016    -2.67519
Born_Charge for atom   9  O     
    -2.51701    -0.17424    -0.08610
    -0.12641    -2.50382    -0.28376
    -0.15048    -0.25016    -2.67519
Born_Charge for atom  10  O     
    -2.51701    -0.17424     0.08610
    -0.12641    -2.50382     0.28376
     0.15048     0.25016    -2.67519
Born_Charge for atom  11  O     
    -2.94071     0.68696    -0.75580
     0.63451    -2.48703    -0.32255
    -0.95697    -0.31299    -2.49075
Born_Charge for atom  12  O     
    -2.94071     0.68696     0.75580
     0.63451    -2.48703     0.32255
     0.95697     0.31299    -2.49075
  
 We found LOTO_INTERPOLATE card for LOTO interpolation to real space
 Grid interpolation parameters:          11          11          11
 <<<Read pn.in file successfully
 Time cost for readinput is about            0.005 s
  >> Begin to read Hmn_R.data
  
>>: Center position for zero electrical potential for adding electrical field    0.500000    0.500000    0.379000
 
  Note: This is not a 2D system or E=0, so we can't add electric field.
 
 
 >> Hopping parameters in the home unit cell
 >> H00= Hmn(R=0) real part
  0.829 -0.118  0.020  0.071  0.018 -0.019 -0.064 -0.009 -0.046 -0.005 -0.005  0.005 -0.147  0.148  0.291  0.021 -0.006 -0.021 -0.032 -0.002  0.006  0.006 -0.009 -0.026 -0.026  0.042  0.025 -0.368 -0.305 -0.298  0.018  0.020  0.033  0.018 -0.006 -0.012
 -0.118  0.819  0.023  0.011 -0.068 -0.036 -0.001  0.058  0.005 -0.005 -0.003  0.003  0.120 -0.065 -0.118 -0.038  0.048  0.019  0.012  0.020  0.027  0.012  0.003 -0.003 -0.034 -0.030 -0.047 -0.336 -0.381 -0.263 -0.018  0.010 -0.030 -0.011  0.014 -0.006
  0.020  0.023  0.799 -0.031 -0.087 -0.057 -0.022 -0.004 -0.053 -0.001  0.001  0.001  0.269 -0.207 -0.598 -0.029  0.007 -0.017 -0.003 -0.016 -0.024  0.025  0.008  0.024  0.023  0.040 -0.002 -0.352 -0.268 -0.300 -0.002  0.008  0.005 -0.003 -0.011  0.006
  0.071  0.011 -0.031  0.829 -0.118 -0.020 -0.065  0.036 -0.006 -0.064  0.001 -0.022 -0.102 -0.174 -0.089 -0.147  0.148 -0.291 -0.086  0.227 -0.266  0.009 -0.124 -0.077 -0.368 -0.305  0.298 -0.125  0.023  0.010 -0.025  0.030 -0.037  0.002  0.022  0.013
  0.018 -0.068 -0.087 -0.118  0.819 -0.023  0.042 -0.059 -0.003  0.009  0.058  0.004 -0.244 -0.583 -0.156  0.120 -0.065  0.118  0.315 -0.450  0.482 -0.047 -0.137 -0.061 -0.336 -0.381  0.263  0.174 -0.216 -0.183 -0.007 -0.025 -0.010  0.006  0.019 -0.000
 -0.019 -0.036 -0.057 -0.020 -0.023  0.799 -0.023  0.005  0.066 -0.046 -0.005 -0.053 -0.090 -0.077 -0.125 -0.269  0.207 -0.598 -0.241  0.363 -0.387 -0.089 -0.182 -0.241  0.352  0.268 -0.300  0.155 -0.135 -0.127  0.024 -0.009 -0.009 -0.025  0.017  0.010
 -0.064 -0.001 -0.022 -0.065  0.042 -0.023  0.829  0.118 -0.020  0.071 -0.018  0.019  0.002 -0.022  0.013  0.026 -0.001  0.028 -0.368  0.305  0.298 -0.026 -0.042 -0.025  0.010 -0.033 -0.004  0.009  0.124 -0.077 -0.147 -0.148 -0.291  0.021  0.006  0.021
 -0.009  0.058 -0.004  0.036 -0.059  0.005  0.118  0.819  0.023 -0.011 -0.068 -0.036 -0.006  0.019  0.000 -0.002  0.022 -0.009  0.336 -0.381 -0.263  0.034 -0.030 -0.047  0.030 -0.030  0.031  0.047 -0.137  0.061 -0.120 -0.065 -0.118  0.038  0.048  0.019
 -0.046  0.005 -0.053 -0.006 -0.003  0.066 -0.020  0.023  0.799  0.031 -0.087 -0.057 -0.025 -0.017  0.010 -0.024  0.004 -0.046  0.352 -0.268 -0.300 -0.023  0.040 -0.002  0.010 -0.024 -0.014 -0.089  0.182 -0.241 -0.269 -0.207 -0.598  0.029  0.007 -0.017
 -0.005 -0.005 -0.001 -0.064  0.009 -0.046  0.071 -0.011  0.031  0.829  0.118  0.020  0.038  0.018 -0.003  0.018 -0.020  0.033 -0.125 -0.023 -0.010 -0.368  0.305 -0.298 -0.032  0.002  0.006  0.003  0.004  0.026 -0.102  0.174  0.089 -0.147 -0.148  0.291
 -0.005 -0.003  0.001  0.001  0.058 -0.005 -0.018 -0.068 -0.087  0.118  0.819 -0.023 -0.003 -0.027  0.009  0.018  0.010  0.030 -0.174 -0.216 -0.183  0.336 -0.381  0.263 -0.012  0.020 -0.027  0.005 -0.013  0.018  0.244 -0.583 -0.156 -0.120 -0.065  0.118
  0.005  0.003  0.001 -0.022  0.004 -0.053  0.019 -0.036 -0.057  0.020 -0.023  0.799 -0.007  0.003  0.012 -0.002 -0.008  0.005 -0.155 -0.135 -0.127 -0.352  0.268 -0.300 -0.003  0.016 -0.024 -0.017 -0.028 -0.032  0.090 -0.077 -0.125  0.269  0.207 -0.598
 -0.147  0.120  0.269 -0.102 -0.244 -0.090  0.002 -0.006 -0.025  0.038 -0.003 -0.007  9.075  2.581 -3.352 -0.028 -0.045  0.047 -0.543 -0.155 -0.320 -0.208 -0.064 -0.165 -0.069  0.068  0.140 -1.778 -0.579  0.624  0.008 -0.016  0.030 -0.004  0.012  0.039
  0.148 -0.065 -0.207 -0.174 -0.583 -0.077 -0.022  0.019 -0.017  0.018 -0.027  0.003  2.581  5.077  0.510 -0.048 -0.799  0.379 -0.168 -0.009 -0.136 -0.237 -0.166 -0.409 -0.227 -0.080  0.304 -0.427  0.062  0.184 -0.018 -0.019  0.018 -0.004  0.021  0.009
  0.291 -0.118 -0.598 -0.089 -0.156 -0.125  0.013  0.000  0.010 -0.003  0.009  0.012 -3.352  0.510  6.606  0.074  0.359 -0.108 -0.282 -0.160 -0.410  0.051  0.046 -0.052 -0.220 -0.160  0.114  0.653  0.243 -0.034 -0.003  0.023  0.013 -0.011  0.012 -0.025
  0.021 -0.038 -0.029 -0.147  0.120 -0.269  0.026 -0.002 -0.024  0.018  0.018 -0.002 -0.028 -0.048  0.074  9.075  2.581  3.352 -0.309  0.303 -0.206 -0.050 -0.076  0.086 -1.778 -0.579 -0.624 -0.215  0.056 -0.041 -0.027 -0.009 -0.002  0.008  0.018 -0.003
 -0.006  0.048  0.007  0.148 -0.065  0.207 -0.001  0.022  0.004 -0.020  0.010 -0.008 -0.045 -0.799  0.359  2.581  5.077 -0.510  0.024 -0.194  0.040  0.115  0.090  0.173 -0.427  0.062 -0.184  0.141 -0.215  0.080  0.014 -0.001 -0.009  0.016 -0.019 -0.023
 -0.021  0.019 -0.017 -0.291  0.118 -0.598  0.028 -0.009 -0.046  0.033  0.030  0.005  0.047  0.379 -0.108  3.352 -0.510  6.606 -0.337  0.560 -0.455 -0.048 -0.147  0.010 -0.653 -0.243 -0.034 -0.030  0.045  0.007 -0.056  0.002  0.012  0.030 -0.018  0.013
 -0.032  0.012 -0.003 -0.086  0.315 -0.241 -0.368  0.336  0.352 -0.125 -0.174 -0.155 -0.543 -0.168 -0.282 -0.309  0.024 -0.337  5.590 -1.268  0.925  0.163  0.159  0.110  0.088  0.129 -0.104  0.039 -0.084  0.303 -1.778  0.427 -0.653 -0.215 -0.141  0.030
 -0.002  0.020 -0.016  0.227 -0.450  0.363  0.305 -0.381 -0.268 -0.023 -0.216 -0.135 -0.155 -0.009 -0.160  0.303 -0.194  0.560 -1.268  8.367 -0.780 -0.113 -1.942 -0.175 -0.112 -0.001 -0.082 -0.076  0.064  0.034  0.579  0.062  0.243 -0.056 -0.215  0.045
  0.006  0.027 -0.024 -0.266  0.482 -0.387  0.298 -0.263 -0.300 -0.010 -0.183 -0.127 -0.320 -0.136 -0.410 -0.206  0.040 -0.455  0.925 -0.780  7.267  0.030 -0.153  0.091  0.114 -0.024  0.040  0.051 -0.039 -1.357 -0.624  0.184 -0.034  0.041  0.080  0.007
  0.006  0.012  0.025  0.009 -0.047 -0.089 -0.026  0.034 -0.023 -0.368  0.336 -0.352 -0.208 -0.237  0.051 -0.050  0.115 -0.048  0.163 -0.113  0.030  5.590 -1.268 -0.925  0.039  0.076  0.051  0.019 -0.110 -0.089 -0.069  0.227  0.220 -1.778  0.427  0.653
 -0.009  0.003  0.008 -0.124 -0.137 -0.182 -0.042 -0.030  0.040  0.305 -0.381  0.268 -0.064 -0.166  0.046 -0.076  0.090 -0.147  0.159 -1.942 -0.153 -1.268  8.367  0.780  0.084  0.064  0.039  0.035  0.038  0.068 -0.068 -0.080 -0.160  0.579  0.062 -0.243
 -0.026 -0.003  0.024 -0.077 -0.061 -0.241 -0.025 -0.047 -0.002 -0.298  0.263 -0.300 -0.165 -0.409 -0.052  0.086  0.173  0.010  0.110 -0.175  0.091 -0.925  0.780  7.267  0.303 -0.034 -1.357  0.076  0.050  0.060 -0.140  0.304  0.114  0.624 -0.184 -0.034
 -0.026 -0.034  0.023 -0.368 -0.336  0.352  0.010  0.030  0.010 -0.032 -0.012 -0.003 -0.069 -0.227 -0.220 -1.778 -0.427 -0.653  0.088 -0.112  0.114  0.039  0.084  0.303  5.590  1.268  0.925  0.163  0.113 -0.030  0.062 -0.012  0.029 -0.543  0.168 -0.282
  0.042 -0.030  0.040 -0.305 -0.381  0.268 -0.033 -0.030 -0.024  0.002  0.020  0.016  0.068 -0.080 -0.160 -0.579  0.062 -0.243  0.129 -0.001 -0.024  0.076  0.064 -0.034  1.268  8.367  0.780 -0.159 -1.942 -0.153 -0.042  0.056 -0.042  0.155 -0.009  0.160
  0.025 -0.047 -0.002  0.298  0.263 -0.300 -0.004  0.031 -0.014  0.006 -0.027 -0.024  0.140  0.304  0.114 -0.624 -0.184 -0.034 -0.104 -0.082  0.040  0.051  0.039 -1.357  0.925  0.780  7.267 -0.110 -0.175  0.091  0.048  0.013  0.062 -0.320  0.136 -0.410
 -0.368 -0.336 -0.352 -0.125  0.174  0.155  0.009  0.047 -0.089  0.003  0.005 -0.017 -1.778 -0.427  0.653 -0.215  0.141 -0.030  0.039 -0.076  0.051  0.019  0.035  0.076  0.163 -0.159 -0.110  5.590  1.268 -0.925 -0.050 -0.115 -0.048 -0.119  0.016  0.067
 -0.305 -0.381 -0.268  0.023 -0.216 -0.135  0.124 -0.137  0.182  0.004 -0.013 -0.028 -0.579  0.062  0.243  0.056 -0.215  0.045 -0.084  0.064 -0.039 -0.110  0.038  0.050  0.113 -1.942 -0.175  1.268  8.367 -0.780  0.076  0.090  0.147  0.003 -0.046  0.059
 -0.298 -0.263 -0.300  0.010 -0.183 -0.127 -0.077  0.061 -0.241  0.026  0.018 -0.032  0.624  0.184 -0.034 -0.041  0.080  0.007  0.303  0.034 -1.357 -0.089  0.068  0.060 -0.030 -0.153  0.091 -0.925 -0.780  7.267  0.086 -0.173  0.010  0.040  0.024 -0.078
  0.018 -0.018 -0.002 -0.025 -0.007  0.024 -0.147 -0.120 -0.269 -0.102  0.244  0.090  0.008 -0.018 -0.003 -0.027  0.014 -0.056 -1.778  0.579 -0.624 -0.069 -0.068 -0.140  0.062 -0.042  0.048 -0.050  0.076  0.086  9.075 -2.581  3.352 -0.028  0.045 -0.047
  0.020  0.010  0.008  0.030 -0.025 -0.009 -0.148 -0.065 -0.207  0.174 -0.583 -0.077 -0.016 -0.019  0.023 -0.009 -0.001  0.002  0.427  0.062  0.184  0.227 -0.080  0.304 -0.012  0.056  0.013 -0.115  0.090 -0.173 -2.581  5.077  0.510  0.048 -0.799  0.379
  0.033 -0.030  0.005 -0.037 -0.010 -0.009 -0.291 -0.118 -0.598  0.089 -0.156 -0.125  0.030  0.018  0.013 -0.002 -0.009  0.012 -0.653  0.243 -0.034  0.220 -0.160  0.114  0.029 -0.042  0.062 -0.048  0.147  0.010  3.352  0.510  6.606 -0.074  0.359 -0.108
  0.018 -0.011 -0.003  0.002  0.006 -0.025  0.021  0.038  0.029 -0.147 -0.120  0.269 -0.004 -0.004 -0.011  0.008  0.016  0.030 -0.215 -0.056  0.041 -1.778  0.579  0.624 -0.543  0.155 -0.320 -0.119  0.003  0.040 -0.028  0.048 -0.074  9.075 -2.581 -3.352
 -0.006  0.014 -0.011  0.022  0.019  0.017  0.006  0.048  0.007 -0.148 -0.065  0.207  0.012  0.021  0.012  0.018 -0.019 -0.018 -0.141 -0.215  0.080  0.427  0.062 -0.184  0.168 -0.009  0.136  0.016 -0.046  0.024  0.045 -0.799  0.359 -2.581  5.077 -0.510
 -0.012 -0.006  0.006  0.013 -0.000  0.010  0.021  0.019 -0.017  0.291  0.118 -0.598  0.039  0.009 -0.025 -0.003 -0.023  0.013  0.030  0.045  0.007  0.653 -0.243 -0.034 -0.282  0.160 -0.410  0.067  0.059 -0.078 -0.047  0.379 -0.108 -3.352 -0.510  6.606
 
 >> H00= Hmn(R=0) imaginary part
  0.000  0.000  0.000  0.000  0.000  0.000  0.000  0.000  0.000  0.000  0.000  0.000  0.000  0.000  0.000  0.000  0.000  0.000  0.000  0.000  0.000  0.000  0.000  0.000  0.000  0.000  0.000  0.000  0.000  0.000  0.000  0.000  0.000  0.000  0.000  0.000
  0.000  0.000  0.000  0.000  0.000  0.000  0.000  0.000  0.000  0.000  0.000  0.000  0.000  0.000  0.000  0.000  0.000  0.000  0.000  0.000  0.000  0.000  0.000  0.000  0.000  0.000  0.000  0.000  0.000  0.000  0.000  0.000  0.000  0.000  0.000  0.000
  0.000  0.000  0.000  0.000  0.000  0.000  0.000  0.000  0.000  0.000  0.000  0.000  0.000  0.000  0.000  0.000  0.000  0.000  0.000  0.000  0.000  0.000  0.000  0.000  0.000  0.000  0.000  0.000  0.000  0.000  0.000  0.000  0.000  0.000  0.000  0.000
  0.000  0.000  0.000  0.000  0.000  0.000  0.000  0.000  0.000  0.000  0.000  0.000  0.000  0.000  0.000  0.000  0.000  0.000  0.000  0.000  0.000  0.000  0.000  0.000  0.000  0.000  0.000  0.000  0.000  0.000  0.000  0.000  0.000  0.000  0.000  0.000
  0.000  0.000  0.000  0.000  0.000  0.000  0.000  0.000  0.000  0.000  0.000  0.000  0.000  0.000  0.000  0.000  0.000  0.000  0.000  0.000  0.000  0.000  0.000  0.000  0.000  0.000  0.000  0.000  0.000  0.000  0.000  0.000  0.000  0.000  0.000  0.000
  0.000  0.000  0.000  0.000  0.000  0.000  0.000  0.000  0.000  0.000  0.000  0.000  0.000  0.000  0.000  0.000  0.000  0.000  0.000  0.000  0.000  0.000  0.000  0.000  0.000  0.000  0.000  0.000  0.000  0.000  0.000  0.000  0.000  0.000  0.000  0.000
  0.000  0.000  0.000  0.000  0.000  0.000  0.000  0.000  0.000  0.000  0.000  0.000  0.000  0.000  0.000  0.000  0.000  0.000  0.000  0.000  0.000  0.000  0.000  0.000  0.000  0.000  0.000  0.000  0.000  0.000  0.000  0.000  0.000  0.000  0.000  0.000
  0.000  0.000  0.000  0.000  0.000  0.000  0.000  0.000  0.000  0.000  0.000  0.000  0.000  0.000  0.000  0.000  0.000  0.000  0.000  0.000  0.000  0.000  0.000  0.000  0.000  0.000  0.000  0.000  0.000  0.000  0.000  0.000  0.000  0.000  0.000  0.000
  0.000  0.000  0.000  0.000  0.000  0.000  0.000  0.000  0.000  0.000  0.000  0.000  0.000  0.000  0.000  0.000  0.000  0.000  0.000  0.000  0.000  0.000  0.000  0.000  0.000  0.000  0.000  0.000  0.000  0.000  0.000  0.000  0.000  0.000  0.000  0.000
  0.000  0.000  0.000  0.000  0.000  0.000  0.000  0.000  0.000  0.000  0.000  0.000  0.000  0.000  0.000  0.000  0.000  0.000  0.000  0.000  0.000  0.000  0.000  0.000  0.000  0.000  0.000  0.000  0.000  0.000  0.000  0.000  0.000  0.000  0.000  0.000
  0.000  0.000  0.000  0.000  0.000  0.000  0.000  0.000  0.000  0.000  0.000  0.000  0.000  0.000  0.000  0.000  0.000  0.000  0.000  0.000  0.000  0.000  0.000  0.000  0.000  0.000  0.000  0.000  0.000  0.000  0.000  0.000  0.000  0.000  0.000  0.000
  0.000  0.000  0.000  0.000  0.000  0.000  0.000  0.000  0.000  0.000  0.000  0.000  0.000  0.000  0.000  0.000  0.000  0.000  0.000  0.000  0.000  0.000  0.000  0.000  0.000  0.000  0.000  0.000  0.000  0.000  0.000  0.000  0.000  0.000  0.000  0.000
  0.000  0.000  0.000  0.000  0.000  0.000  0.000  0.000  0.000  0.000  0.000  0.000  0.000  0.000  0.000  0.000  0.000  0.000  0.000  0.000  0.000  0.000  0.000  0.000  0.000  0.000  0.000  0.000  0.000  0.000  0.000  0.000  0.000  0.000  0.000  0.000
  0.000  0.000  0.000  0.000  0.000  0.000  0.000  0.000  0.000  0.000  0.000  0.000  0.000  0.000  0.000  0.000  0.000  0.000  0.000  0.000  0.000  0.000  0.000  0.000  0.000  0.000  0.000  0.000  0.000  0.000  0.000  0.000  0.000  0.000  0.000  0.000
  0.000  0.000  0.000  0.000  0.000  0.000  0.000  0.000  0.000  0.000  0.000  0.000  0.000  0.000  0.000  0.000  0.000  0.000  0.000  0.000  0.000  0.000  0.000  0.000  0.000  0.000  0.000  0.000  0.000  0.000  0.000  0.000  0.000  0.000  0.000  0.000
  0.000  0.000  0.000  0.000  0.000  0.000  0.000  0.000  0.000  0.000  0.000  0.000  0.000  0.000  0.000  0.000  0.000  0.000  0.000  0.000  0.000  0.000  0.000  0.000  0.000  0.000  0.000  0.000  0.000  0.000  0.000  0.000  0.000  0.000  0.000  0.000
  0.000  0.000  0.000  0.000  0.000  0.000  0.000  0.000  0.000  0.000  0.000  0.000  0.000  0.000  0.000  0.000  0.000  0.000  0.000  0.000  0.000  0.000  0.000  0.000  0.000  0.000  0.000  0.000  0.000  0.000  0.000  0.000  0.000  0.000  0.000  0.000
  0.000  0.000  0.000  0.000  0.000  0.000  0.000  0.000  0.000  0.000  0.000  0.000  0.000  0.000  0.000  0.000  0.000  0.000  0.000  0.000  0.000  0.000  0.000  0.000  0.000  0.000  0.000  0.000  0.000  0.000  0.000  0.000  0.000  0.000  0.000  0.000
  0.000  0.000  0.000  0.000  0.000  0.000  0.000  0.000  0.000  0.000  0.000  0.000  0.000  0.000  0.000  0.000  0.000  0.000  0.000  0.000  0.000  0.000  0.000  0.000  0.000  0.000  0.000  0.000  0.000  0.000  0.000  0.000  0.000  0.000  0.000  0.000
  0.000  0.000  0.000  0.000  0.000  0.000  0.000  0.000  0.000  0.000  0.000  0.000  0.000  0.000  0.000  0.000  0.000  0.000  0.000  0.000  0.000  0.000  0.000  0.000  0.000  0.000  0.000  0.000  0.000  0.000  0.000  0.000  0.000  0.000  0.000  0.000
  0.000  0.000  0.000  0.000  0.000  0.000  0.000  0.000  0.000  0.000  0.000  0.000  0.000  0.000  0.000  0.000  0.000  0.000  0.000  0.000  0.000  0.000  0.000  0.000  0.000  0.000  0.000  0.000  0.000  0.000  0.000  0.000  0.000  0.000  0.000  0.000
  0.000  0.000  0.000  0.000  0.000  0.000  0.000  0.000  0.000  0.000  0.000  0.000  0.000  0.000  0.000  0.000  0.000  0.000  0.000  0.000  0.000  0.000  0.000  0.000  0.000  0.000  0.000  0.000  0.000  0.000  0.000  0.000  0.000  0.000  0.000  0.000
  0.000  0.000  0.000  0.000  0.000  0.000  0.000  0.000  0.000  0.000  0.000  0.000  0.000  0.000  0.000  0.000  0.000  0.000  0.000  0.000  0.000  0.000  0.000  0.000  0.000  0.000  0.000  0.000  0.000  0.000  0.000  0.000  0.000  0.000  0.000  0.000
  0.000  0.000  0.000  0.000  0.000  0.000  0.000  0.000  0.000  0.000  0.000  0.000  0.000  0.000  0.000  0.000  0.000  0.000  0.000  0.000  0.000  0.000  0.000  0.000  0.000  0.000  0.000  0.000  0.000  0.000  0.000  0.000  0.000  0.000  0.000  0.000
  0.000  0.000  0.000  0.000  0.000  0.000  0.000  0.000  0.000  0.000  0.000  0.000  0.000  0.000  0.000  0.000  0.000  0.000  0.000  0.000  0.000  0.000  0.000  0.000  0.000  0.000  0.000  0.000  0.000  0.000  0.000  0.000  0.000  0.000  0.000  0.000
  0.000  0.000  0.000  0.000  0.000  0.000  0.000  0.000  0.000  0.000  0.000  0.000  0.000  0.000  0.000  0.000  0.000  0.000  0.000  0.000  0.000  0.000  0.000  0.000  0.000  0.000  0.000  0.000  0.000  0.000  0.000  0.000  0.000  0.000  0.000  0.000
  0.000  0.000  0.000  0.000  0.000  0.000  0.000  0.000  0.000  0.000  0.000  0.000  0.000  0.000  0.000  0.000  0.000  0.000  0.000  0.000  0.000  0.000  0.000  0.000  0.000  0.000  0.000  0.000  0.000  0.000  0.000  0.000  0.000  0.000  0.000  0.000
  0.000  0.000  0.000  0.000  0.000  0.000  0.000  0.000  0.000  0.000  0.000  0.000  0.000  0.000  0.000  0.000  0.000  0.000  0.000  0.000  0.000  0.000  0.000  0.000  0.000  0.000  0.000  0.000  0.000  0.000  0.000  0.000  0.000  0.000  0.000  0.000
  0.000  0.000  0.000  0.000  0.000  0.000  0.000  0.000  0.000  0.000  0.000  0.000  0.000  0.000  0.000  0.000  0.000  0.000  0.000  0.000  0.000  0.000  0.000  0.000  0.000  0.000  0.000  0.000  0.000  0.000  0.000  0.000  0.000  0.000  0.000  0.000
  0.000  0.000  0.000  0.000  0.000  0.000  0.000  0.000  0.000  0.000  0.000  0.000  0.000  0.000  0.000  0.000  0.000  0.000  0.000  0.000  0.000  0.000  0.000  0.000  0.000  0.000  0.000  0.000  0.000  0.000  0.000  0.000  0.000  0.000  0.000  0.000
  0.000  0.000  0.000  0.000  0.000  0.000  0.000  0.000  0.000  0.000  0.000  0.000  0.000  0.000  0.000  0.000  0.000  0.000  0.000  0.000  0.000  0.000  0.000  0.000  0.000  0.000  0.000  0.000  0.000  0.000  0.000  0.000  0.000  0.000  0.000  0.000
  0.000  0.000  0.000  0.000  0.000  0.000  0.000  0.000  0.000  0.000  0.000  0.000  0.000  0.000  0.000  0.000  0.000  0.000  0.000  0.000  0.000  0.000  0.000  0.000  0.000  0.000  0.000  0.000  0.000  0.000  0.000  0.000  0.000  0.000  0.000  0.000
  0.000  0.000  0.000  0.000  0.000  0.000  0.000  0.000  0.000  0.000  0.000  0.000  0.000  0.000  0.000  0.000  0.000  0.000  0.000  0.000  0.000  0.000  0.000  0.000  0.000  0.000  0.000  0.000  0.000  0.000  0.000  0.000  0.000  0.000  0.000  0.000
  0.000  0.000  0.000  0.000  0.000  0.000  0.000  0.000  0.000  0.000  0.000  0.000  0.000  0.000  0.000  0.000  0.000  0.000  0.000  0.000  0.000  0.000  0.000  0.000  0.000  0.000  0.000  0.000  0.000  0.000  0.000  0.000  0.000  0.000  0.000  0.000
  0.000  0.000  0.000  0.000  0.000  0.000  0.000  0.000  0.000  0.000  0.000  0.000  0.000  0.000  0.000  0.000  0.000  0.000  0.000  0.000  0.000  0.000  0.000  0.000  0.000  0.000  0.000  0.000  0.000  0.000  0.000  0.000  0.000  0.000  0.000  0.000
  0.000  0.000  0.000  0.000  0.000  0.000  0.000  0.000  0.000  0.000  0.000  0.000  0.000  0.000  0.000  0.000  0.000  0.000  0.000  0.000  0.000  0.000  0.000  0.000  0.000  0.000  0.000  0.000  0.000  0.000  0.000  0.000  0.000  0.000  0.000  0.000
 
  << Read Hmn_R.data successfully
  
 >> Start of chirality of Weyl points calculating
 
>> We are calculation the chirality of the   1'th Weyl point
>> k (Cartesian coordinates):     0.091200   -0.331235   -0.159720
  Wilson loop ik, Nk           1          50
  Wilson loop ik, Nk           2          50
  Wilson loop ik, Nk           3          50
  Wilson loop ik, Nk           4          50
  Wilson loop ik, Nk           5          50
  Wilson loop ik, Nk           6          50
  Wilson loop ik, Nk           7          50
  Wilson loop ik, Nk           8          50
  Wilson loop ik, Nk           9          50
  Wilson loop ik, Nk          10          50
  Wilson loop ik, Nk          11          50
  Wilson loop ik, Nk          12          50
  Wilson loop ik, Nk          13          50
  Wilson loop ik, Nk          14          50
  Wilson loop ik, Nk          15          50
  Wilson loop ik, Nk          16          50
  Wilson loop ik, Nk          17          50
  Wilson loop ik, Nk          18          50
  Wilson loop ik, Nk          19          50
  Wilson loop ik, Nk          20          50
  Wilson loop ik, Nk          21          50
  Wilson loop ik, Nk          22          50
  Wilson loop ik, Nk          23          50
  Wilson loop ik, Nk          24          50
  Wilson loop ik, Nk          25          50
  Wilson loop ik, Nk          26          50
  Wilson loop ik, Nk          27          50
  Wilson loop ik, Nk          28          50
  Wilson loop ik, Nk          29          50
  Wilson loop ik, Nk          30          50
  Wilson loop ik, Nk          31          50
  Wilson loop ik, Nk          32          50
  Wilson loop ik, Nk          33          50
  Wilson loop ik, Nk          34          50
  Wilson loop ik, Nk          35          50
  Wilson loop ik, Nk          36          50
  Wilson loop ik, Nk          37          50
  Wilson loop ik, Nk          38          50
  Wilson loop ik, Nk          39          50
  Wilson loop ik, Nk          40          50
  Wilson loop ik, Nk          41          50
  Wilson loop ik, Nk          42          50
  Wilson loop ik, Nk          43          50
  Wilson loop ik, Nk          44          50
  Wilson loop ik, Nk          45          50
  Wilson loop ik, Nk          46          50
  Wilson loop ik, Nk          47          50
  Wilson loop ik, Nk          48          50
  Wilson loop ik, Nk          49          50
  Wilson loop ik, Nk          50          50
 
>> We are calculation the chirality of the   2'th Weyl point
>> k (Cartesian coordinates):     0.308965   -0.331235   -0.299286
  Wilson loop ik, Nk           1          50
  Wilson loop ik, Nk           2          50
  Wilson loop ik, Nk           3          50
  Wilson loop ik, Nk           4          50
  Wilson loop ik, Nk           5          50
  Wilson loop ik, Nk           6          50
  Wilson loop ik, Nk           7          50
  Wilson loop ik, Nk           8          50
  Wilson loop ik, Nk           9          50
  Wilson loop ik, Nk          10          50
  Wilson loop ik, Nk          11          50
  Wilson loop ik, Nk          12          50
  Wilson loop ik, Nk          13          50
  Wilson loop ik, Nk          14          50
  Wilson loop ik, Nk          15          50
  Wilson loop ik, Nk          16          50
  Wilson loop ik, Nk          17          50
  Wilson loop ik, Nk          18          50
  Wilson loop ik, Nk          19          50
  Wilson loop ik, Nk          20          50
  Wilson loop ik, Nk          21          50
  Wilson loop ik, Nk          22          50
  Wilson loop ik, Nk          23          50
  Wilson loop ik, Nk          24          50
  Wilson loop ik, Nk          25          50
  Wilson loop ik, Nk          26          50
  Wilson loop ik, Nk          27          50
  Wilson loop ik, Nk          28          50
  Wilson loop ik, Nk          29          50
  Wilson loop ik, Nk          30          50
  Wilson loop ik, Nk          31          50
  Wilson loop ik, Nk          32          50
  Wilson loop ik, Nk          33          50
  Wilson loop ik, Nk          34          50
  Wilson loop ik, Nk          35          50
  Wilson loop ik, Nk          36          50
  Wilson loop ik, Nk          37          50
  Wilson loop ik, Nk          38          50
  Wilson loop ik, Nk          39          50
  Wilson loop ik, Nk          40          50
  Wilson loop ik, Nk          41          50
  Wilson loop ik, Nk          42          50
  Wilson loop ik, Nk          43          50
  Wilson loop ik, Nk          44          50
  Wilson loop ik, Nk          45          50
  Wilson loop ik, Nk          46          50
  Wilson loop ik, Nk          47          50
  Wilson loop ik, Nk          48          50
  Wilson loop ik, Nk          49          50
  Wilson loop ik, Nk          50          50
 
>> We are calculation the chirality of the   3'th Weyl point
>> k (Cartesian coordinates):     0.047268   -0.003263   -0.093580
  Wilson loop ik, Nk           1          50
  Wilson loop ik, Nk           2          50
  Wilson loop ik, Nk           3          50
  Wilson loop ik, Nk           4          50
  Wilson loop ik, Nk           5          50
  Wilson loop ik, Nk           6          50
  Wilson loop ik, Nk           7          50
  Wilson loop ik, Nk           8          50
  Wilson loop ik, Nk           9          50
  Wilson loop ik, Nk          10          50
  Wilson loop ik, Nk          11          50
  Wilson loop ik, Nk          12          50
  Wilson loop ik, Nk          13          50
  Wilson loop ik, Nk          14          50
  Wilson loop ik, Nk          15          50
  Wilson loop ik, Nk          16          50
  Wilson loop ik, Nk          17          50
  Wilson loop ik, Nk          18          50
  Wilson loop ik, Nk          19          50
  Wilson loop ik, Nk          20          50
  Wilson loop ik, Nk          21          50
  Wilson loop ik, Nk          22          50
  Wilson loop ik, Nk          23          50
  Wilson loop ik, Nk          24          50
  Wilson loop ik, Nk          25          50
  Wilson loop ik, Nk          26          50
  Wilson loop ik, Nk          27          50
  Wilson loop ik, Nk          28          50
  Wilson loop ik, Nk          29          50
  Wilson loop ik, Nk          30          50
  Wilson loop ik, Nk          31          50
  Wilson loop ik, Nk          32          50
  Wilson loop ik, Nk          33          50
  Wilson loop ik, Nk          34          50
  Wilson loop ik, Nk          35          50
  Wilson loop ik, Nk          36          50
  Wilson loop ik, Nk          37          50
  Wilson loop ik, Nk          38          50
  Wilson loop ik, Nk          39          50
  Wilson loop ik, Nk          40          50
  Wilson loop ik, Nk          41          50
  Wilson loop ik, Nk          42          50
  Wilson loop ik, Nk          43          50
  Wilson loop ik, Nk          44          50
  Wilson loop ik, Nk          45          50
  Wilson loop ik, Nk          46          50
  Wilson loop ik, Nk          47          50
  Wilson loop ik, Nk          48          50
  Wilson loop ik, Nk          49          50
  Wilson loop ik, Nk          50          50
Chiralities
#      k1        k2        k3        kx        ky        kz      Chirality
   0.24994   0.13706   0.50000   0.17234  -0.62594  -0.30183       0
   0.46834   0.46434   0.50000   0.58386  -0.62594  -0.56557       0
   0.14644   0.07104   0.00493   0.08932  -0.00617  -0.17684       0
 Time cost for WeylChirality_calc is about           26.041 s
 << End of chirality of Weyl points calculating
  
 Time cost for whole program is about           26.133 s
  
  
  =======================================================================
  Hurray! I finished running!
  Check the rest of the output files to see the results.
  If you think everything is correct and you want to use it for any 
  publication, please acknowledge and cite this program as:
  
  Loren ipsum dolor sit amet
  name name name name
  where and when
  doi
  
  If you saw any bug or anything odd during execution,        
  report it at fballestermacia@gmail.com or on github                 
  Thank you for using Simphony!           
  
  ''And then there's quantum, of course.'  The monk sighed. 
  'There's always bloody quantum.'' - Sir Terry Pratchett, Night Watch
  =======================================================================
