.d88888b  oo                      dP                                  
88.    "                          88                                  
`Y88888b. dP 88d8b.d8b.  88d888b. 88d888b. .d8888b. 88d888b. dP    dP 
      `8b 88 88 `88 `88  88   `88 88   `88 88   `88 88   `88 88    88 
d8    .8P 88 88  88  88  88.  .88 88    88 88.  .88 88    88 88.  .88 
 Y88888P  dP dP  dP  dP  88Y888P  dP    dP `88888P  dP    dP `8888P88 
oooooooooooooooooooooooo~88~oooooooooooooooooooooooooooooooooo~~~~.88~
                        dP                                   d8888P   
                                                           
                     Hi! You are now using Simphony              
                      Version 1.1.0     
                          I hope I can help!                   
                                                           
                        Author: Francesc Ballester              
                      Email: fballestermacia@gmail.com           
                      TODO: INCLUDE PAPER AND GITHUB              
                                                           
                 Now, let's start by reading your input file...    
 =====================================================================
                                                           
 You are using     1 CPU cores
  
   
 >>>Read some parameters from pn.in
 Tight-binding Hamiltonian filename : wannier90_hr.dat         
 Tight-binding Hamiltonian obtained from package : QE                       
   
 >>>Control parameters: 
 BulkBand_line_calc                :  F
 BulkBand_plane_calc               :  F
 BulkBand_unfold_line_calc         :  F
 BulkBand_unfold_plane_calc        :  F
 BulkFatBand_calc                  :  F
 BulkBand_cube_calc                :  F
 BulkFS_calc                       :  F
 BulkFS_Plane_calc                 :  F
 BulkFS_plane_stack_calc           :  F
 BulkGap_cube_calc                 :  F
 BulkGap_plane_calc                :  F
 SlabBand_calc                     :  F
 SlabBandWaveFunc_calc             :  F
 SlabSS_calc                       :  F
 SlabArc_calc                      :  F
 wanniercenter_calc                :  F
 BerryPhase_calc                   :  F
 BerryCurvature_calc               :  F
 BerryCurvature_EF_calc            :  F
 BerryCurvature_kpath_EF_calc      :  F
 BerryCurvature_Cube_calc          :  F
 BerryCurvature_slab_calc          :  F
 Dos_calc                          :  F
 Z2_3D_calc                        :  F
 WeylChirality_calc                :  T
 Chern_3D_calc                     :  F
 MirrorChern_calc                  :  F
 JDos_calc                         :  F
 SlabDos_calc                      :  F
 FindNodes_calc                    :  F
 EffectiveMass_calc                :  F
 LOTO_correction                   :  T
 apply_ASR                         :  F
 Write_eigenstates_at_HSP          :  F
   
 >>>System parameters: 
 NumSlabs :    10
 Nslab1 for ribbon  :     1
 Nslab2 for ribbon  :     1
 Number of Occupied bands:    18
 Fermi energy (eV) :        0.000000
 ijmax :    10
   
 >>>calculation parameters : 
 E_arc :          1.00000
 Eta_arc :          0.00500
 symprec :          0.00010
 EF_broadening :          0.05000
 Gap_threshold         0.00001
 OmegaMin :          0.50000
 OmegaMax :          1.50000
 OmegaNum :    100
 Nk1 :     50
 Nk2 :     50
 Nk3 :     50
 NP number of principle layers  :      5
 Tmin(Kelvin)  :        100.00000
 Tmax(Kelvin)  :        100.00000
 Rcut    999999.00000
 iprint_level               1
 RKF45_PERIODIC_LEVEL            1.00
 wcc_calc_tol         0.08000
 wcc_neighbour_tol         0.30000
 NumSelectedEigenVals     0
 NumRandomConfs:     1
 Projection weight mode:NORMAL              
  
 We found LATTICE card
>> lattice information (Angstrom)
           a           b           c       alpha        beta       gamma
    5.054811    4.980947    5.271658   47.625949   47.625949   47.625949
 Three Lattice vectors of the unfolded cell: 
    5.054811    0.000000    0.000000
   -0.000000    4.980947    0.000000
    0.000000    0.000000    5.271658
>> Reciprocal lattice information (1/Angstrom)
           a           b           c       alpha        beta       gamma
    1.243011    1.261444    1.191880  170.075351  170.075351  170.075351
 Three reciprocal lattice vectors of the primitive cell: 
    1.243011    0.000000   -0.000000
    0.000000    1.261444    0.000000
    0.000000   -0.000000    1.191880
  
 We found ATOMS card
Origin_cell%Num_atoms   12
  
 
>> Atom position and mass of Original lattice
                                    Catesian(Ang)                  Fractional(Direct)                    Mass
------------------------------------------------------------------------------------------------------------------
 index  Atom Name            x           y           z           a           b           c       m
------------------------------------------------------------------------------------------------------------------
     1  Hf            1.348449    3.778846    0.173906    0.266765    0.758660    0.032989  178.490000
     2  Hf            1.348450    1.288372    2.461923    0.266766    0.258660    0.467011  178.490000
     3  Hf            3.706363    3.778846    2.809735    0.733235    0.758660    0.532989  178.490000
     4  Hf            3.706362    1.288372    5.097751    0.733234    0.258660    0.967011  178.490000
     5  O             0.352680    3.084279    1.932669    0.069771    0.619215    0.366615   15.999400
     6  O             0.352680    0.593805    0.703162    0.069771    0.119215    0.133385   15.999400
     7  O             2.338498    2.535922    3.852255    0.462628    0.509125    0.730748   15.999400
     8  O             2.338498    0.045449    4.055231    0.462628    0.009125    0.769252   15.999400
     9  O             2.716313    0.045449    1.419403    0.537372    0.009125    0.269252   15.999400
    10  O             2.716314    2.535922    1.216426    0.537372    0.509124    0.230748   15.999400
    11  O             4.702132    3.084279    4.568498    0.930229    0.619215    0.866615   15.999400
    12  O             4.702130    0.593805    3.338990    0.930229    0.119215    0.633385   15.999400
  
 >> Wannier centers from pn.in, in unit of unit lattice vectors
 iwann        R1        R2        R3         x         y         z
     1  0.266765  0.758660  0.032989  1.348449  3.778846  0.173906
     2  0.266765  0.758660  0.032989  1.348449  3.778846  0.173906
     3  0.266765  0.758660  0.032989  1.348449  3.778846  0.173906
     4  0.266766  0.258660  0.467011  1.348450  1.288372  2.461923
     5  0.266766  0.258660  0.467011  1.348450  1.288372  2.461923
     6  0.266766  0.258660  0.467011  1.348450  1.288372  2.461923
     7  0.733235  0.758660  0.532989  3.706363  3.778846  2.809735
     8  0.733235  0.758660  0.532989  3.706363  3.778846  2.809735
     9  0.733235  0.758660  0.532989  3.706363  3.778846  2.809735
    10  0.733234  0.258660  0.967011  3.706362  1.288372  5.097751
    11  0.733234  0.258660  0.967011  3.706362  1.288372  5.097751
    12  0.733234  0.258660  0.967011  3.706362  1.288372  5.097751
    13  0.069771  0.619215  0.366615  0.352680  3.084279  1.932669
    14  0.069771  0.619215  0.366615  0.352680  3.084279  1.932669
    15  0.069771  0.619215  0.366615  0.352680  3.084279  1.932669
    16  0.069771  0.119215  0.133385  0.352680  0.593805  0.703162
    17  0.069771  0.119215  0.133385  0.352680  0.593805  0.703162
    18  0.069771  0.119215  0.133385  0.352680  0.593805  0.703162
    19  0.462628  0.509125  0.730748  2.338498  2.535922  3.852255
    20  0.462628  0.509125  0.730748  2.338498  2.535922  3.852255
    21  0.462628  0.509125  0.730748  2.338498  2.535922  3.852255
    22  0.462628  0.009125  0.769252  2.338498  0.045449  4.055231
    23  0.462628  0.009125  0.769252  2.338498  0.045449  4.055231
    24  0.462628  0.009125  0.769252  2.338498  0.045449  4.055231
    25  0.537372  0.009125  0.269252  2.716313  0.045449  1.419403
    26  0.537372  0.009125  0.269252  2.716313  0.045449  1.419403
    27  0.537372  0.009125  0.269252  2.716313  0.045449  1.419403
    28  0.537372  0.509124  0.230748  2.716314  2.535922  1.216426
    29  0.537372  0.509124  0.230748  2.716314  2.535922  1.216426
    30  0.537372  0.509124  0.230748  2.716314  2.535922  1.216426
    31  0.930229  0.619215  0.866615  4.702132  3.084279  4.568498
    32  0.930229  0.619215  0.866615  4.702132  3.084279  4.568498
    33  0.930229  0.619215  0.866615  4.702132  3.084279  4.568498
    34  0.930229  0.119215  0.633385  4.702130  0.593805  3.338990
    35  0.930229  0.119215  0.633385  4.702130  0.593805  3.338990
    36  0.930229  0.119215  0.633385  4.702130  0.593805  3.338990
  
 We found SURFACE card
 
>> new vectors to define the surface (in unit of lattice vector)
 The 1st vector on surface     :    1.000000    0.000000    0.000000
 The 2nd vector on surface     :    0.000000    1.000000    0.000000
 The 3rd vector out of surface :   -0.000000   -0.000000    1.000000
  
 The rotated new unit cell (Angstrom): 
    5.054811    0.000000    0.000000
    0.000000    4.980947    0.000000
    0.000000    0.000000    5.271658
New cell's Volume is          132.72848Ang^3
  
 Fractional coordinates of atoms in units of new lattice vectors : 
Hf      0.266765    0.758660    0.032989
Hf      0.266766    0.258660    0.467011
Hf      0.733235    0.758660    0.532989
Hf      0.733234    0.258660    0.967011
O       0.069771    0.619215    0.366615
O       0.069771    0.119215    0.133385
O       0.462628    0.509125    0.730748
O       0.462628    0.009125    0.769252
O       0.537372    0.009125    0.269252
O       0.537372    0.509124    0.230748
O       0.930229    0.619215    0.866615
O       0.930229    0.119215    0.633385
  
 
 >> Top surface atom is      4 Hf        
 
 2D Primitive Cell_Volume:    25.177748845390930     
 Ra2, Rb2
    5.0548    0.0000
    0.0000    4.9809
 Ka2, Kb2
    0.3481   -0.0000
   -0.0000    0.3532
  
 We found KPATH_BULK card
Number of K lines :    12
 G      0.0000   0.0000   0.0000  X       0.0000   0.0000   0.5000
 X      0.0000   0.0000   0.5000  S      -0.5000   0.0000   0.5000
 S     -0.5000   0.0000   0.5000  Y      -0.5000   0.0000   0.0000
 Y     -0.5000   0.0000   0.0000  G       0.0000   0.0000   0.0000
 G      0.0000   0.0000   0.0000  Z       0.0000  -0.5000   0.0000
 Z      0.0000  -0.5000   0.0000  U       0.0000  -0.5000   0.5000
 U      0.0000  -0.5000   0.5000  R      -0.5000  -0.5000   0.5000
 R     -0.5000  -0.5000   0.5000  T      -0.5000  -0.5000   0.0000
 T     -0.5000  -0.5000   0.0000  Z       0.0000  -0.5000   0.0000
 X      0.0000   0.0000   0.5000  U       0.0000  -0.5000   0.5000
 Y     -0.5000   0.0000   0.0000  T      -0.5000  -0.5000   0.0000
 S     -0.5000   0.0000   0.5000  R      -0.5000  -0.5000   0.5000
  
 We found KPATH_SLAB card
 k lines for 2D system
 No. of k lines for 2D system :            3
  G     0.00000  0.00000    X       0.50000  0.00000
  X     0.50000  0.00000    M       0.50000  0.50000
  M     0.50000  0.50000    G       0.00000  0.00000
  
 We found KPLANE_SLAB card
 >> Kpoints plane for 2D system--> arcs  
K2D_start: -0.5000 -0.5000
The first vector:   1.0000  0.0000
The second vector:   0.0000  1.0000
  
 We found KPLANE_BULK card
 >> Kpoints plane for 3D system--> gapshape  
k3D_start :  -0.0000 -0.0000 -0.0000
The 1st vector:   1.0000  0.0000  0.0000
The 2nd vector:   0.0000  1.0000  0.0000
  
 We found KCUBE_BULK card
 >> Kpoints cube for 3D system--> gapshape3D  
k3D_start : -0.0000 -0.0000 -0.0000
The 1st vector:   1.0000  0.0000  0.0000
The 2nd vector:   0.0000  1.0000  0.0000
The 3rd vector:   0.0000  0.0000  1.0000
kCubeVolume:   1.8689
Origin_cell%ReciprocalCellVolume:   1.8689
  
  
 >> Using default parameters for Kpoint_3D
>> k points  0.0000 0.0000 0.0000 in unit of reciprocal primitive cell
>> k points  0.0000 0.0000 0.0000 in Cartesian coordinates
  
 >> Using default parameters for effective mass calculation
 >> Effective mass calculation parameters  
>> The    18'th band
>> k step  0.0100 in unit of 1/Angstrom
>> k points  0.0000 0.0000 0.0000 in unit of reciprocal primitive cell
>> k points  0.0000 0.0000 0.0000 in unit of 1/Angstrom
  
 >> We use the default values for k3points_pointmode_direct=[0,0,0]
 >> and Nk3_point_mode = 1
  
 >> We use the default values for Single_KPOINT_2D_DIRECT=[0,0]
  
 >> We use the default values for Single_KPOINT_3D_DIRECT=[0,0,0]
 >> Output all atoms weight for surface state spectrum
 > NtopAtoms           12
> TopAtoms 
     1     2     3     4     5     6     7     8     9    10
    11    12
> NbottomAtoms         12
> BottomAtoms 
     1     2     3     4     5     6     7     8     9    10
    11    12
 > NtopOrbitals           36
> TopOrbitals 
     1     2     3     4     5     6     7     8     9    10
    11    12    13    14    15    16    17    18    19    20
    21    22    23    24    25    26    27    28    29    30
    31    32    33    34    35    36
> NBottomOrbitals   36
> BottomOrbitals 
     1     2     3     4     5     6     7     8     9    10
    11    12    13    14    15    16    17    18    19    20
    21    22    23    24    25    26    27    28    29    30
    31    32    33    34    35    36
  
 >> We do not calculate chirality for nodal lines
  
 We found WEYL_CHIRALITY card
 
Weyl point positions
        kx        ky        kz        k1        k2        k3
   0.06734   0.30948   0.40851   0.05418   0.24534   0.34275
 
  
  
>> There are    1 groups of SelectedAtoms
Group :   1
>> Number of atoms selected        12
>> Selected atoms are
    1  Hf            2  Hf            3  Hf            4  Hf            5  O             6  O             7  O             8  O             9  O            10  O         
   11  O            12  O         
  
>> There are   1 groups of SelectedOrbitals
 >> SelectedOrbitals
>> Number of orbitals selected (exclude spin degenarcy)        36
>> Orbitals are
       1       2       3       4       5       6       7       8       9      10      11      12
      13      14      15      16      17      18      19      20      21      22      23      24
      25      26      27      28      29      30      31      32      33      34      35      36
  
 We found SELECTED_OCCUPIED_BANDS card
  
 >> SELECTED_OCCUPIED_BANDS
>> Number of Occupied bands selected         18
>> OccupiedBand indices are
     1     2     3     4     5     6     7     8     9    10    11    12
    13    14    15    16    17    18
  
  
 >> SELECTEDBANDS
>> Number of bands selected         36
>> Band indices are
     1     2     3     4     5     6     7     8     9    10    11    12
    13    14    15    16    17    18    19    20    21    22    23    24
    25    26    27    28    29    30    31    32    33    34    35    36
  
  
 We found LOTO_DT card for LOTO correction
Diele_tensor(1,:)     5.24875     0.00000     0.00000
Diele_tensor(2,:)     0.00000     4.97686     0.00000
Diele_tensor(3,:)     0.00000     0.00000     4.97613
  
 We found LOTO_BC card for LOTO correction
Born_Charge for atom   1  Hf    
     5.48650     0.11216    -0.34572
     0.20785     4.98765    -0.05118
    -0.01655     0.02289     5.12702
Born_Charge for atom   2  Hf    
     5.48650     0.11216     0.34572
     0.20785     4.98765     0.05118
     0.01655    -0.02289     5.12702
Born_Charge for atom   3  Hf    
     5.48650    -0.11216     0.34572
    -0.20785     4.98765    -0.05118
     0.01655     0.02289     5.12702
Born_Charge for atom   4  Hf    
     5.48650    -0.11216    -0.34572
    -0.20785     4.98765     0.05118
    -0.01655    -0.02289     5.12702
Born_Charge for atom   5  O     
    -2.94750     0.71361     0.73857
     0.66273    -2.51295     0.32752
     0.93614     0.30002    -2.46255
Born_Charge for atom   6  O     
    -2.94750     0.71361    -0.73857
     0.66273    -2.51295    -0.32752
    -0.93614    -0.30002    -2.46255
Born_Charge for atom   7  O     
    -2.53900    -0.23779    -0.10871
    -0.17692    -2.47469    -0.25416
    -0.16629    -0.22025    -2.66447
Born_Charge for atom   8  O     
    -2.53900    -0.23779     0.10871
    -0.17692    -2.47469     0.25416
     0.16629     0.22025    -2.66447
Born_Charge for atom   9  O     
    -2.53900     0.23779    -0.10871
     0.17692    -2.47469     0.25416
    -0.16629     0.22025    -2.66447
Born_Charge for atom  10  O     
    -2.53900     0.23779     0.10871
     0.17692    -2.47469    -0.25416
     0.16629    -0.22025    -2.66447
Born_Charge for atom  11  O     
    -2.94750    -0.71361    -0.73857
    -0.66273    -2.51295     0.32752
    -0.93614     0.30002    -2.46255
Born_Charge for atom  12  O     
    -2.94750    -0.71361     0.73857
    -0.66273    -2.51295    -0.32752
     0.93614    -0.30002    -2.46255
  
 We found LOTO_INTERPOLATE card for LOTO interpolation to real space
 Grid interpolation parameters:          11          11          11
 <<<Read pn.in file successfully
 Time cost for readinput is about            0.007 s
  >> Begin to read Hmn_R.data
  
>>: Center position for zero electrical potential for adding electrical field    0.500000    0.379000    0.500000
 
  Note: This is not a 2D system or E=0, so we can't add electric field.
 
 
 >> Hopping parameters in the home unit cell
 >> H00= Hmn(R=0) real part
  0.782  0.095  0.040  0.074 -0.017 -0.021 -0.063  0.009 -0.043 -0.005  0.005  0.005 -0.122 -0.115  0.214  0.021  0.006 -0.021 -0.031 -0.001  0.008  0.006  0.007 -0.025 -0.027 -0.046  0.029 -0.377  0.308 -0.304  0.017 -0.020  0.032  0.016  0.006 -0.012
  0.095  0.773 -0.026 -0.011 -0.068  0.037  0.001  0.056 -0.004  0.006 -0.002 -0.003 -0.095 -0.041  0.065  0.039  0.052 -0.019 -0.014  0.018 -0.028 -0.013  0.003  0.002  0.035 -0.027  0.047  0.334 -0.385  0.260  0.017  0.009  0.030  0.011  0.014  0.005
  0.040 -0.026  0.729 -0.032  0.085 -0.056 -0.018  0.006 -0.049 -0.001 -0.000  0.001  0.205  0.153 -0.487 -0.031 -0.004 -0.018 -0.004  0.015 -0.026  0.024 -0.006  0.022  0.022 -0.041  0.002 -0.363  0.275 -0.317 -0.001 -0.008  0.006 -0.002  0.010  0.005
  0.074 -0.011 -0.032  0.782  0.095 -0.040 -0.066 -0.036 -0.002 -0.063 -0.001 -0.018 -0.120  0.194 -0.096 -0.122 -0.115 -0.214 -0.103 -0.225 -0.262  0.033  0.082 -0.015 -0.377  0.308  0.304 -0.094  0.000 -0.032 -0.025 -0.029 -0.037 -0.004 -0.020  0.011
 -0.017 -0.068  0.085  0.095  0.773  0.026 -0.041 -0.058  0.004 -0.009  0.056 -0.006  0.255 -0.612  0.178 -0.095 -0.041 -0.065 -0.299 -0.419 -0.446 -0.001 -0.074 -0.018  0.334 -0.385 -0.260 -0.134 -0.185  0.146  0.006 -0.024  0.012 -0.005  0.019 -0.001
 -0.021  0.037 -0.056 -0.040  0.026  0.729 -0.024 -0.008  0.065 -0.043  0.004 -0.049 -0.101  0.113 -0.150 -0.205 -0.153 -0.487 -0.226 -0.349 -0.376 -0.028  0.113 -0.153  0.363 -0.275 -0.317  0.120  0.110 -0.111  0.024  0.008 -0.007 -0.027 -0.021  0.007
 -0.063  0.001 -0.018 -0.066 -0.041 -0.024  0.782 -0.095 -0.040  0.074  0.017  0.021 -0.004  0.020  0.011  0.025  0.001  0.027 -0.377 -0.308  0.304 -0.027  0.046 -0.029  0.010  0.030 -0.007  0.033 -0.082 -0.015 -0.122  0.115 -0.214  0.021 -0.006  0.021
  0.009  0.056  0.006 -0.036 -0.058 -0.008 -0.095  0.773 -0.026  0.011 -0.068  0.037  0.005  0.019  0.001  0.003  0.023  0.010 -0.334 -0.385  0.260 -0.035 -0.027  0.047 -0.029 -0.031 -0.033  0.001 -0.074  0.018  0.095 -0.041  0.065 -0.039  0.052 -0.019
 -0.043 -0.004 -0.049 -0.002  0.004  0.065 -0.040 -0.026  0.729  0.032  0.085 -0.056 -0.027  0.021  0.007 -0.023 -0.004 -0.046  0.363  0.275 -0.317 -0.022 -0.041  0.002  0.009  0.020 -0.017 -0.028 -0.113 -0.153 -0.205  0.153 -0.487  0.031 -0.004 -0.018
 -0.005  0.006 -0.001 -0.063 -0.009 -0.043  0.074  0.011  0.032  0.782 -0.095  0.040  0.038 -0.018 -0.003  0.017  0.020  0.032 -0.094 -0.000  0.032 -0.377 -0.308 -0.304 -0.031  0.001  0.008  0.003 -0.004  0.027 -0.120 -0.194  0.096 -0.122  0.115  0.214
  0.005 -0.002 -0.000 -0.001  0.056  0.004  0.017 -0.068  0.085 -0.095  0.773  0.026  0.003 -0.027 -0.008 -0.017  0.009 -0.030  0.134 -0.185  0.146 -0.334 -0.385 -0.260  0.014  0.018  0.028 -0.005 -0.011 -0.019 -0.255 -0.612  0.178  0.095 -0.041 -0.065
  0.005 -0.003  0.001 -0.018 -0.006 -0.049  0.021  0.037 -0.056  0.040  0.026  0.729 -0.005 -0.003  0.011 -0.001  0.008  0.006 -0.120  0.110 -0.111 -0.363 -0.275 -0.317 -0.004 -0.015 -0.026 -0.018  0.028 -0.030  0.101  0.113 -0.150  0.205 -0.153 -0.487
 -0.122 -0.095  0.205 -0.120  0.255 -0.101 -0.004  0.005 -0.027  0.038  0.003 -0.005  8.467 -2.594 -2.919 -0.018  0.055  0.051 -0.521  0.127 -0.289 -0.204  0.062 -0.165 -0.081 -0.062  0.153 -1.649  0.520  0.596  0.002  0.014  0.027 -0.004 -0.011  0.036
 -0.115 -0.041  0.153  0.194 -0.612  0.113  0.020  0.019  0.021 -0.018 -0.027 -0.003 -2.594  5.249 -0.515  0.058 -0.835 -0.405  0.155 -0.003  0.118  0.228 -0.149  0.385  0.234 -0.085 -0.319  0.383  0.057 -0.176  0.017 -0.018 -0.018  0.006  0.019 -0.009
  0.214  0.065 -0.487 -0.096  0.178 -0.150  0.011  0.001  0.007 -0.003 -0.008  0.011 -2.919 -0.515  6.128  0.072 -0.399 -0.126 -0.257  0.147 -0.363  0.051 -0.043 -0.045 -0.235  0.163  0.130  0.625 -0.227 -0.040 -0.003 -0.019  0.011 -0.014 -0.012 -0.024
  0.021  0.039 -0.031 -0.122 -0.095 -0.205  0.025  0.003 -0.023  0.017 -0.017 -0.001 -0.018  0.058  0.072  8.467 -2.594  2.919 -0.304 -0.279 -0.184 -0.040  0.069  0.082 -1.649  0.520 -0.596 -0.224 -0.050 -0.040 -0.025  0.009 -0.002  0.002 -0.017 -0.003
  0.006  0.052 -0.004 -0.115 -0.041 -0.153  0.001  0.023 -0.004  0.020  0.009  0.008  0.055 -0.835 -0.399 -2.594  5.249  0.515 -0.035 -0.193 -0.044 -0.106  0.065 -0.160  0.383  0.057  0.176 -0.144 -0.217 -0.080 -0.015 -0.002  0.009 -0.014 -0.018  0.019
 -0.021 -0.019 -0.018 -0.214 -0.065 -0.487  0.027  0.010 -0.046  0.032 -0.030  0.006  0.051 -0.405 -0.126  2.919  0.515  6.128 -0.346 -0.527 -0.426 -0.040  0.129  0.014 -0.625  0.227 -0.040 -0.028 -0.046  0.003 -0.054 -0.002  0.010  0.027  0.018  0.011
 -0.031 -0.014 -0.004 -0.103 -0.299 -0.226 -0.377 -0.334  0.363 -0.094  0.134 -0.120 -0.521  0.155 -0.257 -0.304 -0.035 -0.346  5.202  1.566  0.928  0.192 -0.180  0.106  0.096 -0.127 -0.102  0.041  0.082  0.272 -1.649 -0.383 -0.625 -0.224  0.144  0.028
 -0.001  0.018  0.015 -0.225 -0.419 -0.349 -0.308 -0.385  0.275 -0.000 -0.185  0.110  0.127 -0.003  0.147 -0.279 -0.193 -0.527  1.566  8.301  0.505  0.111 -2.055  0.260  0.111 -0.009  0.080  0.077  0.053 -0.025 -0.520  0.057 -0.227  0.050 -0.217 -0.046
  0.008 -0.028 -0.026 -0.262 -0.446 -0.376  0.304  0.260 -0.317  0.032  0.146 -0.111 -0.289  0.118 -0.363 -0.184 -0.044 -0.426  0.928  0.505  6.536  0.019  0.213  0.104  0.114  0.019  0.039  0.032  0.042 -1.270 -0.596 -0.176 -0.040  0.040 -0.080  0.003
  0.006 -0.013  0.024  0.033 -0.001 -0.028 -0.027 -0.035 -0.022 -0.377 -0.334 -0.363 -0.204  0.228  0.051 -0.040 -0.106 -0.040  0.192  0.111  0.019  5.202  1.566 -0.928  0.041 -0.077  0.032  0.011  0.103 -0.090 -0.081 -0.234  0.235 -1.649 -0.383  0.625
  0.007  0.003 -0.006  0.082 -0.074  0.113  0.046 -0.027 -0.041 -0.308 -0.385 -0.275  0.062 -0.149 -0.043  0.069  0.065  0.129 -0.180 -2.055  0.213  1.566  8.301 -0.505 -0.082  0.053 -0.042 -0.031  0.037 -0.062  0.062 -0.085  0.163 -0.520  0.057  0.227
 -0.025  0.002  0.022 -0.015 -0.018 -0.153 -0.029  0.047  0.002 -0.304 -0.260 -0.317 -0.165  0.385 -0.045  0.082 -0.160  0.014  0.106  0.260  0.104 -0.928 -0.505  6.536  0.272  0.025 -1.270  0.074 -0.048  0.063 -0.153 -0.319  0.130  0.596  0.176 -0.040
 -0.027  0.035  0.022 -0.377  0.334  0.363  0.010 -0.029  0.009 -0.031  0.014 -0.004 -0.081  0.234 -0.235 -1.649  0.383 -0.625  0.096  0.111  0.114  0.041 -0.082  0.272  5.202 -1.566  0.928  0.192 -0.111 -0.019  0.062  0.011  0.028 -0.521 -0.155 -0.257
 -0.046 -0.027 -0.041  0.308 -0.385 -0.275  0.030 -0.031  0.020  0.001  0.018 -0.015 -0.062 -0.085  0.163  0.520  0.057  0.227 -0.127 -0.009  0.019 -0.077  0.053  0.025 -1.566  8.301 -0.505  0.180 -2.055  0.213  0.042  0.052  0.043 -0.127 -0.003 -0.147
  0.029  0.047  0.002  0.304 -0.260 -0.317 -0.007 -0.033 -0.017  0.008  0.028 -0.026  0.153 -0.319  0.130 -0.596  0.176 -0.040 -0.102  0.080  0.039  0.032 -0.042 -1.270  0.928 -0.505  6.536 -0.106  0.260  0.104  0.049 -0.012  0.064 -0.289 -0.118 -0.363
 -0.377  0.334 -0.363 -0.094 -0.134  0.120  0.033  0.001 -0.028  0.003 -0.005 -0.018 -1.649  0.383  0.625 -0.224 -0.144 -0.028  0.041  0.077  0.032  0.011 -0.031  0.074  0.192  0.180 -0.106  5.202 -1.566 -0.928 -0.040  0.106 -0.040 -0.104 -0.019  0.071
  0.308 -0.385  0.275  0.000 -0.185  0.110 -0.082 -0.074 -0.113 -0.004 -0.011  0.028  0.520  0.057 -0.227 -0.050 -0.217 -0.046  0.082  0.053  0.042  0.103  0.037 -0.048 -0.111 -2.055  0.260 -1.566  8.301  0.505 -0.069  0.065 -0.129 -0.005 -0.036 -0.063
 -0.304  0.260 -0.317 -0.032  0.146 -0.111 -0.015  0.018 -0.153  0.027 -0.019 -0.030  0.596 -0.176 -0.040 -0.040 -0.080  0.003  0.272 -0.025 -1.270 -0.090 -0.062  0.063 -0.019  0.213  0.104 -0.928  0.505  6.536  0.082  0.160  0.014  0.044 -0.028 -0.063
  0.017  0.017 -0.001 -0.025  0.006  0.024 -0.122  0.095 -0.205 -0.120 -0.255  0.101  0.002  0.017 -0.003 -0.025 -0.015 -0.054 -1.649 -0.520 -0.596 -0.081  0.062 -0.153  0.062  0.042  0.049 -0.040 -0.069  0.082  8.467  2.594  2.919 -0.018 -0.055 -0.051
 -0.020  0.009 -0.008 -0.029 -0.024  0.008  0.115 -0.041  0.153 -0.194 -0.612  0.113  0.014 -0.018 -0.019  0.009 -0.002 -0.002 -0.383  0.057 -0.176 -0.234 -0.085 -0.319  0.011  0.052 -0.012  0.106  0.065  0.160  2.594  5.249 -0.515 -0.058 -0.835 -0.405
  0.032  0.030  0.006 -0.037  0.012 -0.007 -0.214  0.065 -0.487  0.096  0.178 -0.150  0.027 -0.018  0.011 -0.002  0.009  0.010 -0.625 -0.227 -0.040  0.235  0.163  0.130  0.028  0.043  0.064 -0.040 -0.129  0.014  2.919 -0.515  6.128 -0.072 -0.399 -0.126
  0.016  0.011 -0.002 -0.004 -0.005 -0.027  0.021 -0.039  0.031 -0.122  0.095  0.205 -0.004  0.006 -0.014  0.002 -0.014  0.027 -0.224  0.050  0.040 -1.649 -0.520  0.596 -0.521 -0.127 -0.289 -0.104 -0.005  0.044 -0.018 -0.058 -0.072  8.467  2.594 -2.919
  0.006  0.014  0.010 -0.020  0.019 -0.021 -0.006  0.052 -0.004  0.115 -0.041 -0.153 -0.011  0.019 -0.012 -0.017 -0.018  0.018  0.144 -0.217 -0.080 -0.383  0.057  0.176 -0.155 -0.003 -0.118 -0.019 -0.036 -0.028 -0.055 -0.835 -0.399  2.594  5.249  0.515
 -0.012  0.005  0.005  0.011 -0.001  0.007  0.021 -0.019 -0.018  0.214 -0.065 -0.487  0.036 -0.009 -0.024 -0.003  0.019  0.011  0.028 -0.046  0.003  0.625  0.227 -0.040 -0.257 -0.147 -0.363  0.071 -0.063 -0.063 -0.051 -0.405 -0.126 -2.919  0.515  6.128
 
 >> H00= Hmn(R=0) imaginary part
  0.000  0.000  0.000  0.000  0.000  0.000  0.000  0.000  0.000  0.000  0.000  0.000  0.000  0.000  0.000  0.000  0.000  0.000  0.000  0.000  0.000  0.000  0.000  0.000  0.000  0.000  0.000  0.000  0.000  0.000  0.000  0.000  0.000  0.000  0.000  0.000
  0.000  0.000  0.000  0.000  0.000  0.000  0.000  0.000  0.000  0.000  0.000  0.000  0.000  0.000  0.000  0.000  0.000  0.000  0.000  0.000  0.000  0.000  0.000  0.000  0.000  0.000  0.000  0.000  0.000  0.000  0.000  0.000  0.000  0.000  0.000  0.000
  0.000  0.000  0.000  0.000  0.000  0.000  0.000  0.000  0.000  0.000  0.000  0.000  0.000  0.000  0.000  0.000  0.000  0.000  0.000  0.000  0.000  0.000  0.000  0.000  0.000  0.000  0.000  0.000  0.000  0.000  0.000  0.000  0.000  0.000  0.000  0.000
  0.000  0.000  0.000  0.000  0.000  0.000  0.000  0.000  0.000  0.000  0.000  0.000  0.000  0.000  0.000  0.000  0.000  0.000  0.000  0.000  0.000  0.000  0.000  0.000  0.000  0.000  0.000  0.000  0.000  0.000  0.000  0.000  0.000  0.000  0.000  0.000
  0.000  0.000  0.000  0.000  0.000  0.000  0.000  0.000  0.000  0.000  0.000  0.000  0.000  0.000  0.000  0.000  0.000  0.000  0.000  0.000  0.000  0.000  0.000  0.000  0.000  0.000  0.000  0.000  0.000  0.000  0.000  0.000  0.000  0.000  0.000  0.000
  0.000  0.000  0.000  0.000  0.000  0.000  0.000  0.000  0.000  0.000  0.000  0.000  0.000  0.000  0.000  0.000  0.000  0.000  0.000  0.000  0.000  0.000  0.000  0.000  0.000  0.000  0.000  0.000  0.000  0.000  0.000  0.000  0.000  0.000  0.000  0.000
  0.000  0.000  0.000  0.000  0.000  0.000  0.000  0.000  0.000  0.000  0.000  0.000  0.000  0.000  0.000  0.000  0.000  0.000  0.000  0.000  0.000  0.000  0.000  0.000  0.000  0.000  0.000  0.000  0.000  0.000  0.000  0.000  0.000  0.000  0.000  0.000
  0.000  0.000  0.000  0.000  0.000  0.000  0.000  0.000  0.000  0.000  0.000  0.000  0.000  0.000  0.000  0.000  0.000  0.000  0.000  0.000  0.000  0.000  0.000  0.000  0.000  0.000  0.000  0.000  0.000  0.000  0.000  0.000  0.000  0.000  0.000  0.000
  0.000  0.000  0.000  0.000  0.000  0.000  0.000  0.000  0.000  0.000  0.000  0.000  0.000  0.000  0.000  0.000  0.000  0.000  0.000  0.000  0.000  0.000  0.000  0.000  0.000  0.000  0.000  0.000  0.000  0.000  0.000  0.000  0.000  0.000  0.000  0.000
  0.000  0.000  0.000  0.000  0.000  0.000  0.000  0.000  0.000  0.000  0.000  0.000  0.000  0.000  0.000  0.000  0.000  0.000  0.000  0.000  0.000  0.000  0.000  0.000  0.000  0.000  0.000  0.000  0.000  0.000  0.000  0.000  0.000  0.000  0.000  0.000
  0.000  0.000  0.000  0.000  0.000  0.000  0.000  0.000  0.000  0.000  0.000  0.000  0.000  0.000  0.000  0.000  0.000  0.000  0.000  0.000  0.000  0.000  0.000  0.000  0.000  0.000  0.000  0.000  0.000  0.000  0.000  0.000  0.000  0.000  0.000  0.000
  0.000  0.000  0.000  0.000  0.000  0.000  0.000  0.000  0.000  0.000  0.000  0.000  0.000  0.000  0.000  0.000  0.000  0.000  0.000  0.000  0.000  0.000  0.000  0.000  0.000  0.000  0.000  0.000  0.000  0.000  0.000  0.000  0.000  0.000  0.000  0.000
  0.000  0.000  0.000  0.000  0.000  0.000  0.000  0.000  0.000  0.000  0.000  0.000  0.000  0.000  0.000  0.000  0.000  0.000  0.000  0.000  0.000  0.000  0.000  0.000  0.000  0.000  0.000  0.000  0.000  0.000  0.000  0.000  0.000  0.000  0.000  0.000
  0.000  0.000  0.000  0.000  0.000  0.000  0.000  0.000  0.000  0.000  0.000  0.000  0.000  0.000  0.000  0.000  0.000  0.000  0.000  0.000  0.000  0.000  0.000  0.000  0.000  0.000  0.000  0.000  0.000  0.000  0.000  0.000  0.000  0.000  0.000  0.000
  0.000  0.000  0.000  0.000  0.000  0.000  0.000  0.000  0.000  0.000  0.000  0.000  0.000  0.000  0.000  0.000  0.000  0.000  0.000  0.000  0.000  0.000  0.000  0.000  0.000  0.000  0.000  0.000  0.000  0.000  0.000  0.000  0.000  0.000  0.000  0.000
  0.000  0.000  0.000  0.000  0.000  0.000  0.000  0.000  0.000  0.000  0.000  0.000  0.000  0.000  0.000  0.000  0.000  0.000  0.000  0.000  0.000  0.000  0.000  0.000  0.000  0.000  0.000  0.000  0.000  0.000  0.000  0.000  0.000  0.000  0.000  0.000
  0.000  0.000  0.000  0.000  0.000  0.000  0.000  0.000  0.000  0.000  0.000  0.000  0.000  0.000  0.000  0.000  0.000  0.000  0.000  0.000  0.000  0.000  0.000  0.000  0.000  0.000  0.000  0.000  0.000  0.000  0.000  0.000  0.000  0.000  0.000  0.000
  0.000  0.000  0.000  0.000  0.000  0.000  0.000  0.000  0.000  0.000  0.000  0.000  0.000  0.000  0.000  0.000  0.000  0.000  0.000  0.000  0.000  0.000  0.000  0.000  0.000  0.000  0.000  0.000  0.000  0.000  0.000  0.000  0.000  0.000  0.000  0.000
  0.000  0.000  0.000  0.000  0.000  0.000  0.000  0.000  0.000  0.000  0.000  0.000  0.000  0.000  0.000  0.000  0.000  0.000  0.000  0.000  0.000  0.000  0.000  0.000  0.000  0.000  0.000  0.000  0.000  0.000  0.000  0.000  0.000  0.000  0.000  0.000
  0.000  0.000  0.000  0.000  0.000  0.000  0.000  0.000  0.000  0.000  0.000  0.000  0.000  0.000  0.000  0.000  0.000  0.000  0.000  0.000  0.000  0.000  0.000  0.000  0.000  0.000  0.000  0.000  0.000  0.000  0.000  0.000  0.000  0.000  0.000  0.000
  0.000  0.000  0.000  0.000  0.000  0.000  0.000  0.000  0.000  0.000  0.000  0.000  0.000  0.000  0.000  0.000  0.000  0.000  0.000  0.000  0.000  0.000  0.000  0.000  0.000  0.000  0.000  0.000  0.000  0.000  0.000  0.000  0.000  0.000  0.000  0.000
  0.000  0.000  0.000  0.000  0.000  0.000  0.000  0.000  0.000  0.000  0.000  0.000  0.000  0.000  0.000  0.000  0.000  0.000  0.000  0.000  0.000  0.000  0.000  0.000  0.000  0.000  0.000  0.000  0.000  0.000  0.000  0.000  0.000  0.000  0.000  0.000
  0.000  0.000  0.000  0.000  0.000  0.000  0.000  0.000  0.000  0.000  0.000  0.000  0.000  0.000  0.000  0.000  0.000  0.000  0.000  0.000  0.000  0.000  0.000  0.000  0.000  0.000  0.000  0.000  0.000  0.000  0.000  0.000  0.000  0.000  0.000  0.000
  0.000  0.000  0.000  0.000  0.000  0.000  0.000  0.000  0.000  0.000  0.000  0.000  0.000  0.000  0.000  0.000  0.000  0.000  0.000  0.000  0.000  0.000  0.000  0.000  0.000  0.000  0.000  0.000  0.000  0.000  0.000  0.000  0.000  0.000  0.000  0.000
  0.000  0.000  0.000  0.000  0.000  0.000  0.000  0.000  0.000  0.000  0.000  0.000  0.000  0.000  0.000  0.000  0.000  0.000  0.000  0.000  0.000  0.000  0.000  0.000  0.000  0.000  0.000  0.000  0.000  0.000  0.000  0.000  0.000  0.000  0.000  0.000
  0.000  0.000  0.000  0.000  0.000  0.000  0.000  0.000  0.000  0.000  0.000  0.000  0.000  0.000  0.000  0.000  0.000  0.000  0.000  0.000  0.000  0.000  0.000  0.000  0.000  0.000  0.000  0.000  0.000  0.000  0.000  0.000  0.000  0.000  0.000  0.000
  0.000  0.000  0.000  0.000  0.000  0.000  0.000  0.000  0.000  0.000  0.000  0.000  0.000  0.000  0.000  0.000  0.000  0.000  0.000  0.000  0.000  0.000  0.000  0.000  0.000  0.000  0.000  0.000  0.000  0.000  0.000  0.000  0.000  0.000  0.000  0.000
  0.000  0.000  0.000  0.000  0.000  0.000  0.000  0.000  0.000  0.000  0.000  0.000  0.000  0.000  0.000  0.000  0.000  0.000  0.000  0.000  0.000  0.000  0.000  0.000  0.000  0.000  0.000  0.000  0.000  0.000  0.000  0.000  0.000  0.000  0.000  0.000
  0.000  0.000  0.000  0.000  0.000  0.000  0.000  0.000  0.000  0.000  0.000  0.000  0.000  0.000  0.000  0.000  0.000  0.000  0.000  0.000  0.000  0.000  0.000  0.000  0.000  0.000  0.000  0.000  0.000  0.000  0.000  0.000  0.000  0.000  0.000  0.000
  0.000  0.000  0.000  0.000  0.000  0.000  0.000  0.000  0.000  0.000  0.000  0.000  0.000  0.000  0.000  0.000  0.000  0.000  0.000  0.000  0.000  0.000  0.000  0.000  0.000  0.000  0.000  0.000  0.000  0.000  0.000  0.000  0.000  0.000  0.000  0.000
  0.000  0.000  0.000  0.000  0.000  0.000  0.000  0.000  0.000  0.000  0.000  0.000  0.000  0.000  0.000  0.000  0.000  0.000  0.000  0.000  0.000  0.000  0.000  0.000  0.000  0.000  0.000  0.000  0.000  0.000  0.000  0.000  0.000  0.000  0.000  0.000
  0.000  0.000  0.000  0.000  0.000  0.000  0.000  0.000  0.000  0.000  0.000  0.000  0.000  0.000  0.000  0.000  0.000  0.000  0.000  0.000  0.000  0.000  0.000  0.000  0.000  0.000  0.000  0.000  0.000  0.000  0.000  0.000  0.000  0.000  0.000  0.000
  0.000  0.000  0.000  0.000  0.000  0.000  0.000  0.000  0.000  0.000  0.000  0.000  0.000  0.000  0.000  0.000  0.000  0.000  0.000  0.000  0.000  0.000  0.000  0.000  0.000  0.000  0.000  0.000  0.000  0.000  0.000  0.000  0.000  0.000  0.000  0.000
  0.000  0.000  0.000  0.000  0.000  0.000  0.000  0.000  0.000  0.000  0.000  0.000  0.000  0.000  0.000  0.000  0.000  0.000  0.000  0.000  0.000  0.000  0.000  0.000  0.000  0.000  0.000  0.000  0.000  0.000  0.000  0.000  0.000  0.000  0.000  0.000
  0.000  0.000  0.000  0.000  0.000  0.000  0.000  0.000  0.000  0.000  0.000  0.000  0.000  0.000  0.000  0.000  0.000  0.000  0.000  0.000  0.000  0.000  0.000  0.000  0.000  0.000  0.000  0.000  0.000  0.000  0.000  0.000  0.000  0.000  0.000  0.000
  0.000  0.000  0.000  0.000  0.000  0.000  0.000  0.000  0.000  0.000  0.000  0.000  0.000  0.000  0.000  0.000  0.000  0.000  0.000  0.000  0.000  0.000  0.000  0.000  0.000  0.000  0.000  0.000  0.000  0.000  0.000  0.000  0.000  0.000  0.000  0.000
 
  << Read Hmn_R.data successfully
  
 >> Start of chirality of Weyl points calculating
 
>> We are calculation the chirality of the   1'th Weyl point
>> k (Cartesian coordinates):     0.035636    0.163768    0.216175
  Wilson loop ik, Nk           1          50
  Wilson loop ik, Nk           2          50
  Wilson loop ik, Nk           3          50
  Wilson loop ik, Nk           4          50
  Wilson loop ik, Nk           5          50
  Wilson loop ik, Nk           6          50
  Wilson loop ik, Nk           7          50
  Wilson loop ik, Nk           8          50
  Wilson loop ik, Nk           9          50
  Wilson loop ik, Nk          10          50
  Wilson loop ik, Nk          11          50
  Wilson loop ik, Nk          12          50
  Wilson loop ik, Nk          13          50
  Wilson loop ik, Nk          14          50
  Wilson loop ik, Nk          15          50
  Wilson loop ik, Nk          16          50
  Wilson loop ik, Nk          17          50
  Wilson loop ik, Nk          18          50
  Wilson loop ik, Nk          19          50
  Wilson loop ik, Nk          20          50
  Wilson loop ik, Nk          21          50
  Wilson loop ik, Nk          22          50
  Wilson loop ik, Nk          23          50
  Wilson loop ik, Nk          24          50
  Wilson loop ik, Nk          25          50
  Wilson loop ik, Nk          26          50
  Wilson loop ik, Nk          27          50
  Wilson loop ik, Nk          28          50
  Wilson loop ik, Nk          29          50
  Wilson loop ik, Nk          30          50
  Wilson loop ik, Nk          31          50
  Wilson loop ik, Nk          32          50
  Wilson loop ik, Nk          33          50
  Wilson loop ik, Nk          34          50
  Wilson loop ik, Nk          35          50
  Wilson loop ik, Nk          36          50
  Wilson loop ik, Nk          37          50
  Wilson loop ik, Nk          38          50
  Wilson loop ik, Nk          39          50
  Wilson loop ik, Nk          40          50
  Wilson loop ik, Nk          41          50
  Wilson loop ik, Nk          42          50
  Wilson loop ik, Nk          43          50
  Wilson loop ik, Nk          44          50
  Wilson loop ik, Nk          45          50
  Wilson loop ik, Nk          46          50
  Wilson loop ik, Nk          47          50
  Wilson loop ik, Nk          48          50
  Wilson loop ik, Nk          49          50
  Wilson loop ik, Nk          50          50
Chiralities
#      k1        k2        k3        kx        ky        kz      Chirality
   0.05418   0.24534   0.34275   0.06734   0.30948   0.40851      -1
 Time cost for WeylChirality_calc is about           16.005 s
 << End of chirality of Weyl points calculating
  
 Time cost for whole program is about           16.198 s
  
  
  =======================================================================
  Hurray! I finished running!
  Check the rest of the output files to see the results.
  If you think everything is correct and you want to use it for any 
  publication, please acknowledge and cite this program as:
  
  Loren ipsum dolor sit amet
  name name name name
  where and when
  doi
  
  If you saw any bug or anything odd during execution,        
  report it at fballestermacia@gmail.com or on github                 
  Thank you for using Simphony!           
  
  ''And then there's quantum, of course.'  The monk sighed. 
  'There's always bloody quantum.'' - Sir Terry Pratchett, Night Watch
  =======================================================================
