공간군: Pca2_1
거울면이 되는 지표 (여기서는 chirality=0 강제): [1, 2]
편극축 지표 (Weyl 가능)                      : [3]
   op0  R대각=[1 1 1]  t=[-0. -0. -0.]
   op1  R대각=[-1 -1  1]  t=[0.  0.  0.5]
   op2  R대각=[-1  1  1]  t=[0.5 0.  0.5]
   op3  R대각=[ 1 -1  1]  t=[0.5 0.  0. ]
  k1 0/41
  k1 10/41
  k1 20/41
  k1 30/41
  k1 40/41

쐐기 최소 gap = 5.8317e-10
gap<0.020 국소최소 54개
  거울면으로 수렴/거울면 위 : 47개  (chirality 0 강제)
  일반 위치에 남은 것       : 7개
   k=(0.0253652,0.4453570,0.5000000)  gap=1.776e-15
   k=(0.0253655,0.4453572,0.5000000)  gap=5.329e-15
   k=(0.2052705,0.2675182,0.4418585)  gap=8.882e-15
   k=(0.2016153,0.1734079,0.2936153)  gap=1.599e-14
   k=(0.2016153,0.1734079,0.2936153)  gap=1.954e-14
   k=(0.2052705,0.2675182,0.4418585)  gap=2.309e-14
   k=(0.2210416,0.2831223,0.4999999)  gap=2.029e-08

weyl_candidates.dat 저장. Simphony WEYL_CHIRALITY 카드에 넣어 확인하세요.
