공간군: Pca2_1
거울면이 되는 지표 (여기서는 chirality=0 강제): [1, 3]
편극축 지표 (Weyl 가능)                      : [2]
   op0  R대각=[1 1 1]  t=[-0. -0. -0.]
   op1  R대각=[-1  1 -1]  t=[1.  0.5 1. ]
   op2  R대각=[ 1  1 -1]  t=[0.  0.5 0.5]
   op3  R대각=[-1  1  1]  t=[1.  0.  0.5]
  k1 0/41
  k1 10/41
  k1 20/41
  k1 30/41
  k1 40/41

쐐기 최소 gap = 6.3898e-10
gap<0.020 국소최소 22개
  거울면으로 수렴/거울면 위 : 16개  (chirality 0 강제)
  일반 위치에 남은 것       : 6개
   k=(0.0153073,0.5000000,0.0071787)  gap=0.000e+00
   k=(0.2643385,-0.0000000,0.3182119)  gap=7.105e-15
   k=(0.2643385,-0.0000000,0.3182119)  gap=1.243e-14
   k=(0.2643385,-0.0000000,0.3182119)  gap=1.421e-14
   k=(0.3944194,0.5000000,0.0884511)  gap=8.759e-10
   k=(-0.0275733,0.5000000,0.3685644)  gap=2.044e-08

weyl_candidates.dat 저장. Simphony WEYL_CHIRALITY 카드에 넣어 확인하세요.
