공간군: Pca2_1
거울면이 되는 지표 (여기서는 chirality=0 강제): [1, 2]
편극축 지표 (Weyl 가능)                      : [3]
   op0  R대각=[1 1 1]  t=[0. 0. 0.]
   op1  R대각=[-1 -1  1]  t=[0.  0.  0.5]
   op2  R대각=[-1  1  1]  t=[0.5 0.  0.5]
   op3  R대각=[ 1 -1  1]  t=[ 0.5 -0.   0. ]
  k1 0/41
  k1 10/41
  k1 20/41
  k1 30/41
  k1 40/41

쐐기 최소 gap = 2.0088e-10
gap<0.020 국소최소 36개
  거울면으로 수렴/거울면 위 : 33개  (chirality 0 강제)
  일반 위치에 남은 것       : 3개
   k=(0.1464400,0.0710381,0.0049255)  gap=8.882e-15
   k=(0.2499400,0.1370633,0.5000000)  gap=8.780e-09
   k=(0.4683408,0.4643373,0.5000000)  gap=1.768e-08

weyl_candidates.dat 저장. Simphony WEYL_CHIRALITY 카드에 넣어 확인하세요.
