공간군: Pca2_1
거울면이 되는 지표 (여기서는 chirality=0 강제): [1, 3]
편극축 지표 (Weyl 가능)                      : [2]
   op0  R대각=[1 1 1]  t=[0. 0. 0.]
   op1  R대각=[-1  1 -1]  t=[1.  0.5 1. ]
   op2  R대각=[ 1  1 -1]  t=[-0.   0.5  0.5]
   op3  R대각=[-1  1  1]  t=[1.  0.  0.5]
  k1 0/41
  k1 10/41
  k1 20/41
  k1 30/41
  k1 40/41

쐐기 최소 gap = 2.0963e-08
gap<0.020 국소최소 45개
  거울면으로 수렴/거울면 위 : 39개  (chirality 0 강제)
  일반 위치에 남은 것       : 6개
   k=(0.2903940,0.0000000,0.1613912)  gap=1.066e-14
   k=(0.0489375,0.0000000,0.3216533)  gap=1.776e-14
   k=(0.3090463,0.3345949,0.3750861)  gap=8.704e-14
   k=(0.1375471,0.3201265,0.3283696)  gap=1.456e-03
   k=(0.1375471,0.3201265,0.3283696)  gap=1.456e-03
   k=(0.1375471,0.3201265,0.3283696)  gap=1.456e-03

weyl_candidates.dat 저장. Simphony WEYL_CHIRALITY 카드에 넣어 확인하세요.
