공간군: Pca2_1
거울면이 되는 지표 (여기서는 chirality=0 강제): [1, 3]
편극축 지표 (Weyl 가능)                      : [2]
   op0  R대각=[1 1 1]  t=[0. 0. 0.]
   op1  R대각=[-1  1 -1]  t=[1.  0.5 1. ]
   op2  R대각=[ 1  1 -1]  t=[-0.   0.5  0.5]
   op3  R대각=[-1  1  1]  t=[1.  0.  0.5]
  k1 0/41
  k1 10/41
  k1 20/41
  k1 30/41
  k1 40/41

쐐기 최소 gap = 9.2898e-10
gap<0.020 국소최소 36개
  거울면으로 수렴/거울면 위 : 31개  (chirality 0 강제)
  일반 위치에 남은 것       : 5개
   k=(0.2089508,0.5000000,0.5327651)  gap=0.000e+00
   k=(0.0975233,-0.0000000,0.1610283)  gap=1.243e-14
   k=(0.4445455,0.5000000,0.0163985)  gap=7.080e-11
   k=(0.0540850,0.5000000,0.0121144)  gap=9.270e-11
   k=(0.4414162,0.5000000,0.0122600)  gap=9.716e-11

weyl_candidates.dat 저장. Simphony WEYL_CHIRALITY 카드에 넣어 확인하세요.
