.d88888b  oo                      dP                                  
88.    "                          88                                  
`Y88888b. dP 88d8b.d8b.  88d888b. 88d888b. .d8888b. 88d888b. dP    dP 
      `8b 88 88 `88 `88  88   `88 88   `88 88   `88 88   `88 88    88 
d8    .8P 88 88  88  88  88.  .88 88    88 88.  .88 88    88 88.  .88 
 Y88888P  dP dP  dP  dP  88Y888P  dP    dP `88888P  dP    dP `8888P88 
oooooooooooooooooooooooo~88~oooooooooooooooooooooooooooooooooo~~~~.88~
                        dP                                   d8888P   
                                                           
                     Hi! You are now using Simphony              
                      Version 1.1.0     
                          I hope I can help!                   
                                                           
                        Author: Francesc Ballester              
                      Email: fballestermacia@gmail.com           
                      TODO: INCLUDE PAPER AND GITHUB              
                                                           
                 Now, let's start by reading your input file...    
 =====================================================================
                                                           
 You are using     1 CPU cores
  
   
 >>>Read some parameters from pn.in
 Tight-binding Hamiltonian filename : wannier90_hr.dat         
 Tight-binding Hamiltonian obtained from package : QE                       
   
 >>>Control parameters: 
 BulkBand_line_calc                :  T
 BulkBand_plane_calc               :  F
 BulkBand_unfold_line_calc         :  F
 BulkBand_unfold_plane_calc        :  F
 BulkFatBand_calc                  :  F
 BulkBand_cube_calc                :  F
 BulkFS_calc                       :  F
 BulkFS_Plane_calc                 :  F
 BulkFS_plane_stack_calc           :  F
 BulkGap_cube_calc                 :  F
 BulkGap_plane_calc                :  F
 SlabBand_calc                     :  F
 SlabBandWaveFunc_calc             :  F
 SlabSS_calc                       :  F
 SlabArc_calc                      :  F
 wanniercenter_calc                :  F
 BerryPhase_calc                   :  F
 BerryCurvature_calc               :  F
 BerryCurvature_EF_calc            :  F
 BerryCurvature_kpath_EF_calc      :  F
 BerryCurvature_Cube_calc          :  F
 BerryCurvature_slab_calc          :  F
 Dos_calc                          :  F
 Z2_3D_calc                        :  F
 WeylChirality_calc                :  F
 Chern_3D_calc                     :  F
 MirrorChern_calc                  :  F
 JDos_calc                         :  F
 SlabDos_calc                      :  F
 FindNodes_calc                    :  F
 EffectiveMass_calc                :  F
 LOTO_correction                   :  T
 apply_ASR                         :  F
 Write_eigenstates_at_HSP          :  F
   
 >>>System parameters: 
 NumSlabs :    10
 Nslab1 for ribbon  :     1
 Nslab2 for ribbon  :     1
 Number of Occupied bands:     1
 Fermi energy (eV) :        0.000000
 ijmax :    10
   
 >>>calculation parameters : 
 E_arc :          1.00000
 Eta_arc :          0.00500
 symprec :          0.00010
 EF_broadening :          0.05000
 Gap_threshold         0.00001
 OmegaMin :          0.50000
 OmegaMax :          1.50000
 OmegaNum :    100
 Nk1 :     50
 Nk2 :     50
 Nk3 :     50
 NP number of principle layers  :      5
 Tmin(Kelvin)  :        100.00000
 Tmax(Kelvin)  :        100.00000
 Rcut    999999.00000
 iprint_level               1
 RKF45_PERIODIC_LEVEL            1.00
 wcc_calc_tol         0.08000
 wcc_neighbour_tol         0.30000
 NumSelectedEigenVals     0
 NumRandomConfs:     1
 Projection weight mode:NORMAL              
  
 We found LATTICE card
>> lattice information (Angstrom)
           a           b           c       alpha        beta       gamma
    5.073039    4.872046    5.111832   47.625949   47.625949   47.625949
 Three Lattice vectors of the unfolded cell: 
    0.000000    0.000000   -5.073039
    4.872046    0.000000    0.000000
   -0.000000   -5.111832   -0.000000
>> Reciprocal lattice information (1/Angstrom)
           a           b           c       alpha        beta       gamma
    1.238545    1.289640    1.229145  170.075351  170.075351  170.075351
 Three reciprocal lattice vectors of the primitive cell: 
    0.000000    0.000000   -1.238545
    1.289640   -0.000000    0.000000
    0.000000   -1.229145    0.000000
  
 We found ATOMS card
Origin_cell%Num_atoms   12
  
 
>> Atom position and mass of Original lattice
                                    Catesian(Ang)                  Fractional(Direct)                    Mass
------------------------------------------------------------------------------------------------------------------
 index  Atom Name            x           y           z           a           b           c       m
------------------------------------------------------------------------------------------------------------------
     1  Hf            1.316313   -1.242748   -4.898420    0.965579    0.270177    0.243112  178.490000
     2  Hf            1.316313   -3.798664   -2.711139    0.534421    0.270177    0.743112  178.490000
     3  Hf            3.555733   -1.242748   -2.361900    0.465579    0.729823    0.243112  178.490000
     4  Hf            3.555733   -3.798664   -0.174619    0.034421    0.729823    0.743112  178.490000
     5  O             0.373562   -1.929786   -3.186840    0.628192    0.076675    0.377514   15.999400
     6  O             0.373562   -4.485702   -4.422719    0.871808    0.076675    0.877514   15.999400
     7  O             2.207870   -2.516935   -1.316098    0.259430    0.453171    0.492374   15.999400
     8  O             2.207870   -5.072851   -1.220422    0.240570    0.453171    0.992374   15.999400
     9  O             2.664177   -5.072851   -3.756942    0.740570    0.546829    0.992374   15.999400
    10  O             2.664177   -2.516935   -3.852617    0.759430    0.546829    0.492374   15.999400
    11  O             4.498484   -1.929786   -0.650321    0.128192    0.923325    0.377514   15.999400
    12  O             4.498484   -4.485702   -1.886199    0.371808    0.923325    0.877514   15.999400
  
 >> Wannier centers from pn.in, in unit of unit lattice vectors
 iwann        R1        R2        R3         x         y         z
     1  0.965579  0.270177  0.243112  1.316313 -1.242748 -4.898420
     2  0.965579  0.270177  0.243112  1.316313 -1.242748 -4.898420
     3  0.965579  0.270177  0.243112  1.316313 -1.242748 -4.898420
     4  0.534421  0.270177  0.743112  1.316313 -3.798664 -2.711139
     5  0.534421  0.270177  0.743112  1.316313 -3.798664 -2.711139
     6  0.534421  0.270177  0.743112  1.316313 -3.798664 -2.711139
     7  0.465579  0.729823  0.243112  3.555733 -1.242748 -2.361900
     8  0.465579  0.729823  0.243112  3.555733 -1.242748 -2.361900
     9  0.465579  0.729823  0.243112  3.555733 -1.242748 -2.361900
    10  0.034421  0.729823  0.743112  3.555733 -3.798664 -0.174619
    11  0.034421  0.729823  0.743112  3.555733 -3.798664 -0.174619
    12  0.034421  0.729823  0.743112  3.555733 -3.798664 -0.174619
    13  0.628192  0.076675  0.377514  0.373562 -1.929786 -3.186840
    14  0.628192  0.076675  0.377514  0.373562 -1.929786 -3.186840
    15  0.628192  0.076675  0.377514  0.373562 -1.929786 -3.186840
    16  0.871808  0.076675  0.877514  0.373562 -4.485702 -4.422719
    17  0.871808  0.076675  0.877514  0.373562 -4.485702 -4.422719
    18  0.871808  0.076675  0.877514  0.373562 -4.485702 -4.422719
    19  0.259430  0.453171  0.492374  2.207870 -2.516935 -1.316098
    20  0.259430  0.453171  0.492374  2.207870 -2.516935 -1.316098
    21  0.259430  0.453171  0.492374  2.207870 -2.516935 -1.316098
    22  0.240570  0.453171  0.992374  2.207870 -5.072851 -1.220422
    23  0.240570  0.453171  0.992374  2.207870 -5.072851 -1.220422
    24  0.240570  0.453171  0.992374  2.207870 -5.072851 -1.220422
    25  0.740570  0.546829  0.992374  2.664177 -5.072851 -3.756942
    26  0.740570  0.546829  0.992374  2.664177 -5.072851 -3.756942
    27  0.740570  0.546829  0.992374  2.664177 -5.072851 -3.756942
    28  0.759430  0.546829  0.492374  2.664177 -2.516935 -3.852617
    29  0.759430  0.546829  0.492374  2.664177 -2.516935 -3.852617
    30  0.759430  0.546829  0.492374  2.664177 -2.516935 -3.852617
    31  0.128192  0.923325  0.377514  4.498484 -1.929786 -0.650321
    32  0.128192  0.923325  0.377514  4.498484 -1.929786 -0.650321
    33  0.128192  0.923325  0.377514  4.498484 -1.929786 -0.650321
    34  0.371808  0.923325  0.877514  4.498484 -4.485702 -1.886199
    35  0.371808  0.923325  0.877514  4.498484 -4.485702 -1.886199
    36  0.371808  0.923325  0.877514  4.498484 -4.485702 -1.886199
  
 We found SURFACE card
 
>> new vectors to define the surface (in unit of lattice vector)
 The 1st vector on surface     :    1.000000    0.000000    0.000000
 The 2nd vector on surface     :    0.000000    1.000000    0.000000
 The 3rd vector out of surface :   -0.000000   -0.000000    1.000000
  
 The rotated new unit cell (Angstrom): 
    0.000000    0.000000   -5.073039
    4.872046    0.000000    0.000000
   -0.000000   -5.111832    0.000000
New cell's Volume is          126.34447Ang^3
  
 Fractional coordinates of atoms in units of new lattice vectors : 
Hf      0.965579    0.270177    0.243112
Hf      0.534421    0.270177    0.743112
Hf      0.465579    0.729823    0.243112
Hf      0.034421    0.729823    0.743112
O       0.628192    0.076675    0.377514
O       0.871808    0.076675    0.877514
O       0.259430    0.453171    0.492374
O       0.240570    0.453171    0.992374
O       0.740570    0.546829    0.992374
O       0.759430    0.546829    0.492374
O       0.128192    0.923325    0.377514
O       0.371808    0.923325    0.877514
  
 
 >> Top surface atom is      8 O         
 
 2D Primitive Cell_Volume:    24.716083188318677     
 Ra2, Rb2
    5.0730    0.0000
    0.0000    4.8720
 Ka2, Kb2
    0.3468   -0.0000
   -0.0000    0.3611
  
 We found KPATH_BULK card
Number of K lines :     9
 G      0.0000   0.0000   0.0000  X       0.5000  -0.0000   0.0000
 X      0.5000  -0.0000   0.0000  S       0.5000   0.5000  -0.0000
 S      0.5000   0.5000  -0.0000  Y       0.0000   0.5000  -0.0000
 Y      0.0000   0.5000  -0.0000  G       0.0000   0.0000   0.0000
 G      0.0000   0.0000   0.0000  Z       0.0000   0.0000   0.5000
 Z      0.0000   0.0000   0.5000  U       0.5000  -0.0000   0.5000
 U      0.5000  -0.0000   0.5000  R       0.5000   0.5000   0.5000
 R      0.5000   0.5000   0.5000  T       0.0000   0.5000   0.5000
 T      0.0000   0.5000   0.5000  Z       0.0000   0.0000   0.5000
  
 We found KPATH_SLAB card
 k lines for 2D system
 No. of k lines for 2D system :            3
  G     0.00000  0.00000    X       0.50000  0.00000
  X     0.50000  0.00000    M       0.50000  0.50000
  M     0.50000  0.50000    G       0.00000  0.00000
  
 We found KPLANE_SLAB card
 >> Kpoints plane for 2D system--> arcs  
K2D_start: -0.5000 -0.5000
The first vector:   1.0000  0.0000
The second vector:   0.0000  1.0000
  
 We found KPLANE_BULK card
 >> Kpoints plane for 3D system--> gapshape  
k3D_start :  -0.0000 -0.0000 -0.0000
The 1st vector:   1.0000  0.0000  0.0000
The 2nd vector:   0.0000  1.0000  0.0000
  
 We found KCUBE_BULK card
 >> Kpoints cube for 3D system--> gapshape3D  
k3D_start : -0.0000 -0.0000 -0.0000
The 1st vector:   1.0000  0.0000  0.0000
The 2nd vector:   0.0000  1.0000  0.0000
The 3rd vector:   0.0000  0.0000  1.0000
kCubeVolume:   1.9633
Origin_cell%ReciprocalCellVolume:   1.9633
  
  
 >> Using default parameters for Kpoint_3D
>> k points  0.0000 0.0000 0.0000 in unit of reciprocal primitive cell
>> k points  0.0000 0.0000 0.0000 in Cartesian coordinates
  
 >> Using default parameters for effective mass calculation
 >> Effective mass calculation parameters  
>> The     1'th band
>> k step  0.0100 in unit of 1/Angstrom
>> k points  0.0000 0.0000 0.0000 in unit of reciprocal primitive cell
>> k points  0.0000 0.0000 0.0000 in unit of 1/Angstrom
  
 >> We use the default values for k3points_pointmode_direct=[0,0,0]
 >> and Nk3_point_mode = 1
  
 >> We use the default values for Single_KPOINT_2D_DIRECT=[0,0]
  
 >> We use the default values for Single_KPOINT_3D_DIRECT=[0,0,0]
 >> Output all atoms weight for surface state spectrum
 > NtopAtoms           12
> TopAtoms 
     1     2     3     4     5     6     7     8     9    10
    11    12
> NbottomAtoms         12
> BottomAtoms 
     1     2     3     4     5     6     7     8     9    10
    11    12
 > NtopOrbitals           36
> TopOrbitals 
     1     2     3     4     5     6     7     8     9    10
    11    12    13    14    15    16    17    18    19    20
    21    22    23    24    25    26    27    28    29    30
    31    32    33    34    35    36
> NBottomOrbitals   36
> BottomOrbitals 
     1     2     3     4     5     6     7     8     9    10
    11    12    13    14    15    16    17    18    19    20
    21    22    23    24    25    26    27    28    29    30
    31    32    33    34    35    36
  
 >> We do not calculate chirality for nodal lines
  
 We found WEYL_CHIRALITY card
 
Weyl point positions
        kx        ky        kz        k1        k2        k3
   0.00000  -0.00000   0.61927  -0.50000   0.00000   0.00000
   0.64482   0.00000   0.00000  -0.00000   0.50000  -0.00000
 
  
  
>> There are    1 groups of SelectedAtoms
Group :   1
>> Number of atoms selected        12
>> Selected atoms are
    1  Hf            2  Hf            3  Hf            4  Hf            5  O             6  O             7  O             8  O             9  O            10  O         
   11  O            12  O         
  
>> There are   1 groups of SelectedOrbitals
 >> SelectedOrbitals
>> Number of orbitals selected (exclude spin degenarcy)        36
>> Orbitals are
       1       2       3       4       5       6       7       8       9      10      11      12
      13      14      15      16      17      18      19      20      21      22      23      24
      25      26      27      28      29      30      31      32      33      34      35      36
  
 We found SELECTED_OCCUPIED_BANDS card
  
 >> SELECTED_OCCUPIED_BANDS
>> Number of Occupied bands selected          3
>> OccupiedBand indices are
     1     2     3
  
  
 >> SELECTEDBANDS
>> Number of bands selected         36
>> Band indices are
     1     2     3     4     5     6     7     8     9    10    11    12
    13    14    15    16    17    18    19    20    21    22    23    24
    25    26    27    28    29    30    31    32    33    34    35    36
  
  
 We found LOTO_DT card for LOTO correction
Diele_tensor(1,:)     5.19354     0.00000     0.00000
Diele_tensor(2,:)     0.00000     5.04374     0.00000
Diele_tensor(3,:)     0.00000     0.00000     5.01097
  
 We found LOTO_BC card for LOTO correction
Born_Charge for atom   1  Hf    
     5.40390     0.21628    -0.37979
     0.26035     5.02119    -0.04120
     0.00283     0.06248     5.21441
Born_Charge for atom   2  Hf    
     5.40390     0.21628     0.37979
     0.26035     5.02119     0.04120
    -0.00283    -0.06248     5.21441
Born_Charge for atom   3  Hf    
     5.40390    -0.21628     0.37979
    -0.26035     5.02119    -0.04120
    -0.00283     0.06248     5.21441
Born_Charge for atom   4  Hf    
     5.40390    -0.21628    -0.37979
    -0.26035     5.02119     0.04120
     0.00283    -0.06248     5.21441
Born_Charge for atom   5  O     
    -2.93264     0.64616     0.78781
     0.58855    -2.43496     0.30672
     0.99222     0.32792    -2.53488
Born_Charge for atom   6  O     
    -2.93264     0.64616    -0.78781
     0.58855    -2.43496    -0.30672
    -0.99222    -0.32792    -2.53488
Born_Charge for atom   7  O     
    -2.47126    -0.09176    -0.07691
    -0.06185    -2.58623    -0.33229
    -0.14392    -0.30046    -2.67953
Born_Charge for atom   8  O     
    -2.47126    -0.09176     0.07691
    -0.06185    -2.58623     0.33229
     0.14392     0.30046    -2.67953
Born_Charge for atom   9  O     
    -2.47126     0.09176    -0.07691
     0.06185    -2.58623     0.33229
    -0.14392     0.30046    -2.67953
Born_Charge for atom  10  O     
    -2.47126     0.09176     0.07691
     0.06185    -2.58623    -0.33229
     0.14392    -0.30046    -2.67953
Born_Charge for atom  11  O     
    -2.93264    -0.64616    -0.78781
    -0.58855    -2.43496     0.30672
    -0.99222     0.32792    -2.53488
Born_Charge for atom  12  O     
    -2.93264    -0.64616     0.78781
    -0.58855    -2.43496    -0.30672
     0.99222    -0.32792    -2.53488
  
 We found LOTO_INTERPOLATE card for LOTO interpolation to real space
 Grid interpolation parameters:          11          11          11
 <<<Read pn.in file successfully
 Time cost for readinput is about            0.008 s
  >> Begin to read Hmn_R.data
  
>>: Center position for zero electrical potential for adding electrical field    0.500000    0.500000    0.621000
 
  Note: This is not a 2D system or E=0, so we can't add electric field.
 
 
 >> Hopping parameters in the home unit cell
 >> H00= Hmn(R=0) real part
  0.939  0.181 -0.012  0.065 -0.020 -0.018 -0.067  0.010 -0.056 -0.004  0.004  0.005 -0.190 -0.216  0.444  0.020  0.005 -0.018 -0.035  0.008  0.001  0.006  0.012 -0.026 -0.024 -0.033  0.022 -0.368  0.317 -0.306  0.019 -0.020  0.033  0.020  0.006 -0.011
  0.181  0.902 -0.023 -0.012 -0.069  0.033  0.000  0.062 -0.006  0.004 -0.003 -0.004 -0.167 -0.114  0.227  0.034  0.035 -0.019 -0.009  0.025 -0.026 -0.011  0.003  0.004  0.032 -0.032  0.045  0.351 -0.386  0.275  0.021  0.012  0.032  0.012  0.016  0.005
 -0.012 -0.023  0.947 -0.028  0.090 -0.056 -0.034  0.001 -0.063 -0.001 -0.001  0.002  0.398  0.325 -0.834 -0.026 -0.011 -0.013 -0.001  0.019 -0.022  0.027 -0.011  0.028  0.024 -0.037 -0.007 -0.342  0.262 -0.274 -0.004 -0.008  0.001 -0.005  0.010  0.008
  0.065 -0.012 -0.028  0.939  0.181  0.012 -0.062 -0.036 -0.011 -0.067 -0.000 -0.034 -0.070  0.134 -0.077 -0.190 -0.216 -0.444 -0.059 -0.247 -0.291 -0.024  0.198 -0.185 -0.368  0.317  0.306 -0.182 -0.071  0.084 -0.024 -0.031 -0.037  0.018 -0.028  0.018
 -0.020 -0.069  0.090  0.181  0.902  0.023 -0.042 -0.060  0.001 -0.010  0.062 -0.001  0.221 -0.510  0.115 -0.167 -0.114 -0.227 -0.357 -0.528 -0.584  0.135 -0.263  0.214  0.351 -0.386 -0.275 -0.256 -0.282  0.255  0.008 -0.025  0.008 -0.006  0.018  0.002
 -0.018  0.033 -0.056  0.012  0.023  0.947 -0.021 -0.002  0.067 -0.056  0.006 -0.063 -0.076  0.020 -0.081 -0.398 -0.325 -0.834 -0.283 -0.421 -0.435 -0.188  0.312 -0.388  0.342 -0.262 -0.274  0.222  0.186 -0.151  0.024  0.013 -0.011 -0.022 -0.013  0.016
 -0.067  0.000 -0.034 -0.062 -0.042 -0.021  0.939 -0.181  0.012  0.065  0.020  0.018  0.018  0.028  0.018  0.029  0.001  0.031 -0.368 -0.317  0.306 -0.024  0.033 -0.022  0.011  0.035  0.002 -0.024 -0.198 -0.185 -0.190  0.216 -0.444  0.020 -0.005  0.018
  0.010  0.062  0.001 -0.036 -0.060 -0.002 -0.181  0.902 -0.023  0.012 -0.069  0.033  0.006  0.018 -0.002  0.001  0.023  0.009 -0.351 -0.386  0.275 -0.032 -0.032  0.045 -0.030 -0.029 -0.029 -0.135 -0.263 -0.214  0.167 -0.114  0.227 -0.034  0.035 -0.019
 -0.056 -0.006 -0.063 -0.011  0.001  0.067  0.012 -0.023  0.947  0.028  0.090 -0.056 -0.022  0.013  0.016 -0.025 -0.003 -0.047  0.342  0.262 -0.274 -0.024 -0.037 -0.007  0.012  0.026 -0.008 -0.188 -0.312 -0.388 -0.398  0.325 -0.834  0.026 -0.011 -0.013
 -0.004  0.004 -0.001 -0.067 -0.010 -0.056  0.065  0.012  0.028  0.939 -0.181 -0.012  0.037 -0.016 -0.001  0.019  0.020  0.033 -0.182  0.071 -0.084 -0.368 -0.317 -0.306 -0.035 -0.008  0.001  0.003 -0.000  0.025 -0.070 -0.134  0.077 -0.190  0.216  0.444
  0.004 -0.003 -0.001 -0.000  0.062  0.006  0.020 -0.069  0.090 -0.181  0.902  0.023  0.001 -0.026 -0.009 -0.021  0.012 -0.032  0.256 -0.282  0.255 -0.351 -0.386 -0.275  0.009  0.025  0.026 -0.003 -0.017 -0.015 -0.221 -0.510  0.115  0.167 -0.114 -0.227
  0.005 -0.004  0.002 -0.034 -0.001 -0.063  0.018  0.033 -0.056 -0.012  0.023  0.947 -0.012 -0.002  0.013 -0.004  0.008  0.001 -0.222  0.186 -0.151 -0.342 -0.262 -0.274 -0.001 -0.019 -0.022 -0.015  0.028 -0.035  0.076  0.020 -0.081  0.398 -0.325 -0.834
 -0.190 -0.167  0.398 -0.070  0.221 -0.076  0.018  0.006 -0.022  0.037  0.001 -0.012 10.473 -2.744 -4.139 -0.053  0.028  0.037 -0.624  0.226 -0.417 -0.203  0.068 -0.152 -0.053 -0.073  0.117 -2.029  0.720  0.692  0.018  0.018  0.037 -0.006 -0.013  0.041
 -0.216 -0.114  0.325  0.134 -0.510  0.020  0.028  0.018  0.013 -0.016 -0.026 -0.002 -2.744  4.808 -0.625  0.027 -0.707 -0.317  0.218 -0.025  0.197  0.243 -0.196  0.433  0.225 -0.086 -0.283  0.538  0.066 -0.205  0.021 -0.021 -0.016 -0.002  0.024 -0.006
  0.444  0.227 -0.834 -0.077  0.115 -0.081  0.018 -0.002  0.016 -0.001 -0.009  0.013 -4.139 -0.625  7.688  0.078 -0.271 -0.075 -0.368  0.205 -0.530  0.051 -0.048 -0.058 -0.198  0.162  0.086  0.724 -0.279 -0.029 -0.003 -0.028  0.014 -0.008 -0.012 -0.028
  0.020  0.034 -0.026 -0.190 -0.167 -0.398  0.029  0.001 -0.025  0.019 -0.021 -0.004 -0.053  0.027  0.078 10.473 -2.744  4.139 -0.320 -0.363 -0.247 -0.068  0.088  0.095 -2.029  0.720 -0.692 -0.206 -0.068 -0.044 -0.034  0.008 -0.002  0.018 -0.021 -0.003
  0.005  0.035 -0.011 -0.216 -0.114 -0.325  0.001  0.023 -0.003  0.020  0.012  0.008  0.028 -0.707 -0.271 -2.744  4.808  0.625 -0.008 -0.205 -0.031 -0.125  0.137 -0.193  0.538  0.066  0.205 -0.136 -0.221 -0.081 -0.012  0.001  0.009 -0.018 -0.021  0.028
 -0.018 -0.019 -0.013 -0.444 -0.227 -0.834  0.031  0.009 -0.047  0.033 -0.032  0.001  0.037 -0.317 -0.075  4.139  0.625  7.688 -0.329 -0.643 -0.505 -0.056  0.176  0.009 -0.724  0.279 -0.029 -0.032 -0.045  0.014 -0.059 -0.003  0.014  0.037  0.016  0.014
 -0.035 -0.009 -0.001 -0.059 -0.357 -0.283 -0.368 -0.351  0.342 -0.182  0.256 -0.222 -0.624  0.218 -0.368 -0.320 -0.008 -0.329  6.373  0.895  1.097  0.103 -0.133  0.132  0.084 -0.137 -0.109  0.036  0.086  0.376 -2.029 -0.538 -0.724 -0.206  0.136  0.032
  0.008  0.025  0.019 -0.247 -0.528 -0.421 -0.317 -0.386  0.262  0.071 -0.282  0.186  0.226 -0.025  0.205 -0.363 -0.205 -0.643  0.895  8.669  1.342  0.114 -1.649  0.063  0.119  0.004  0.084  0.078  0.080 -0.054 -0.720  0.066 -0.279  0.068 -0.221 -0.045
  0.001 -0.026 -0.022 -0.291 -0.584 -0.435  0.306  0.275 -0.274 -0.084  0.255 -0.151 -0.417  0.197 -0.530 -0.247 -0.031 -0.505  1.097  1.342  8.652  0.054  0.083  0.045  0.114  0.026  0.037  0.089  0.040 -1.533 -0.692 -0.205 -0.029  0.044 -0.081  0.014
  0.006 -0.011  0.027 -0.024  0.135 -0.188 -0.024 -0.032 -0.024 -0.368 -0.351 -0.342 -0.203  0.243  0.051 -0.068 -0.125 -0.056  0.103  0.114  0.054  6.373  0.895 -1.097  0.036 -0.078  0.089  0.036  0.123 -0.085 -0.053 -0.225  0.198 -2.029 -0.538  0.724
  0.012  0.003 -0.011  0.198 -0.263  0.312  0.033 -0.032 -0.037 -0.317 -0.386 -0.262  0.068 -0.196 -0.048  0.088  0.137  0.176 -0.133 -1.649  0.083  0.895  8.669 -1.342 -0.086  0.080 -0.040 -0.044  0.037 -0.077  0.073 -0.086  0.162 -0.720  0.066  0.279
 -0.026  0.004  0.028 -0.185  0.214 -0.388 -0.022  0.045 -0.007 -0.306 -0.275 -0.274 -0.152  0.433 -0.058  0.095 -0.193  0.009  0.132  0.063  0.045 -1.097 -1.342  8.652  0.376  0.054 -1.533  0.079 -0.054  0.052 -0.117 -0.283  0.086  0.692  0.205 -0.029
 -0.024  0.032  0.024 -0.368  0.351  0.342  0.011 -0.030  0.012 -0.035  0.009 -0.001 -0.053  0.225 -0.198 -2.029  0.538 -0.724  0.084  0.119  0.114  0.036 -0.086  0.376  6.373 -0.895  1.097  0.103 -0.114 -0.054  0.061  0.013  0.030 -0.624 -0.218 -0.368
 -0.033 -0.032 -0.037  0.317 -0.386 -0.262  0.035 -0.029  0.026 -0.008  0.025 -0.019 -0.073 -0.086  0.162  0.720  0.066  0.279 -0.137  0.004  0.026 -0.078  0.080  0.054 -0.895  8.669 -1.342  0.133 -1.649  0.083  0.042  0.059  0.043 -0.226 -0.025 -0.205
  0.022  0.045 -0.007  0.306 -0.275 -0.274  0.002 -0.029 -0.008  0.001  0.026 -0.022  0.117 -0.283  0.086 -0.692  0.205 -0.029 -0.109  0.084  0.037  0.089 -0.040 -1.533  1.097 -1.342  8.652 -0.132  0.063  0.045  0.044 -0.015  0.060 -0.417 -0.197 -0.530
 -0.368  0.351 -0.342 -0.182 -0.256  0.222 -0.024 -0.135 -0.188  0.003 -0.003 -0.015 -2.029  0.538  0.724 -0.206 -0.136 -0.032  0.036  0.078  0.089  0.036 -0.044  0.079  0.103  0.133 -0.132  6.373 -0.895 -1.097 -0.068  0.125 -0.056 -0.148 -0.009  0.057
  0.317 -0.386  0.262 -0.071 -0.282  0.186 -0.198 -0.263 -0.312 -0.000 -0.017  0.028  0.720  0.066 -0.279 -0.068 -0.221 -0.045  0.086  0.080  0.040  0.123  0.037 -0.054 -0.114 -1.649  0.063 -0.895  8.669  1.342 -0.088  0.137 -0.176  0.006 -0.070 -0.050
 -0.306  0.275 -0.274  0.084  0.255 -0.151 -0.185 -0.214 -0.388  0.025 -0.015 -0.035  0.692 -0.205 -0.029 -0.044 -0.081  0.014  0.376 -0.054 -1.533 -0.085 -0.077  0.052 -0.054  0.083  0.045 -1.097  1.342  8.652  0.095  0.193  0.009  0.030 -0.015 -0.109
  0.019  0.021 -0.004 -0.024  0.008  0.024 -0.190  0.167 -0.398 -0.070 -0.221  0.076  0.018  0.021 -0.003 -0.034 -0.012 -0.059 -2.029 -0.720 -0.692 -0.053  0.073 -0.117  0.061  0.042  0.044 -0.068 -0.088  0.095 10.473  2.744  4.139 -0.053 -0.028 -0.037
 -0.020  0.012 -0.008 -0.031 -0.025  0.013  0.216 -0.114  0.325 -0.134 -0.510  0.020  0.018 -0.021 -0.028  0.008  0.001 -0.003 -0.538  0.066 -0.205 -0.225 -0.086 -0.283  0.013  0.059 -0.015  0.125  0.137  0.193  2.744  4.808 -0.625 -0.027 -0.707 -0.317
  0.033  0.032  0.001 -0.037  0.008 -0.011 -0.444  0.227 -0.834  0.077  0.115 -0.081  0.037 -0.016  0.014 -0.002  0.009  0.014 -0.724 -0.279 -0.029  0.198  0.162  0.086  0.030  0.043  0.060 -0.056 -0.176  0.009  4.139 -0.625  7.688 -0.078 -0.271 -0.075
  0.020  0.012 -0.005  0.018 -0.006 -0.022  0.020 -0.034  0.026 -0.190  0.167  0.398 -0.006 -0.002 -0.008  0.018 -0.018  0.037 -0.206  0.068  0.044 -2.029 -0.720  0.692 -0.624 -0.226 -0.417 -0.148  0.006  0.030 -0.053 -0.027 -0.078 10.473  2.744 -4.139
  0.006  0.016  0.010 -0.028  0.018 -0.013 -0.005  0.035 -0.011  0.216 -0.114 -0.325 -0.013  0.024 -0.012 -0.021 -0.021  0.016  0.136 -0.221 -0.081 -0.538  0.066  0.205 -0.218 -0.025 -0.197 -0.009 -0.070 -0.015 -0.028 -0.707 -0.271  2.744  4.808  0.625
 -0.011  0.005  0.008  0.018  0.002  0.016  0.018 -0.019 -0.013  0.444 -0.227 -0.834  0.041 -0.006 -0.028 -0.003  0.028  0.014  0.032 -0.045  0.014  0.724  0.279 -0.029 -0.368 -0.205 -0.530  0.057 -0.050 -0.109 -0.037 -0.317 -0.075 -4.139  0.625  7.688
 
 >> H00= Hmn(R=0) imaginary part
  0.000  0.000  0.000  0.000  0.000  0.000  0.000  0.000  0.000  0.000  0.000  0.000  0.000  0.000  0.000  0.000  0.000  0.000  0.000  0.000  0.000  0.000  0.000  0.000  0.000  0.000  0.000  0.000  0.000  0.000  0.000  0.000  0.000  0.000  0.000  0.000
  0.000  0.000  0.000  0.000  0.000  0.000  0.000  0.000  0.000  0.000  0.000  0.000  0.000  0.000  0.000  0.000  0.000  0.000  0.000  0.000  0.000  0.000  0.000  0.000  0.000  0.000  0.000  0.000  0.000  0.000  0.000  0.000  0.000  0.000  0.000  0.000
  0.000  0.000  0.000  0.000  0.000  0.000  0.000  0.000  0.000  0.000  0.000  0.000  0.000  0.000  0.000  0.000  0.000  0.000  0.000  0.000  0.000  0.000  0.000  0.000  0.000  0.000  0.000  0.000  0.000  0.000  0.000  0.000  0.000  0.000  0.000  0.000
  0.000  0.000  0.000  0.000  0.000  0.000  0.000  0.000  0.000  0.000  0.000  0.000  0.000  0.000  0.000  0.000  0.000  0.000  0.000  0.000  0.000  0.000  0.000  0.000  0.000  0.000  0.000  0.000  0.000  0.000  0.000  0.000  0.000  0.000  0.000  0.000
  0.000  0.000  0.000  0.000  0.000  0.000  0.000  0.000  0.000  0.000  0.000  0.000  0.000  0.000  0.000  0.000  0.000  0.000  0.000  0.000  0.000  0.000  0.000  0.000  0.000  0.000  0.000  0.000  0.000  0.000  0.000  0.000  0.000  0.000  0.000  0.000
  0.000  0.000  0.000  0.000  0.000  0.000  0.000  0.000  0.000  0.000  0.000  0.000  0.000  0.000  0.000  0.000  0.000  0.000  0.000  0.000  0.000  0.000  0.000  0.000  0.000  0.000  0.000  0.000  0.000  0.000  0.000  0.000  0.000  0.000  0.000  0.000
  0.000  0.000  0.000  0.000  0.000  0.000  0.000  0.000  0.000  0.000  0.000  0.000  0.000  0.000  0.000  0.000  0.000  0.000  0.000  0.000  0.000  0.000  0.000  0.000  0.000  0.000  0.000  0.000  0.000  0.000  0.000  0.000  0.000  0.000  0.000  0.000
  0.000  0.000  0.000  0.000  0.000  0.000  0.000  0.000  0.000  0.000  0.000  0.000  0.000  0.000  0.000  0.000  0.000  0.000  0.000  0.000  0.000  0.000  0.000  0.000  0.000  0.000  0.000  0.000  0.000  0.000  0.000  0.000  0.000  0.000  0.000  0.000
  0.000  0.000  0.000  0.000  0.000  0.000  0.000  0.000  0.000  0.000  0.000  0.000  0.000  0.000  0.000  0.000  0.000  0.000  0.000  0.000  0.000  0.000  0.000  0.000  0.000  0.000  0.000  0.000  0.000  0.000  0.000  0.000  0.000  0.000  0.000  0.000
  0.000  0.000  0.000  0.000  0.000  0.000  0.000  0.000  0.000  0.000  0.000  0.000  0.000  0.000  0.000  0.000  0.000  0.000  0.000  0.000  0.000  0.000  0.000  0.000  0.000  0.000  0.000  0.000  0.000  0.000  0.000  0.000  0.000  0.000  0.000  0.000
  0.000  0.000  0.000  0.000  0.000  0.000  0.000  0.000  0.000  0.000  0.000  0.000  0.000  0.000  0.000  0.000  0.000  0.000  0.000  0.000  0.000  0.000  0.000  0.000  0.000  0.000  0.000  0.000  0.000  0.000  0.000  0.000  0.000  0.000  0.000  0.000
  0.000  0.000  0.000  0.000  0.000  0.000  0.000  0.000  0.000  0.000  0.000  0.000  0.000  0.000  0.000  0.000  0.000  0.000  0.000  0.000  0.000  0.000  0.000  0.000  0.000  0.000  0.000  0.000  0.000  0.000  0.000  0.000  0.000  0.000  0.000  0.000
  0.000  0.000  0.000  0.000  0.000  0.000  0.000  0.000  0.000  0.000  0.000  0.000  0.000  0.000  0.000  0.000  0.000  0.000  0.000  0.000  0.000  0.000  0.000  0.000  0.000  0.000  0.000  0.000  0.000  0.000  0.000  0.000  0.000  0.000  0.000  0.000
  0.000  0.000  0.000  0.000  0.000  0.000  0.000  0.000  0.000  0.000  0.000  0.000  0.000  0.000  0.000  0.000  0.000  0.000  0.000  0.000  0.000  0.000  0.000  0.000  0.000  0.000  0.000  0.000  0.000  0.000  0.000  0.000  0.000  0.000  0.000  0.000
  0.000  0.000  0.000  0.000  0.000  0.000  0.000  0.000  0.000  0.000  0.000  0.000  0.000  0.000  0.000  0.000  0.000  0.000  0.000  0.000  0.000  0.000  0.000  0.000  0.000  0.000  0.000  0.000  0.000  0.000  0.000  0.000  0.000  0.000  0.000  0.000
  0.000  0.000  0.000  0.000  0.000  0.000  0.000  0.000  0.000  0.000  0.000  0.000  0.000  0.000  0.000  0.000  0.000  0.000  0.000  0.000  0.000  0.000  0.000  0.000  0.000  0.000  0.000  0.000  0.000  0.000  0.000  0.000  0.000  0.000  0.000  0.000
  0.000  0.000  0.000  0.000  0.000  0.000  0.000  0.000  0.000  0.000  0.000  0.000  0.000  0.000  0.000  0.000  0.000  0.000  0.000  0.000  0.000  0.000  0.000  0.000  0.000  0.000  0.000  0.000  0.000  0.000  0.000  0.000  0.000  0.000  0.000  0.000
  0.000  0.000  0.000  0.000  0.000  0.000  0.000  0.000  0.000  0.000  0.000  0.000  0.000  0.000  0.000  0.000  0.000  0.000  0.000  0.000  0.000  0.000  0.000  0.000  0.000  0.000  0.000  0.000  0.000  0.000  0.000  0.000  0.000  0.000  0.000  0.000
  0.000  0.000  0.000  0.000  0.000  0.000  0.000  0.000  0.000  0.000  0.000  0.000  0.000  0.000  0.000  0.000  0.000  0.000  0.000  0.000  0.000  0.000  0.000  0.000  0.000  0.000  0.000  0.000  0.000  0.000  0.000  0.000  0.000  0.000  0.000  0.000
  0.000  0.000  0.000  0.000  0.000  0.000  0.000  0.000  0.000  0.000  0.000  0.000  0.000  0.000  0.000  0.000  0.000  0.000  0.000  0.000  0.000  0.000  0.000  0.000  0.000  0.000  0.000  0.000  0.000  0.000  0.000  0.000  0.000  0.000  0.000  0.000
  0.000  0.000  0.000  0.000  0.000  0.000  0.000  0.000  0.000  0.000  0.000  0.000  0.000  0.000  0.000  0.000  0.000  0.000  0.000  0.000  0.000  0.000  0.000  0.000  0.000  0.000  0.000  0.000  0.000  0.000  0.000  0.000  0.000  0.000  0.000  0.000
  0.000  0.000  0.000  0.000  0.000  0.000  0.000  0.000  0.000  0.000  0.000  0.000  0.000  0.000  0.000  0.000  0.000  0.000  0.000  0.000  0.000  0.000  0.000  0.000  0.000  0.000  0.000  0.000  0.000  0.000  0.000  0.000  0.000  0.000  0.000  0.000
  0.000  0.000  0.000  0.000  0.000  0.000  0.000  0.000  0.000  0.000  0.000  0.000  0.000  0.000  0.000  0.000  0.000  0.000  0.000  0.000  0.000  0.000  0.000  0.000  0.000  0.000  0.000  0.000  0.000  0.000  0.000  0.000  0.000  0.000  0.000  0.000
  0.000  0.000  0.000  0.000  0.000  0.000  0.000  0.000  0.000  0.000  0.000  0.000  0.000  0.000  0.000  0.000  0.000  0.000  0.000  0.000  0.000  0.000  0.000  0.000  0.000  0.000  0.000  0.000  0.000  0.000  0.000  0.000  0.000  0.000  0.000  0.000
  0.000  0.000  0.000  0.000  0.000  0.000  0.000  0.000  0.000  0.000  0.000  0.000  0.000  0.000  0.000  0.000  0.000  0.000  0.000  0.000  0.000  0.000  0.000  0.000  0.000  0.000  0.000  0.000  0.000  0.000  0.000  0.000  0.000  0.000  0.000  0.000
  0.000  0.000  0.000  0.000  0.000  0.000  0.000  0.000  0.000  0.000  0.000  0.000  0.000  0.000  0.000  0.000  0.000  0.000  0.000  0.000  0.000  0.000  0.000  0.000  0.000  0.000  0.000  0.000  0.000  0.000  0.000  0.000  0.000  0.000  0.000  0.000
  0.000  0.000  0.000  0.000  0.000  0.000  0.000  0.000  0.000  0.000  0.000  0.000  0.000  0.000  0.000  0.000  0.000  0.000  0.000  0.000  0.000  0.000  0.000  0.000  0.000  0.000  0.000  0.000  0.000  0.000  0.000  0.000  0.000  0.000  0.000  0.000
  0.000  0.000  0.000  0.000  0.000  0.000  0.000  0.000  0.000  0.000  0.000  0.000  0.000  0.000  0.000  0.000  0.000  0.000  0.000  0.000  0.000  0.000  0.000  0.000  0.000  0.000  0.000  0.000  0.000  0.000  0.000  0.000  0.000  0.000  0.000  0.000
  0.000  0.000  0.000  0.000  0.000  0.000  0.000  0.000  0.000  0.000  0.000  0.000  0.000  0.000  0.000  0.000  0.000  0.000  0.000  0.000  0.000  0.000  0.000  0.000  0.000  0.000  0.000  0.000  0.000  0.000  0.000  0.000  0.000  0.000  0.000  0.000
  0.000  0.000  0.000  0.000  0.000  0.000  0.000  0.000  0.000  0.000  0.000  0.000  0.000  0.000  0.000  0.000  0.000  0.000  0.000  0.000  0.000  0.000  0.000  0.000  0.000  0.000  0.000  0.000  0.000  0.000  0.000  0.000  0.000  0.000  0.000  0.000
  0.000  0.000  0.000  0.000  0.000  0.000  0.000  0.000  0.000  0.000  0.000  0.000  0.000  0.000  0.000  0.000  0.000  0.000  0.000  0.000  0.000  0.000  0.000  0.000  0.000  0.000  0.000  0.000  0.000  0.000  0.000  0.000  0.000  0.000  0.000  0.000
  0.000  0.000  0.000  0.000  0.000  0.000  0.000  0.000  0.000  0.000  0.000  0.000  0.000  0.000  0.000  0.000  0.000  0.000  0.000  0.000  0.000  0.000  0.000  0.000  0.000  0.000  0.000  0.000  0.000  0.000  0.000  0.000  0.000  0.000  0.000  0.000
  0.000  0.000  0.000  0.000  0.000  0.000  0.000  0.000  0.000  0.000  0.000  0.000  0.000  0.000  0.000  0.000  0.000  0.000  0.000  0.000  0.000  0.000  0.000  0.000  0.000  0.000  0.000  0.000  0.000  0.000  0.000  0.000  0.000  0.000  0.000  0.000
  0.000  0.000  0.000  0.000  0.000  0.000  0.000  0.000  0.000  0.000  0.000  0.000  0.000  0.000  0.000  0.000  0.000  0.000  0.000  0.000  0.000  0.000  0.000  0.000  0.000  0.000  0.000  0.000  0.000  0.000  0.000  0.000  0.000  0.000  0.000  0.000
  0.000  0.000  0.000  0.000  0.000  0.000  0.000  0.000  0.000  0.000  0.000  0.000  0.000  0.000  0.000  0.000  0.000  0.000  0.000  0.000  0.000  0.000  0.000  0.000  0.000  0.000  0.000  0.000  0.000  0.000  0.000  0.000  0.000  0.000  0.000  0.000
  0.000  0.000  0.000  0.000  0.000  0.000  0.000  0.000  0.000  0.000  0.000  0.000  0.000  0.000  0.000  0.000  0.000  0.000  0.000  0.000  0.000  0.000  0.000  0.000  0.000  0.000  0.000  0.000  0.000  0.000  0.000  0.000  0.000  0.000  0.000  0.000
 
  << Read Hmn_R.data successfully
  
 >> Start of calculating bulk band
 Time cost for BulkBand is about            2.749 s
 << End of calculating bulk band
  
 Time cost for whole program is about            2.942 s
  
  
  =======================================================================
  Hurray! I finished running!
  Check the rest of the output files to see the results.
  If you think everything is correct and you want to use it for any 
  publication, please acknowledge and cite this program as:
  
  Loren ipsum dolor sit amet
  name name name name
  where and when
  doi
  
  If you saw any bug or anything odd during execution,        
  report it at fballestermacia@gmail.com or on github                 
  Thank you for using Simphony!           
  
  ''And then there's quantum, of course.'  The monk sighed. 
  'There's always bloody quantum.'' - Sir Terry Pratchett, Night Watch
  =======================================================================
