.d88888b  oo                      dP                                  
88.    "                          88                                  
`Y88888b. dP 88d8b.d8b.  88d888b. 88d888b. .d8888b. 88d888b. dP    dP 
      `8b 88 88 `88 `88  88   `88 88   `88 88   `88 88   `88 88    88 
d8    .8P 88 88  88  88  88.  .88 88    88 88.  .88 88    88 88.  .88 
 Y88888P  dP dP  dP  dP  88Y888P  dP    dP `88888P  dP    dP `8888P88 
oooooooooooooooooooooooo~88~oooooooooooooooooooooooooooooooooo~~~~.88~
                        dP                                   d8888P   
                                                           
                     Hi! You are now using Simphony              
                      Version 1.1.0     
                          I hope I can help!                   
                                                           
                        Author: Francesc Ballester              
                      Email: fballestermacia@gmail.com           
                      TODO: INCLUDE PAPER AND GITHUB              
                                                           
                 Now, let's start by reading your input file...    
 =====================================================================
                                                           
 You are using     1 CPU cores
  
   
 >>>Read some parameters from pn.in
 Tight-binding Hamiltonian filename : wannier90_hr.dat         
 Tight-binding Hamiltonian obtained from package : QE                       
   
 >>>Control parameters: 
 BulkBand_line_calc                :  F
 BulkBand_plane_calc               :  F
 BulkBand_unfold_line_calc         :  F
 BulkBand_unfold_plane_calc        :  F
 BulkFatBand_calc                  :  F
 BulkBand_cube_calc                :  F
 BulkFS_calc                       :  F
 BulkFS_Plane_calc                 :  F
 BulkFS_plane_stack_calc           :  F
 BulkGap_cube_calc                 :  F
 BulkGap_plane_calc                :  F
 SlabBand_calc                     :  F
 SlabBandWaveFunc_calc             :  F
 SlabSS_calc                       :  F
 SlabArc_calc                      :  F
 wanniercenter_calc                :  F
 BerryPhase_calc                   :  F
 BerryCurvature_calc               :  F
 BerryCurvature_EF_calc            :  F
 BerryCurvature_kpath_EF_calc      :  F
 BerryCurvature_Cube_calc          :  F
 BerryCurvature_slab_calc          :  F
 Dos_calc                          :  F
 Z2_3D_calc                        :  F
 WeylChirality_calc                :  T
 Chern_3D_calc                     :  F
 MirrorChern_calc                  :  F
 JDos_calc                         :  F
 SlabDos_calc                      :  F
 FindNodes_calc                    :  F
 EffectiveMass_calc                :  F
 LOTO_correction                   :  T
 apply_ASR                         :  F
 Write_eigenstates_at_HSP          :  F
   
 >>>System parameters: 
 NumSlabs :    10
 Nslab1 for ribbon  :     1
 Nslab2 for ribbon  :     1
 Number of Occupied bands:    17
 Fermi energy (eV) :        0.000000
 ijmax :    10
   
 >>>calculation parameters : 
 E_arc :          1.00000
 Eta_arc :          0.00500
 symprec :          0.00010
 EF_broadening :          0.05000
 Gap_threshold         0.00001
 OmegaMin :          0.50000
 OmegaMax :          1.50000
 OmegaNum :    100
 Nk1 :     50
 Nk2 :     50
 Nk3 :     50
 NP number of principle layers  :      5
 Tmin(Kelvin)  :        100.00000
 Tmax(Kelvin)  :        100.00000
 Rcut    999999.00000
 iprint_level               1
 RKF45_PERIODIC_LEVEL            1.00
 wcc_calc_tol         0.08000
 wcc_neighbour_tol         0.30000
 NumSelectedEigenVals     0
 NumRandomConfs:     1
 Projection weight mode:NORMAL              
  
 We found LATTICE card
>> lattice information (Angstrom)
           a           b           c       alpha        beta       gamma
    4.954716    5.044581    5.167269   47.625949   47.625949   47.625949
 Three Lattice vectors of the unfolded cell: 
    4.954716    0.000000    0.000000
   -0.000000    5.044581    0.000000
    0.000000    0.000000    5.167269
>> Reciprocal lattice information (1/Angstrom)
           a           b           c       alpha        beta       gamma
    1.268122    1.245532    1.215959  170.075351  170.075351  170.075351
 Three reciprocal lattice vectors of the primitive cell: 
    1.268122    0.000000   -0.000000
    0.000000    1.245532    0.000000
    0.000000   -0.000000    1.215959
  
 We found ATOMS card
Origin_cell%Num_atoms   12
  
 
>> Atom position and mass of Original lattice
                                    Catesian(Ang)                  Fractional(Direct)                    Mass
------------------------------------------------------------------------------------------------------------------
 index  Atom Name            x           y           z           a           b           c       m
------------------------------------------------------------------------------------------------------------------
     1  Hf            1.331220    3.820443    0.174266    0.268677    0.757336    0.033725  178.490000
     2  Hf            1.331220    1.298153    2.409368    0.268677    0.257336    0.466275  178.490000
     3  Hf            3.623496    3.820443    2.757900    0.731323    0.757336    0.533725  178.490000
     4  Hf            3.623496    1.298153    4.993002    0.731323    0.257336    0.966275  178.490000
     5  O             0.364824    3.134264    1.907357    0.073632    0.621313    0.369123   15.999400
     6  O             0.364823    0.611973    0.676280    0.073631    0.121313    0.130878   15.999400
     7  O             2.265381    2.564418    3.808627    0.457217    0.508351    0.737068   15.999400
     8  O             2.265380    0.042127    3.942275    0.457217    0.008351    0.762932   15.999400
     9  O             2.689336    0.042127    1.358641    0.542783    0.008351    0.262932   15.999400
    10  O             2.689335    2.564418    1.224993    0.542783    0.508351    0.237068   15.999400
    11  O             4.589893    3.134264    4.490990    0.926368    0.621313    0.869123   15.999400
    12  O             4.589893    0.611973    3.259913    0.926369    0.121313    0.630877   15.999400
  
 >> Wannier centers from pn.in, in unit of unit lattice vectors
 iwann        R1        R2        R3         x         y         z
     1  0.268677  0.757336  0.033725  1.331220  3.820443  0.174266
     2  0.268677  0.757336  0.033725  1.331220  3.820443  0.174266
     3  0.268677  0.757336  0.033725  1.331220  3.820443  0.174266
     4  0.268677  0.257336  0.466275  1.331220  1.298153  2.409368
     5  0.268677  0.257336  0.466275  1.331220  1.298153  2.409368
     6  0.268677  0.257336  0.466275  1.331220  1.298153  2.409368
     7  0.731323  0.757336  0.533725  3.623496  3.820443  2.757900
     8  0.731323  0.757336  0.533725  3.623496  3.820443  2.757900
     9  0.731323  0.757336  0.533725  3.623496  3.820443  2.757900
    10  0.731323  0.257336  0.966275  3.623496  1.298153  4.993002
    11  0.731323  0.257336  0.966275  3.623496  1.298153  4.993002
    12  0.731323  0.257336  0.966275  3.623496  1.298153  4.993002
    13  0.073632  0.621313  0.369123  0.364824  3.134264  1.907357
    14  0.073632  0.621313  0.369123  0.364824  3.134264  1.907357
    15  0.073632  0.621313  0.369123  0.364824  3.134264  1.907357
    16  0.073631  0.121313  0.130878  0.364823  0.611973  0.676280
    17  0.073631  0.121313  0.130878  0.364823  0.611973  0.676280
    18  0.073631  0.121313  0.130878  0.364823  0.611973  0.676280
    19  0.457217  0.508351  0.737068  2.265381  2.564418  3.808627
    20  0.457217  0.508351  0.737068  2.265381  2.564418  3.808627
    21  0.457217  0.508351  0.737068  2.265381  2.564418  3.808627
    22  0.457217  0.008351  0.762932  2.265380  0.042127  3.942275
    23  0.457217  0.008351  0.762932  2.265380  0.042127  3.942275
    24  0.457217  0.008351  0.762932  2.265380  0.042127  3.942275
    25  0.542783  0.008351  0.262932  2.689336  0.042127  1.358641
    26  0.542783  0.008351  0.262932  2.689336  0.042127  1.358641
    27  0.542783  0.008351  0.262932  2.689336  0.042127  1.358641
    28  0.542783  0.508351  0.237068  2.689335  2.564418  1.224993
    29  0.542783  0.508351  0.237068  2.689335  2.564418  1.224993
    30  0.542783  0.508351  0.237068  2.689335  2.564418  1.224993
    31  0.926368  0.621313  0.869123  4.589893  3.134264  4.490990
    32  0.926368  0.621313  0.869123  4.589893  3.134264  4.490990
    33  0.926368  0.621313  0.869123  4.589893  3.134264  4.490990
    34  0.926369  0.121313  0.630877  4.589893  0.611973  3.259913
    35  0.926369  0.121313  0.630877  4.589893  0.611973  3.259913
    36  0.926369  0.121313  0.630877  4.589893  0.611973  3.259913
  
 We found SURFACE card
 
>> new vectors to define the surface (in unit of lattice vector)
 The 1st vector on surface     :    1.000000    0.000000    0.000000
 The 2nd vector on surface     :    0.000000    1.000000    0.000000
 The 3rd vector out of surface :   -0.000000   -0.000000    1.000000
  
 The rotated new unit cell (Angstrom): 
    4.954716    0.000000    0.000000
    0.000000    5.044581    0.000000
    0.000000    0.000000    5.167269
New cell's Volume is          129.15314Ang^3
  
 Fractional coordinates of atoms in units of new lattice vectors : 
Hf      0.268677    0.757336    0.033725
Hf      0.268677    0.257336    0.466275
Hf      0.731323    0.757336    0.533725
Hf      0.731323    0.257336    0.966275
O       0.073632    0.621313    0.369123
O       0.073631    0.121313    0.130878
O       0.457217    0.508351    0.737068
O       0.457217    0.008351    0.762932
O       0.542783    0.008351    0.262932
O       0.542783    0.508351    0.237068
O       0.926368    0.621313    0.869123
O       0.926369    0.121313    0.630877
  
 
 >> Top surface atom is      4 Hf        
 
 2D Primitive Cell_Volume:    24.994468825758283     
 Ra2, Rb2
    4.9547    0.0000
    0.0000    5.0446
 Ka2, Kb2
    0.3551   -0.0000
   -0.0000    0.3488
  
 We found KPATH_BULK card
Number of K lines :    12
 G      0.0000   0.0000   0.0000  X       0.0000   0.0000   0.5000
 X      0.0000   0.0000   0.5000  S       0.5000  -0.0000   0.5000
 S      0.5000  -0.0000   0.5000  Y       0.5000  -0.0000   0.0000
 Y      0.5000  -0.0000   0.0000  G       0.0000   0.0000   0.0000
 G      0.0000   0.0000   0.0000  Z       0.0000   0.5000   0.0000
 Z      0.0000   0.5000   0.0000  U       0.0000   0.5000   0.5000
 U      0.0000   0.5000   0.5000  R       0.5000   0.5000   0.5000
 R      0.5000   0.5000   0.5000  T       0.5000   0.5000   0.0000
 T      0.5000   0.5000   0.0000  Z       0.0000   0.5000   0.0000
 X      0.0000   0.0000   0.5000  U       0.0000   0.5000   0.5000
 Y      0.5000  -0.0000   0.0000  T       0.5000   0.5000   0.0000
 S      0.5000  -0.0000   0.5000  R       0.5000   0.5000   0.5000
  
 We found KPATH_SLAB card
 k lines for 2D system
 No. of k lines for 2D system :            3
  G     0.00000  0.00000    X       0.50000  0.00000
  X     0.50000  0.00000    M       0.50000  0.50000
  M     0.50000  0.50000    G       0.00000  0.00000
  
 We found KPLANE_SLAB card
 >> Kpoints plane for 2D system--> arcs  
K2D_start: -0.5000 -0.5000
The first vector:   1.0000  0.0000
The second vector:   0.0000  1.0000
  
 We found KPLANE_BULK card
 >> Kpoints plane for 3D system--> gapshape  
k3D_start :  -0.0000 -0.0000 -0.0000
The 1st vector:   1.0000  0.0000  0.0000
The 2nd vector:   0.0000  1.0000  0.0000
  
 We found KCUBE_BULK card
 >> Kpoints cube for 3D system--> gapshape3D  
k3D_start : -0.0000 -0.0000 -0.0000
The 1st vector:   1.0000  0.0000  0.0000
The 2nd vector:   0.0000  1.0000  0.0000
The 3rd vector:   0.0000  0.0000  1.0000
kCubeVolume:   1.9206
Origin_cell%ReciprocalCellVolume:   1.9206
  
  
 >> Using default parameters for Kpoint_3D
>> k points  0.0000 0.0000 0.0000 in unit of reciprocal primitive cell
>> k points  0.0000 0.0000 0.0000 in Cartesian coordinates
  
 >> Using default parameters for effective mass calculation
 >> Effective mass calculation parameters  
>> The    17'th band
>> k step  0.0100 in unit of 1/Angstrom
>> k points  0.0000 0.0000 0.0000 in unit of reciprocal primitive cell
>> k points  0.0000 0.0000 0.0000 in unit of 1/Angstrom
  
 >> We use the default values for k3points_pointmode_direct=[0,0,0]
 >> and Nk3_point_mode = 1
  
 >> We use the default values for Single_KPOINT_2D_DIRECT=[0,0]
  
 >> We use the default values for Single_KPOINT_3D_DIRECT=[0,0,0]
 >> Output all atoms weight for surface state spectrum
 > NtopAtoms           12
> TopAtoms 
     1     2     3     4     5     6     7     8     9    10
    11    12
> NbottomAtoms         12
> BottomAtoms 
     1     2     3     4     5     6     7     8     9    10
    11    12
 > NtopOrbitals           36
> TopOrbitals 
     1     2     3     4     5     6     7     8     9    10
    11    12    13    14    15    16    17    18    19    20
    21    22    23    24    25    26    27    28    29    30
    31    32    33    34    35    36
> NBottomOrbitals   36
> BottomOrbitals 
     1     2     3     4     5     6     7     8     9    10
    11    12    13    14    15    16    17    18    19    20
    21    22    23    24    25    26    27    28    29    30
    31    32    33    34    35    36
  
 >> We do not calculate chirality for nodal lines
  
 We found WEYL_CHIRALITY card
 
Weyl point positions
        kx        ky        kz        k1        k2        k3
   0.24608   0.62277   0.58178   0.19405   0.50000   0.47846
   0.53278   0.62277   0.33789   0.42014   0.50000   0.27788
   0.53128   0.49225   0.31929   0.41895   0.39521   0.26258
   0.08087  -0.00000   0.15737   0.06377  -0.00000   0.12942
 
  
  
>> There are    1 groups of SelectedAtoms
Group :   1
>> Number of atoms selected        12
>> Selected atoms are
    1  Hf            2  Hf            3  Hf            4  Hf            5  O             6  O             7  O             8  O             9  O            10  O         
   11  O            12  O         
  
>> There are   1 groups of SelectedOrbitals
 >> SelectedOrbitals
>> Number of orbitals selected (exclude spin degenarcy)        36
>> Orbitals are
       1       2       3       4       5       6       7       8       9      10      11      12
      13      14      15      16      17      18      19      20      21      22      23      24
      25      26      27      28      29      30      31      32      33      34      35      36
  
 We found SELECTED_OCCUPIED_BANDS card
  
 >> SELECTED_OCCUPIED_BANDS
>> Number of Occupied bands selected         17
>> OccupiedBand indices are
     1     2     3     4     5     6     7     8     9    10    11    12
    13    14    15    16    17
  
  
 >> SELECTEDBANDS
>> Number of bands selected         36
>> Band indices are
     1     2     3     4     5     6     7     8     9    10    11    12
    13    14    15    16    17    18    19    20    21    22    23    24
    25    26    27    28    29    30    31    32    33    34    35    36
  
  
 We found LOTO_DT card for LOTO correction
Diele_tensor(1,:)     5.20733     0.00000     0.00000
Diele_tensor(2,:)     0.00000     5.00133     0.00000
Diele_tensor(3,:)     0.00000     0.00000     5.00153
  
 We found LOTO_BC card for LOTO correction
Born_Charge for atom   1  Hf    
     5.43624     0.16371    -0.36570
     0.23525     4.99480    -0.03756
    -0.00806     0.04824     5.18942
Born_Charge for atom   2  Hf    
     5.43624     0.16371     0.36570
     0.23525     4.99480     0.03756
     0.00806    -0.04824     5.18942
Born_Charge for atom   3  Hf    
     5.43624    -0.16371     0.36570
    -0.23525     4.99480    -0.03756
     0.00806     0.04824     5.18942
Born_Charge for atom   4  Hf    
     5.43624    -0.16371    -0.36570
    -0.23525     4.99480     0.03756
    -0.00806    -0.04824     5.18942
Born_Charge for atom   5  O     
    -2.93626     0.67242     0.76807
     0.61908    -2.46927     0.31658
     0.97088     0.31715    -2.50764
Born_Charge for atom   6  O     
    -2.93626     0.67242    -0.76807
     0.61908    -2.46927    -0.31658
    -0.97088    -0.31715    -2.50764
Born_Charge for atom   7  O     
    -2.49999    -0.14438    -0.08146
    -0.10338    -2.52553    -0.29892
    -0.14655    -0.26595    -2.68178
Born_Charge for atom   8  O     
    -2.49999    -0.14438     0.08146
    -0.10338    -2.52553     0.29892
     0.14655     0.26595    -2.68178
Born_Charge for atom   9  O     
    -2.49999     0.14438    -0.08146
     0.10338    -2.52553     0.29892
    -0.14655     0.26595    -2.68178
Born_Charge for atom  10  O     
    -2.49999     0.14438     0.08146
     0.10338    -2.52553    -0.29892
     0.14655    -0.26595    -2.68178
Born_Charge for atom  11  O     
    -2.93626    -0.67242    -0.76807
    -0.61908    -2.46927     0.31658
    -0.97088     0.31715    -2.50764
Born_Charge for atom  12  O     
    -2.93626    -0.67242     0.76807
    -0.61908    -2.46927    -0.31658
     0.97088    -0.31715    -2.50764
  
 We found LOTO_INTERPOLATE card for LOTO interpolation to real space
 Grid interpolation parameters:          11          11          11
 <<<Read pn.in file successfully
 Time cost for readinput is about            0.007 s
  >> Begin to read Hmn_R.data
  
>>: Center position for zero electrical potential for adding electrical field    0.500000    0.379000    0.500000
 
  Note: This is not a 2D system or E=0, so we can't add electric field.
 
 
 >> Hopping parameters in the home unit cell
 >> H00= Hmn(R=0) real part
  0.867  0.136  0.012  0.069 -0.019 -0.019 -0.065  0.009 -0.049 -0.005  0.005  0.005 -0.161 -0.167  0.337  0.021  0.006 -0.020 -0.032  0.004  0.004  0.006  0.010 -0.026 -0.026 -0.039  0.024 -0.368  0.309 -0.299  0.018 -0.021  0.033  0.018  0.006 -0.012
  0.136  0.848 -0.028 -0.011 -0.068  0.035  0.001  0.059 -0.006  0.005 -0.003 -0.003 -0.134 -0.079  0.150  0.038  0.045 -0.019 -0.011  0.021 -0.026 -0.012  0.002  0.004  0.033 -0.031  0.047  0.342 -0.383  0.267  0.019  0.011  0.031  0.011  0.015  0.006
  0.012 -0.028  0.847 -0.030  0.088 -0.057 -0.025  0.003 -0.056 -0.001 -0.001  0.002  0.307  0.241 -0.668 -0.028 -0.008 -0.016 -0.003  0.018 -0.024  0.026 -0.009  0.026  0.023 -0.039 -0.003 -0.348  0.266 -0.292 -0.002 -0.008  0.003 -0.003  0.011  0.007
  0.069 -0.011 -0.030  0.867  0.136 -0.012 -0.065 -0.037 -0.007 -0.065 -0.001 -0.025 -0.091  0.161 -0.084 -0.161 -0.167 -0.337 -0.077 -0.231 -0.272 -0.002  0.146 -0.110 -0.368  0.309  0.299 -0.145 -0.039  0.035 -0.025 -0.030 -0.037  0.007 -0.024  0.015
 -0.019 -0.068  0.088  0.136  0.848  0.028 -0.042 -0.060  0.002 -0.009  0.059 -0.003  0.236 -0.561  0.142 -0.134 -0.079 -0.150 -0.326 -0.472 -0.511  0.074 -0.174  0.106  0.342 -0.383 -0.267 -0.202 -0.238  0.207  0.007 -0.025  0.009 -0.006  0.019  0.001
 -0.019  0.035 -0.057 -0.012  0.028  0.847 -0.022 -0.004  0.067 -0.049  0.006 -0.056 -0.085  0.058 -0.111 -0.307 -0.241 -0.668 -0.253 -0.379 -0.401 -0.119  0.221 -0.287  0.348 -0.266 -0.292  0.178  0.152 -0.136  0.024  0.010 -0.010 -0.024 -0.016  0.012
 -0.065  0.001 -0.025 -0.065 -0.042 -0.022  0.867 -0.136 -0.012  0.069  0.019  0.019  0.007  0.024  0.015  0.027  0.001  0.029 -0.368 -0.309  0.299 -0.026  0.039 -0.024  0.011  0.033 -0.002 -0.002 -0.146 -0.110 -0.161  0.167 -0.337  0.021 -0.006  0.020
  0.009  0.059  0.003 -0.037 -0.060 -0.004 -0.136  0.848 -0.028  0.011 -0.068  0.035  0.006  0.019 -0.001  0.002  0.022  0.009 -0.342 -0.383  0.267 -0.033 -0.031  0.047 -0.030 -0.030 -0.031 -0.074 -0.174 -0.106  0.134 -0.079  0.150 -0.038  0.045 -0.019
 -0.049 -0.006 -0.056 -0.007  0.002  0.067 -0.012 -0.028  0.847  0.030  0.088 -0.057 -0.024  0.016  0.012 -0.024 -0.003 -0.046  0.348  0.266 -0.292 -0.023 -0.039 -0.003  0.010  0.025 -0.012 -0.119 -0.221 -0.287 -0.307  0.241 -0.668  0.028 -0.008 -0.016
 -0.005  0.005 -0.001 -0.065 -0.009 -0.049  0.069  0.011  0.030  0.867 -0.136  0.012  0.037 -0.017 -0.002  0.018  0.021  0.033 -0.145  0.039 -0.035 -0.368 -0.309 -0.299 -0.032 -0.004  0.004  0.003 -0.003  0.026 -0.091 -0.161  0.084 -0.161  0.167  0.337
  0.005 -0.003 -0.001 -0.001  0.059  0.006  0.019 -0.068  0.088 -0.136  0.848  0.028  0.002 -0.027 -0.009 -0.019  0.011 -0.031  0.202 -0.238  0.207 -0.342 -0.383 -0.267  0.011  0.021  0.026 -0.005 -0.015 -0.017 -0.236 -0.561  0.142  0.134 -0.079 -0.150
  0.005 -0.003  0.002 -0.025 -0.003 -0.056  0.019  0.035 -0.057  0.012  0.028  0.847 -0.009 -0.002  0.012 -0.002  0.008  0.003 -0.178  0.152 -0.136 -0.348 -0.266 -0.292 -0.003 -0.018 -0.024 -0.017  0.028 -0.034  0.085  0.058 -0.111  0.307 -0.241 -0.668
 -0.161 -0.134  0.307 -0.091  0.236 -0.085  0.007  0.006 -0.024  0.037  0.002 -0.009  9.583 -2.715 -3.616 -0.038  0.042  0.044 -0.564  0.176 -0.347 -0.207  0.066 -0.161 -0.063 -0.070  0.132 -1.859  0.624  0.648  0.010  0.016  0.032 -0.006 -0.012  0.040
 -0.167 -0.079  0.241  0.161 -0.561  0.058  0.024  0.019  0.016 -0.017 -0.027 -0.002 -2.715  5.038 -0.543  0.043 -0.771 -0.361  0.182 -0.015  0.153  0.240 -0.174  0.417  0.226 -0.082 -0.297  0.461  0.062 -0.191  0.019 -0.020 -0.017  0.002  0.022 -0.008
  0.337  0.150 -0.668 -0.084  0.142 -0.111  0.015 -0.001  0.012 -0.002 -0.009  0.012 -3.616 -0.543  6.969  0.076 -0.333 -0.099 -0.304  0.172 -0.445  0.051 -0.047 -0.054 -0.212  0.160  0.104  0.676 -0.254 -0.032 -0.003 -0.024  0.013 -0.010 -0.012 -0.027
  0.021  0.038 -0.028 -0.161 -0.134 -0.307  0.027  0.002 -0.024  0.018 -0.019 -0.002 -0.038  0.043  0.076  9.583 -2.715  3.616 -0.311 -0.318 -0.220 -0.057  0.081  0.089 -1.859  0.624 -0.648 -0.214 -0.061 -0.043 -0.030  0.009 -0.002  0.010 -0.019 -0.003
  0.006  0.045 -0.008 -0.167 -0.079 -0.241  0.001  0.022 -0.003  0.021  0.011  0.008  0.042 -0.771 -0.333 -2.715  5.038  0.543 -0.017 -0.196 -0.037 -0.117  0.103 -0.181  0.461  0.062  0.191 -0.141 -0.219 -0.081 -0.013 -0.001  0.009 -0.016 -0.020  0.024
 -0.020 -0.019 -0.016 -0.337 -0.150 -0.668  0.029  0.009 -0.046  0.033 -0.031  0.003  0.044 -0.361 -0.099  3.616  0.543  6.969 -0.333 -0.583 -0.473 -0.051  0.156  0.008 -0.676  0.254 -0.032 -0.031 -0.045  0.009 -0.057 -0.003  0.012  0.032  0.017  0.013
 -0.032 -0.011 -0.003 -0.077 -0.326 -0.253 -0.368 -0.342  0.348 -0.145  0.202 -0.178 -0.564  0.182 -0.304 -0.311 -0.017 -0.333  5.869  1.106  1.019  0.144 -0.149  0.116  0.086 -0.132 -0.107  0.037  0.085  0.320 -1.859 -0.461 -0.676 -0.214  0.141  0.031
  0.004  0.021  0.018 -0.231 -0.472 -0.379 -0.309 -0.383  0.266  0.039 -0.238  0.152  0.176 -0.015  0.172 -0.318 -0.196 -0.583  1.106  8.556  0.900  0.115 -1.861  0.135  0.114 -0.000  0.083  0.076  0.066 -0.039 -0.624  0.062 -0.254  0.061 -0.219 -0.045
  0.004 -0.026 -0.024 -0.272 -0.511 -0.401  0.299  0.267 -0.292 -0.035  0.207 -0.136 -0.347  0.153 -0.445 -0.220 -0.037 -0.473  1.019  0.900  7.689  0.037  0.127  0.078  0.114  0.025  0.040  0.059  0.040 -1.398 -0.648 -0.191 -0.032  0.043 -0.081  0.009
  0.006 -0.012  0.026 -0.002  0.074 -0.119 -0.026 -0.033 -0.023 -0.368 -0.342 -0.348 -0.207  0.240  0.051 -0.057 -0.117 -0.051  0.144  0.115  0.037  5.869  1.106 -1.019  0.037 -0.076  0.059  0.024  0.114 -0.087 -0.063 -0.226  0.212 -1.859 -0.461  0.676
  0.010  0.002 -0.009  0.146 -0.174  0.221  0.039 -0.031 -0.039 -0.309 -0.383 -0.266  0.066 -0.174 -0.047  0.081  0.103  0.156 -0.149 -1.861  0.127  1.106  8.556 -0.900 -0.085  0.066 -0.040 -0.037  0.036 -0.071  0.070 -0.082  0.160 -0.624  0.062  0.254
 -0.026  0.004  0.026 -0.110  0.106 -0.287 -0.024  0.047 -0.003 -0.299 -0.267 -0.292 -0.161  0.417 -0.054  0.089 -0.181  0.008  0.116  0.135  0.078 -1.019 -0.900  7.689  0.320  0.039 -1.398  0.078 -0.052  0.057 -0.132 -0.297  0.104  0.648  0.191 -0.032
 -0.026  0.033  0.023 -0.368  0.342  0.348  0.011 -0.030  0.010 -0.032  0.011 -0.003 -0.063  0.226 -0.212 -1.859  0.461 -0.676  0.086  0.114  0.114  0.037 -0.085  0.320  5.869 -1.106  1.019  0.144 -0.115 -0.037  0.061  0.011  0.029 -0.564 -0.182 -0.304
 -0.039 -0.031 -0.039  0.309 -0.383 -0.266  0.033 -0.030  0.025 -0.004  0.021 -0.018 -0.070 -0.082  0.160  0.624  0.062  0.254 -0.132 -0.000  0.025 -0.076  0.066  0.039 -1.106  8.556 -0.900  0.149 -1.861  0.127  0.040  0.056  0.042 -0.176 -0.015 -0.172
  0.024  0.047 -0.003  0.299 -0.267 -0.292 -0.002 -0.031 -0.012  0.004  0.026 -0.024  0.132 -0.297  0.104 -0.648  0.191 -0.032 -0.107  0.083  0.040  0.059 -0.040 -1.398  1.019 -0.900  7.689 -0.116  0.135  0.078  0.047 -0.014  0.061 -0.347 -0.153 -0.445
 -0.368  0.342 -0.348 -0.145 -0.202  0.178 -0.002 -0.074 -0.119  0.003 -0.005 -0.017 -1.859  0.461  0.676 -0.214 -0.141 -0.031  0.037  0.076  0.059  0.024 -0.037  0.078  0.144  0.149 -0.116  5.869 -1.106 -1.019 -0.057  0.117 -0.051 -0.130 -0.016  0.065
  0.309 -0.383  0.266 -0.039 -0.238  0.152 -0.146 -0.174 -0.221 -0.003 -0.015  0.028  0.624  0.062 -0.254 -0.061 -0.219 -0.045  0.085  0.066  0.040  0.114  0.036 -0.052 -0.115 -1.861  0.135 -1.106  8.556  0.900 -0.081  0.103 -0.156 -0.002 -0.054 -0.057
 -0.299  0.267 -0.292  0.035  0.207 -0.136 -0.110 -0.106 -0.287  0.026 -0.017 -0.034  0.648 -0.191 -0.032 -0.043 -0.081  0.009  0.320 -0.039 -1.398 -0.087 -0.071  0.057 -0.037  0.127  0.078 -1.019  0.900  7.689  0.089  0.181  0.008  0.038 -0.021 -0.088
  0.018  0.019 -0.002 -0.025  0.007  0.024 -0.161  0.134 -0.307 -0.091 -0.236  0.085  0.010  0.019 -0.003 -0.030 -0.013 -0.057 -1.859 -0.624 -0.648 -0.063  0.070 -0.132  0.061  0.040  0.047 -0.057 -0.081  0.089  9.583  2.715  3.616 -0.038 -0.042 -0.044
 -0.021  0.011 -0.008 -0.030 -0.025  0.010  0.167 -0.079  0.241 -0.161 -0.561  0.058  0.016 -0.020 -0.024  0.009 -0.001 -0.003 -0.461  0.062 -0.191 -0.226 -0.082 -0.297  0.011  0.056 -0.014  0.117  0.103  0.181  2.715  5.038 -0.543 -0.043 -0.771 -0.361
  0.033  0.031  0.003 -0.037  0.009 -0.010 -0.337  0.150 -0.668  0.084  0.142 -0.111  0.032 -0.017  0.013 -0.002  0.009  0.012 -0.676 -0.254 -0.032  0.212  0.160  0.104  0.029  0.042  0.061 -0.051 -0.156  0.008  3.616 -0.543  6.969 -0.076 -0.333 -0.099
  0.018  0.011 -0.003  0.007 -0.006 -0.024  0.021 -0.038  0.028 -0.161  0.134  0.307 -0.006  0.002 -0.010  0.010 -0.016  0.032 -0.214  0.061  0.043 -1.859 -0.624  0.648 -0.564 -0.176 -0.347 -0.130 -0.002  0.038 -0.038 -0.043 -0.076  9.583  2.715 -3.616
  0.006  0.015  0.011 -0.024  0.019 -0.016 -0.006  0.045 -0.008  0.167 -0.079 -0.241 -0.012  0.022 -0.012 -0.019 -0.020  0.017  0.141 -0.219 -0.081 -0.461  0.062  0.191 -0.182 -0.015 -0.153 -0.016 -0.054 -0.021 -0.042 -0.771 -0.333  2.715  5.038  0.543
 -0.012  0.006  0.007  0.015  0.001  0.012  0.020 -0.019 -0.016  0.337 -0.150 -0.668  0.040 -0.008 -0.027 -0.003  0.024  0.013  0.031 -0.045  0.009  0.676  0.254 -0.032 -0.304 -0.172 -0.445  0.065 -0.057 -0.088 -0.044 -0.361 -0.099 -3.616  0.543  6.969
 
 >> H00= Hmn(R=0) imaginary part
  0.000  0.000  0.000  0.000  0.000  0.000  0.000  0.000  0.000  0.000  0.000  0.000  0.000  0.000  0.000  0.000  0.000  0.000  0.000  0.000  0.000  0.000  0.000  0.000  0.000  0.000  0.000  0.000  0.000  0.000  0.000  0.000  0.000  0.000  0.000  0.000
  0.000  0.000  0.000  0.000  0.000  0.000  0.000  0.000  0.000  0.000  0.000  0.000  0.000  0.000  0.000  0.000  0.000  0.000  0.000  0.000  0.000  0.000  0.000  0.000  0.000  0.000  0.000  0.000  0.000  0.000  0.000  0.000  0.000  0.000  0.000  0.000
  0.000  0.000  0.000  0.000  0.000  0.000  0.000  0.000  0.000  0.000  0.000  0.000  0.000  0.000  0.000  0.000  0.000  0.000  0.000  0.000  0.000  0.000  0.000  0.000  0.000  0.000  0.000  0.000  0.000  0.000  0.000  0.000  0.000  0.000  0.000  0.000
  0.000  0.000  0.000  0.000  0.000  0.000  0.000  0.000  0.000  0.000  0.000  0.000  0.000  0.000  0.000  0.000  0.000  0.000  0.000  0.000  0.000  0.000  0.000  0.000  0.000  0.000  0.000  0.000  0.000  0.000  0.000  0.000  0.000  0.000  0.000  0.000
  0.000  0.000  0.000  0.000  0.000  0.000  0.000  0.000  0.000  0.000  0.000  0.000  0.000  0.000  0.000  0.000  0.000  0.000  0.000  0.000  0.000  0.000  0.000  0.000  0.000  0.000  0.000  0.000  0.000  0.000  0.000  0.000  0.000  0.000  0.000  0.000
  0.000  0.000  0.000  0.000  0.000  0.000  0.000  0.000  0.000  0.000  0.000  0.000  0.000  0.000  0.000  0.000  0.000  0.000  0.000  0.000  0.000  0.000  0.000  0.000  0.000  0.000  0.000  0.000  0.000  0.000  0.000  0.000  0.000  0.000  0.000  0.000
  0.000  0.000  0.000  0.000  0.000  0.000  0.000  0.000  0.000  0.000  0.000  0.000  0.000  0.000  0.000  0.000  0.000  0.000  0.000  0.000  0.000  0.000  0.000  0.000  0.000  0.000  0.000  0.000  0.000  0.000  0.000  0.000  0.000  0.000  0.000  0.000
  0.000  0.000  0.000  0.000  0.000  0.000  0.000  0.000  0.000  0.000  0.000  0.000  0.000  0.000  0.000  0.000  0.000  0.000  0.000  0.000  0.000  0.000  0.000  0.000  0.000  0.000  0.000  0.000  0.000  0.000  0.000  0.000  0.000  0.000  0.000  0.000
  0.000  0.000  0.000  0.000  0.000  0.000  0.000  0.000  0.000  0.000  0.000  0.000  0.000  0.000  0.000  0.000  0.000  0.000  0.000  0.000  0.000  0.000  0.000  0.000  0.000  0.000  0.000  0.000  0.000  0.000  0.000  0.000  0.000  0.000  0.000  0.000
  0.000  0.000  0.000  0.000  0.000  0.000  0.000  0.000  0.000  0.000  0.000  0.000  0.000  0.000  0.000  0.000  0.000  0.000  0.000  0.000  0.000  0.000  0.000  0.000  0.000  0.000  0.000  0.000  0.000  0.000  0.000  0.000  0.000  0.000  0.000  0.000
  0.000  0.000  0.000  0.000  0.000  0.000  0.000  0.000  0.000  0.000  0.000  0.000  0.000  0.000  0.000  0.000  0.000  0.000  0.000  0.000  0.000  0.000  0.000  0.000  0.000  0.000  0.000  0.000  0.000  0.000  0.000  0.000  0.000  0.000  0.000  0.000
  0.000  0.000  0.000  0.000  0.000  0.000  0.000  0.000  0.000  0.000  0.000  0.000  0.000  0.000  0.000  0.000  0.000  0.000  0.000  0.000  0.000  0.000  0.000  0.000  0.000  0.000  0.000  0.000  0.000  0.000  0.000  0.000  0.000  0.000  0.000  0.000
  0.000  0.000  0.000  0.000  0.000  0.000  0.000  0.000  0.000  0.000  0.000  0.000  0.000  0.000  0.000  0.000  0.000  0.000  0.000  0.000  0.000  0.000  0.000  0.000  0.000  0.000  0.000  0.000  0.000  0.000  0.000  0.000  0.000  0.000  0.000  0.000
  0.000  0.000  0.000  0.000  0.000  0.000  0.000  0.000  0.000  0.000  0.000  0.000  0.000  0.000  0.000  0.000  0.000  0.000  0.000  0.000  0.000  0.000  0.000  0.000  0.000  0.000  0.000  0.000  0.000  0.000  0.000  0.000  0.000  0.000  0.000  0.000
  0.000  0.000  0.000  0.000  0.000  0.000  0.000  0.000  0.000  0.000  0.000  0.000  0.000  0.000  0.000  0.000  0.000  0.000  0.000  0.000  0.000  0.000  0.000  0.000  0.000  0.000  0.000  0.000  0.000  0.000  0.000  0.000  0.000  0.000  0.000  0.000
  0.000  0.000  0.000  0.000  0.000  0.000  0.000  0.000  0.000  0.000  0.000  0.000  0.000  0.000  0.000  0.000  0.000  0.000  0.000  0.000  0.000  0.000  0.000  0.000  0.000  0.000  0.000  0.000  0.000  0.000  0.000  0.000  0.000  0.000  0.000  0.000
  0.000  0.000  0.000  0.000  0.000  0.000  0.000  0.000  0.000  0.000  0.000  0.000  0.000  0.000  0.000  0.000  0.000  0.000  0.000  0.000  0.000  0.000  0.000  0.000  0.000  0.000  0.000  0.000  0.000  0.000  0.000  0.000  0.000  0.000  0.000  0.000
  0.000  0.000  0.000  0.000  0.000  0.000  0.000  0.000  0.000  0.000  0.000  0.000  0.000  0.000  0.000  0.000  0.000  0.000  0.000  0.000  0.000  0.000  0.000  0.000  0.000  0.000  0.000  0.000  0.000  0.000  0.000  0.000  0.000  0.000  0.000  0.000
  0.000  0.000  0.000  0.000  0.000  0.000  0.000  0.000  0.000  0.000  0.000  0.000  0.000  0.000  0.000  0.000  0.000  0.000  0.000  0.000  0.000  0.000  0.000  0.000  0.000  0.000  0.000  0.000  0.000  0.000  0.000  0.000  0.000  0.000  0.000  0.000
  0.000  0.000  0.000  0.000  0.000  0.000  0.000  0.000  0.000  0.000  0.000  0.000  0.000  0.000  0.000  0.000  0.000  0.000  0.000  0.000  0.000  0.000  0.000  0.000  0.000  0.000  0.000  0.000  0.000  0.000  0.000  0.000  0.000  0.000  0.000  0.000
  0.000  0.000  0.000  0.000  0.000  0.000  0.000  0.000  0.000  0.000  0.000  0.000  0.000  0.000  0.000  0.000  0.000  0.000  0.000  0.000  0.000  0.000  0.000  0.000  0.000  0.000  0.000  0.000  0.000  0.000  0.000  0.000  0.000  0.000  0.000  0.000
  0.000  0.000  0.000  0.000  0.000  0.000  0.000  0.000  0.000  0.000  0.000  0.000  0.000  0.000  0.000  0.000  0.000  0.000  0.000  0.000  0.000  0.000  0.000  0.000  0.000  0.000  0.000  0.000  0.000  0.000  0.000  0.000  0.000  0.000  0.000  0.000
  0.000  0.000  0.000  0.000  0.000  0.000  0.000  0.000  0.000  0.000  0.000  0.000  0.000  0.000  0.000  0.000  0.000  0.000  0.000  0.000  0.000  0.000  0.000  0.000  0.000  0.000  0.000  0.000  0.000  0.000  0.000  0.000  0.000  0.000  0.000  0.000
  0.000  0.000  0.000  0.000  0.000  0.000  0.000  0.000  0.000  0.000  0.000  0.000  0.000  0.000  0.000  0.000  0.000  0.000  0.000  0.000  0.000  0.000  0.000  0.000  0.000  0.000  0.000  0.000  0.000  0.000  0.000  0.000  0.000  0.000  0.000  0.000
  0.000  0.000  0.000  0.000  0.000  0.000  0.000  0.000  0.000  0.000  0.000  0.000  0.000  0.000  0.000  0.000  0.000  0.000  0.000  0.000  0.000  0.000  0.000  0.000  0.000  0.000  0.000  0.000  0.000  0.000  0.000  0.000  0.000  0.000  0.000  0.000
  0.000  0.000  0.000  0.000  0.000  0.000  0.000  0.000  0.000  0.000  0.000  0.000  0.000  0.000  0.000  0.000  0.000  0.000  0.000  0.000  0.000  0.000  0.000  0.000  0.000  0.000  0.000  0.000  0.000  0.000  0.000  0.000  0.000  0.000  0.000  0.000
  0.000  0.000  0.000  0.000  0.000  0.000  0.000  0.000  0.000  0.000  0.000  0.000  0.000  0.000  0.000  0.000  0.000  0.000  0.000  0.000  0.000  0.000  0.000  0.000  0.000  0.000  0.000  0.000  0.000  0.000  0.000  0.000  0.000  0.000  0.000  0.000
  0.000  0.000  0.000  0.000  0.000  0.000  0.000  0.000  0.000  0.000  0.000  0.000  0.000  0.000  0.000  0.000  0.000  0.000  0.000  0.000  0.000  0.000  0.000  0.000  0.000  0.000  0.000  0.000  0.000  0.000  0.000  0.000  0.000  0.000  0.000  0.000
  0.000  0.000  0.000  0.000  0.000  0.000  0.000  0.000  0.000  0.000  0.000  0.000  0.000  0.000  0.000  0.000  0.000  0.000  0.000  0.000  0.000  0.000  0.000  0.000  0.000  0.000  0.000  0.000  0.000  0.000  0.000  0.000  0.000  0.000  0.000  0.000
  0.000  0.000  0.000  0.000  0.000  0.000  0.000  0.000  0.000  0.000  0.000  0.000  0.000  0.000  0.000  0.000  0.000  0.000  0.000  0.000  0.000  0.000  0.000  0.000  0.000  0.000  0.000  0.000  0.000  0.000  0.000  0.000  0.000  0.000  0.000  0.000
  0.000  0.000  0.000  0.000  0.000  0.000  0.000  0.000  0.000  0.000  0.000  0.000  0.000  0.000  0.000  0.000  0.000  0.000  0.000  0.000  0.000  0.000  0.000  0.000  0.000  0.000  0.000  0.000  0.000  0.000  0.000  0.000  0.000  0.000  0.000  0.000
  0.000  0.000  0.000  0.000  0.000  0.000  0.000  0.000  0.000  0.000  0.000  0.000  0.000  0.000  0.000  0.000  0.000  0.000  0.000  0.000  0.000  0.000  0.000  0.000  0.000  0.000  0.000  0.000  0.000  0.000  0.000  0.000  0.000  0.000  0.000  0.000
  0.000  0.000  0.000  0.000  0.000  0.000  0.000  0.000  0.000  0.000  0.000  0.000  0.000  0.000  0.000  0.000  0.000  0.000  0.000  0.000  0.000  0.000  0.000  0.000  0.000  0.000  0.000  0.000  0.000  0.000  0.000  0.000  0.000  0.000  0.000  0.000
  0.000  0.000  0.000  0.000  0.000  0.000  0.000  0.000  0.000  0.000  0.000  0.000  0.000  0.000  0.000  0.000  0.000  0.000  0.000  0.000  0.000  0.000  0.000  0.000  0.000  0.000  0.000  0.000  0.000  0.000  0.000  0.000  0.000  0.000  0.000  0.000
  0.000  0.000  0.000  0.000  0.000  0.000  0.000  0.000  0.000  0.000  0.000  0.000  0.000  0.000  0.000  0.000  0.000  0.000  0.000  0.000  0.000  0.000  0.000  0.000  0.000  0.000  0.000  0.000  0.000  0.000  0.000  0.000  0.000  0.000  0.000  0.000
  0.000  0.000  0.000  0.000  0.000  0.000  0.000  0.000  0.000  0.000  0.000  0.000  0.000  0.000  0.000  0.000  0.000  0.000  0.000  0.000  0.000  0.000  0.000  0.000  0.000  0.000  0.000  0.000  0.000  0.000  0.000  0.000  0.000  0.000  0.000  0.000
 
  << Read Hmn_R.data successfully
  
 >> Start of chirality of Weyl points calculating
 
>> We are calculation the chirality of the   1'th Weyl point
>> k (Cartesian coordinates):     0.130218    0.329553    0.307867
  Wilson loop ik, Nk           1          50
  Wilson loop ik, Nk           2          50
  Wilson loop ik, Nk           3          50
  Wilson loop ik, Nk           4          50
  Wilson loop ik, Nk           5          50
  Wilson loop ik, Nk           6          50
  Wilson loop ik, Nk           7          50
  Wilson loop ik, Nk           8          50
  Wilson loop ik, Nk           9          50
  Wilson loop ik, Nk          10          50
  Wilson loop ik, Nk          11          50
  Wilson loop ik, Nk          12          50
  Wilson loop ik, Nk          13          50
  Wilson loop ik, Nk          14          50
  Wilson loop ik, Nk          15          50
  Wilson loop ik, Nk          16          50
  Wilson loop ik, Nk          17          50
  Wilson loop ik, Nk          18          50
  Wilson loop ik, Nk          19          50
  Wilson loop ik, Nk          20          50
  Wilson loop ik, Nk          21          50
  Wilson loop ik, Nk          22          50
  Wilson loop ik, Nk          23          50
  Wilson loop ik, Nk          24          50
  Wilson loop ik, Nk          25          50
  Wilson loop ik, Nk          26          50
  Wilson loop ik, Nk          27          50
  Wilson loop ik, Nk          28          50
  Wilson loop ik, Nk          29          50
  Wilson loop ik, Nk          30          50
  Wilson loop ik, Nk          31          50
  Wilson loop ik, Nk          32          50
  Wilson loop ik, Nk          33          50
  Wilson loop ik, Nk          34          50
  Wilson loop ik, Nk          35          50
  Wilson loop ik, Nk          36          50
  Wilson loop ik, Nk          37          50
  Wilson loop ik, Nk          38          50
  Wilson loop ik, Nk          39          50
  Wilson loop ik, Nk          40          50
  Wilson loop ik, Nk          41          50
  Wilson loop ik, Nk          42          50
  Wilson loop ik, Nk          43          50
  Wilson loop ik, Nk          44          50
  Wilson loop ik, Nk          45          50
  Wilson loop ik, Nk          46          50
  Wilson loop ik, Nk          47          50
  Wilson loop ik, Nk          48          50
  Wilson loop ik, Nk          49          50
  Wilson loop ik, Nk          50          50
 
>> We are calculation the chirality of the   2'th Weyl point
>> k (Cartesian coordinates):     0.281937    0.329554    0.178802
  Wilson loop ik, Nk           1          50
  Wilson loop ik, Nk           2          50
  Wilson loop ik, Nk           3          50
  Wilson loop ik, Nk           4          50
  Wilson loop ik, Nk           5          50
  Wilson loop ik, Nk           6          50
  Wilson loop ik, Nk           7          50
  Wilson loop ik, Nk           8          50
  Wilson loop ik, Nk           9          50
  Wilson loop ik, Nk          10          50
  Wilson loop ik, Nk          11          50
  Wilson loop ik, Nk          12          50
  Wilson loop ik, Nk          13          50
  Wilson loop ik, Nk          14          50
  Wilson loop ik, Nk          15          50
  Wilson loop ik, Nk          16          50
  Wilson loop ik, Nk          17          50
  Wilson loop ik, Nk          18          50
  Wilson loop ik, Nk          19          50
  Wilson loop ik, Nk          20          50
  Wilson loop ik, Nk          21          50
  Wilson loop ik, Nk          22          50
  Wilson loop ik, Nk          23          50
  Wilson loop ik, Nk          24          50
  Wilson loop ik, Nk          25          50
  Wilson loop ik, Nk          26          50
  Wilson loop ik, Nk          27          50
  Wilson loop ik, Nk          28          50
  Wilson loop ik, Nk          29          50
  Wilson loop ik, Nk          30          50
  Wilson loop ik, Nk          31          50
  Wilson loop ik, Nk          32          50
  Wilson loop ik, Nk          33          50
  Wilson loop ik, Nk          34          50
  Wilson loop ik, Nk          35          50
  Wilson loop ik, Nk          36          50
  Wilson loop ik, Nk          37          50
  Wilson loop ik, Nk          38          50
  Wilson loop ik, Nk          39          50
  Wilson loop ik, Nk          40          50
  Wilson loop ik, Nk          41          50
  Wilson loop ik, Nk          42          50
  Wilson loop ik, Nk          43          50
  Wilson loop ik, Nk          44          50
  Wilson loop ik, Nk          45          50
  Wilson loop ik, Nk          46          50
  Wilson loop ik, Nk          47          50
  Wilson loop ik, Nk          48          50
  Wilson loop ik, Nk          49          50
  Wilson loop ik, Nk          50          50
 
>> We are calculation the chirality of the   3'th Weyl point
>> k (Cartesian coordinates):     0.281139    0.260485    0.168962
  Wilson loop ik, Nk           1          50
  Wilson loop ik, Nk           2          50
  Wilson loop ik, Nk           3          50
  Wilson loop ik, Nk           4          50
  Wilson loop ik, Nk           5          50
  Wilson loop ik, Nk           6          50
  Wilson loop ik, Nk           7          50
  Wilson loop ik, Nk           8          50
  Wilson loop ik, Nk           9          50
  Wilson loop ik, Nk          10          50
  Wilson loop ik, Nk          11          50
  Wilson loop ik, Nk          12          50
  Wilson loop ik, Nk          13          50
  Wilson loop ik, Nk          14          50
  Wilson loop ik, Nk          15          50
  Wilson loop ik, Nk          16          50
  Wilson loop ik, Nk          17          50
  Wilson loop ik, Nk          18          50
  Wilson loop ik, Nk          19          50
  Wilson loop ik, Nk          20          50
  Wilson loop ik, Nk          21          50
  Wilson loop ik, Nk          22          50
  Wilson loop ik, Nk          23          50
  Wilson loop ik, Nk          24          50
  Wilson loop ik, Nk          25          50
  Wilson loop ik, Nk          26          50
  Wilson loop ik, Nk          27          50
  Wilson loop ik, Nk          28          50
  Wilson loop ik, Nk          29          50
  Wilson loop ik, Nk          30          50
  Wilson loop ik, Nk          31          50
  Wilson loop ik, Nk          32          50
  Wilson loop ik, Nk          33          50
  Wilson loop ik, Nk          34          50
  Wilson loop ik, Nk          35          50
  Wilson loop ik, Nk          36          50
  Wilson loop ik, Nk          37          50
  Wilson loop ik, Nk          38          50
  Wilson loop ik, Nk          39          50
  Wilson loop ik, Nk          40          50
  Wilson loop ik, Nk          41          50
  Wilson loop ik, Nk          42          50
  Wilson loop ik, Nk          43          50
  Wilson loop ik, Nk          44          50
  Wilson loop ik, Nk          45          50
  Wilson loop ik, Nk          46          50
  Wilson loop ik, Nk          47          50
  Wilson loop ik, Nk          48          50
  Wilson loop ik, Nk          49          50
  Wilson loop ik, Nk          50          50
 
>> We are calculation the chirality of the   4'th Weyl point
>> k (Cartesian coordinates):     0.042795   -0.000000    0.083275
  Wilson loop ik, Nk           1          50
  Wilson loop ik, Nk           2          50
  Wilson loop ik, Nk           3          50
  Wilson loop ik, Nk           4          50
  Wilson loop ik, Nk           5          50
  Wilson loop ik, Nk           6          50
  Wilson loop ik, Nk           7          50
  Wilson loop ik, Nk           8          50
  Wilson loop ik, Nk           9          50
  Wilson loop ik, Nk          10          50
  Wilson loop ik, Nk          11          50
  Wilson loop ik, Nk          12          50
  Wilson loop ik, Nk          13          50
  Wilson loop ik, Nk          14          50
  Wilson loop ik, Nk          15          50
  Wilson loop ik, Nk          16          50
  Wilson loop ik, Nk          17          50
  Wilson loop ik, Nk          18          50
  Wilson loop ik, Nk          19          50
  Wilson loop ik, Nk          20          50
  Wilson loop ik, Nk          21          50
  Wilson loop ik, Nk          22          50
  Wilson loop ik, Nk          23          50
  Wilson loop ik, Nk          24          50
  Wilson loop ik, Nk          25          50
  Wilson loop ik, Nk          26          50
  Wilson loop ik, Nk          27          50
  Wilson loop ik, Nk          28          50
  Wilson loop ik, Nk          29          50
  Wilson loop ik, Nk          30          50
  Wilson loop ik, Nk          31          50
  Wilson loop ik, Nk          32          50
  Wilson loop ik, Nk          33          50
  Wilson loop ik, Nk          34          50
  Wilson loop ik, Nk          35          50
  Wilson loop ik, Nk          36          50
  Wilson loop ik, Nk          37          50
  Wilson loop ik, Nk          38          50
  Wilson loop ik, Nk          39          50
  Wilson loop ik, Nk          40          50
  Wilson loop ik, Nk          41          50
  Wilson loop ik, Nk          42          50
  Wilson loop ik, Nk          43          50
  Wilson loop ik, Nk          44          50
  Wilson loop ik, Nk          45          50
  Wilson loop ik, Nk          46          50
  Wilson loop ik, Nk          47          50
  Wilson loop ik, Nk          48          50
  Wilson loop ik, Nk          49          50
  Wilson loop ik, Nk          50          50
Chiralities
#      k1        k2        k3        kx        ky        kz      Chirality
   0.19405   0.50000   0.47846   0.24608   0.62277   0.58178       0
   0.42014   0.50000   0.27788   0.53278   0.62277   0.33789       0
   0.41895   0.39521   0.26258   0.53128   0.49225   0.31929       1
   0.06377  -0.00000   0.12942   0.08087  -0.00000   0.15737      -1
 Time cost for WeylChirality_calc is about           63.656 s
 << End of chirality of Weyl points calculating
  
 Time cost for whole program is about           63.850 s
  
  
  =======================================================================
  Hurray! I finished running!
  Check the rest of the output files to see the results.
  If you think everything is correct and you want to use it for any 
  publication, please acknowledge and cite this program as:
  
  Loren ipsum dolor sit amet
  name name name name
  where and when
  doi
  
  If you saw any bug or anything odd during execution,        
  report it at fballestermacia@gmail.com or on github                 
  Thank you for using Simphony!           
  
  ''And then there's quantum, of course.'  The monk sighed. 
  'There's always bloody quantum.'' - Sir Terry Pratchett, Night Watch
  =======================================================================
